<html>
<body>
<pre>
<h1>µVision Build Log</h1>
<h2>Tool Versions:</h2>
IDE-Version: ¦ÌVision V5.24.2.0
Copyright (C) 2017 ARM Ltd and ARM Germany GmbH. All rights reserved.
License Information: 1 1, 1, LIC=PE7DL-0H8KI-X7VRZ-JIUDB-KRD7X-IZXUI
 
Tool Versions:
Toolchain:       MDK-ARM Plus  Version: 5.24.1
Toolchain Path:  C:\Program Files (x86)\K51\ARM\ARMCC\Bin
C Compiler:      Armcc.exe V5.06 update 5 (build 528)
Assembler:       Armasm.exe V5.06 update 5 (build 528)
Linker/Locator:  ArmLink.exe V5.06 update 5 (build 528)
Library Manager: ArmAr.exe V5.06 update 5 (build 528)
Hex Converter:   FromElf.exe V5.06 update 5 (build 528)
CPU DLL:         SARMCM3.DLL V5.24.1
Dialog DLL:      DCM.DLL V1.16.0.0
Target DLL:      CMSIS_AGDI.dll V1.28.3.0
Dialog DLL:      TCM.DLL V1.32.0.0
 
<h2>Project:</h2>
C:\Users\dragon\Desktop\PRO\TFT_LCD\lcd\Project.uvprojx
Project File Date:  07/15/2022

<h2>Output:</h2>
*** Using Compiler 'V5.06 update 5 (build 528)', folder: 'C:\Program Files (x86)\K51\ARM\ARMCC\Bin'
Rebuild target 'Target 1'
compiling dev_sdram.c...
compiling dev_sdio.c...
compiling dev_rtc.c...
compiling dev_systick.c...
compiling dev_lcd.c...
compiling dev_spiflash.c...
app\bsp\dev_spiflash.c(316): warning:  #177-D: function "spi_flash_waitfor_write_end"  was declared but never referenced
  void spi_flash_waitfor_write_end(void)
app\bsp\dev_spiflash.c(352): warning:  #177-D: function "spi_flash_read_id_device"  was declared but never referenced
  uint32_t spi_flash_read_id_device(void)
app\bsp\dev_spiflash.c(373): warning:  #177-D: function "spi_flash_read_id"  was declared but never referenced
  uint32_t spi_flash_read_id(void)
app\bsp\dev_spiflash.c: 3 warnings, 0 errors
compiling main.c...
app\main.c(13): warning:  #177-D: variable "str_Hi"  was declared but never referenced
  	char str_Hi[] = "Hi from Synwit\r\n";
app\main.c: 1 warning, 0 errors
compiling lv_debug.c...
compiling lv_disp.c...
compiling lv_group.c...
compiling dev_uart.c...
compiling lv_indev.c...
compiling lv_style.c...
compiling lv_obj.c...
compiling dev_touch.c...
app\bsp\dev_touch.c(42): warning:  #550-D: variable "res"  was set but never used
      uint8_t res = 0;
app\bsp\dev_touch.c(68): warning:  #550-D: variable "res"  was set but never used
      uint8_t res = 0;
app\bsp\dev_touch.c: 2 warnings, 0 errors
compiling lv_refr.c...
compiling lv_draw.c...
compiling lv_draw_arc.c...
compiling lv_draw_img.c...
compiling lv_draw_basic.c...
compiling lv_draw_label.c...
compiling lv_draw_line.c...
compiling lv_draw_triangle.c...
compiling lv_draw_rect.c...
compiling lv_font.c...
compiling lv_img_cache.c...
compiling lv_img_decoder.c...
compiling lv_font_roboto_12.c...
compiling lv_font_fmt_txt.c...
compiling lv_font_roboto_12_subpx.c...
compiling lv_font_roboto_16.c...
compiling lv_font_roboto_22.c...
compiling lv_hal_disp.c...
compiling lv_font_roboto_28.c...
compiling lv_hal_indev.c...
compiling lv_font_unscii_8.c...
compiling lv_font_roboto_28_compressed.c...
compiling lv_hal_tick.c...
compiling lv_anim.c...
compiling lv_area.c...
compiling lv_async.c...
compiling lv_bidi.c...
compiling lv_circ.c...
compiling lv_color.c...
compiling lv_fs.c...
compiling lv_gc.c...
compiling lv_ll.c...
compiling lv_math.c...
compiling lv_log.c...
compiling lv_templ.c...
compiling lv_printf.c...
compiling lv_mem.c...
compiling lv_task.c...
compiling lv_utils.c...
compiling lv_txt.c...
compiling lv_arc.c...
compiling lv_bar.c...
compiling lv_btn.c...
compiling lv_btnm.c...
compiling lv_cb.c...
compiling lv_canvas.c...
compiling lv_calendar.c...
compiling lv_chart.c...
compiling lv_cont.c...
compiling lv_gauge.c...
compiling lv_ddlist.c...
compiling lv_imgbtn.c...
compiling lv_img.c...
compiling lv_kb.c...
compiling lv_label.c...
compiling lv_cpicker.c...
lvgl\lvgl\src\lv_objx\lv_cpicker.c(396): warning:  #111-D: statement is unreachable
      return NULL;
lvgl\lvgl\src\lv_objx\lv_cpicker.c: 1 warning, 0 errors
compiling lv_led.c...
compiling lv_objx_templ.c...
compiling lv_list.c...
compiling lv_line.c...
compiling lv_lmeter.c...
compiling lv_mbox.c...
compiling lv_page.c...
compiling lv_preload.c...
compiling lv_spinbox.c...
compiling lv_sw.c...
compiling lv_roller.c...
compiling lv_slider.c...
compiling lv_table.c...
compiling lv_ta.c...
compiling lv_tabview.c...
compiling lv_theme.c...
compiling lv_theme_alien.c...
compiling lv_theme_default.c...
compiling lv_theme_material.c...
compiling lv_win.c...
compiling lv_tileview.c...
compiling lv_theme_mono.c...
compiling lv_theme_nemo.c...
compiling lv_theme_zen.c...
compiling lv_theme_night.c...
compiling lv_theme_templ.c...
compiling ffunicode.c...
compiling lv_port_indev.c...
compiling ff.c...
compiling LCD_TL021WC02.c...
compiling lv_port_disp.c...
compiling LCD_TL040WVS3.c...
compiling diskio.c...
compiling TP_CST826.c...
app\bsp\IC_COG_TP\TP_CST826.c(20): warning:  #177-D: function "touch_write_regs"  was declared but never referenced
  static uint32_t touch_write_regs(uint16_t reg, uint8_t *buf, uint8_t len)
app\bsp\IC_COG_TP\TP_CST826.c: 1 warning, 0 errors
compiling SWM320_crc.c...
compiling SWM320_can.c...
compiling SWM320_dma.c...
compiling SWM320_adc.c...
compiling TP_GT911.c...
compiling TP_FT6336.c...
app\bsp\IC_COG_TP\TP_FT6336.c(28): warning:  #177-D: function "touch_write_regs"  was declared but never referenced
  static uint32_t touch_write_regs(uint16_t reg, uint8_t *buf, uint8_t len)
app\bsp\IC_COG_TP\TP_FT6336.c: 1 warning, 0 errors
compiling SWM320_exti.c...
compiling SWM320_flash.c...
compiling SWM320_i2c.c...
compiling SWM320_gpio.c...
compiling SWM320_lcd.c...
compiling SWM320_norflash.c...
compiling SWM320_port.c...
compiling SWM320_pwm.c...
compiling SWM320_rtc.c...
compiling SWM320_sdram.c...
compiling SWM320_spi.c...
compiling SWM320_sdio.c...
compiling SWM320_timr.c...
compiling SWM320_sram.c...
compiling SWM320_wdt.c...
assembling startup_SWM320.s...
compiling SWM320_uart.c...
compiling system_SWM320.c...
linking...
Program Size: Code=6916 RO-data=400 RW-data=20 ZI-data=524148  
".\Objects\Project.axf" - 0 Error(s), 9 Warning(s).

<h2>Software Packages used:</h2>

Package Vendor: ARM
                http://www.keil.com/pack/ARM.CMSIS.5.0.1.pack
                ARM.CMSIS.5.0.1
                CMSIS (Cortex Microcontroller Software Interface Standard)
   * Component: DSP Version: 1.5.1
   * Component: CORE Version: 5.0.1

Package Vendor: Synwit
                http://www.synwit.com/pack/Synwit.SWM32_DFP.1.20.1.pack
                Synwit.SWM32_DFP.1.20.1
                Synwit 32bit MCU Device Support
   * Component: Startup Version: 1.6.0
   * Component: WDT Version: 1.6.0
   * Component: UART Version: 1.6.0
   * Component: Timer Version: 1.6.0
   * Component: SRAM Version: 1.6.0
   * Component: SPI Version: 1.6.0
   * Component: SDRAM Version: 1.6.0
   * Component: SDIO Version: 1.6.0
   * Component: RTC Version: 1.6.0
   * Component: PWM Version: 1.6.0
   * Component: PORT Version: 1.6.0
   * Component: NOR-Flash Version: 1.6.0
   * Component: LCD Version: 1.6.0
   * Component: I2C Version: 1.6.0
   * Component: GPIO Version: 1.6.0
   * Component: FLASH Version: 1.6.0
   * Component: EXTI Version: 1.6.0
   * Component: DMA Version: 1.6.0
   * Component: CRC Version: 1.6.0
   * Component: CAN Version: 1.6.0
   * Component: ADC Version: 1.6.0

<h2>Collection of Component include folders:</h2>
  .\RTE\_Target_1
  C:\Program Files (x86)\K51\ARM\PACK\ARM\CMSIS\5.0.1\CMSIS\Include
  C:\Program Files (x86)\K51\ARM\PACK\Synwit\SWM32_DFP\1.20.1\CSL\SWM320\CMSIS\DeviceSupport
  C:\Program Files (x86)\K51\ARM\PACK\Synwit\SWM32_DFP\1.20.1\CSL\SWM320\SWM320_StdPeriph_Driver

<h2>Collection of Component Files used:</h2>

   * Component: Synwit::Device:Startup:1.6.0
      Source file:   CSL\SWM320\CMSIS\DeviceSupport\startup\arm\startup_SWM320.s
      Source file:   CSL\SWM320\CMSIS\DeviceSupport\system_SWM320.c

   * Component: Synwit::Device:Driver:WDT:1.6.0
      Include file:  CSL\SWM320\SWM320_StdPeriph_Driver\SWM320_wdt.h
      Source file:   CSL\SWM320\SWM320_StdPeriph_Driver\SWM320_wdt.c

   * Component: Synwit::Device:Driver:UART:1.6.0
      Include file:  CSL\SWM320\SWM320_StdPeriph_Driver\SWM320_uart.h
      Source file:   CSL\SWM320\SWM320_StdPeriph_Driver\SWM320_uart.c

   * Component: Synwit::Device:Driver:Timer:1.6.0
      Include file:  CSL\SWM320\SWM320_StdPeriph_Driver\SWM320_timr.h
      Source file:   CSL\SWM320\SWM320_StdPeriph_Driver\SWM320_timr.c

   * Component: Synwit::Device:Driver:SRAM:1.6.0
      Include file:  CSL\SWM320\SWM320_StdPeriph_Driver\SWM320_sram.h
      Source file:   CSL\SWM320\SWM320_StdPeriph_Driver\SWM320_sram.c

   * Component: Synwit::Device:Driver:SPI:1.6.0
      Include file:  CSL\SWM320\SWM320_StdPeriph_Driver\SWM320_spi.h
      Source file:   CSL\SWM320\SWM320_StdPeriph_Driver\SWM320_spi.c

   * Component: Synwit::Device:Driver:SDRAM:1.6.0
      Include file:  CSL\SWM320\SWM320_StdPeriph_Driver\SWM320_sdram.h
      Source file:   CSL\SWM320\SWM320_StdPeriph_Driver\SWM320_sdram.c

   * Component: Synwit::Device:Driver:SDIO:1.6.0
      Source file:   CSL\SWM320\SWM320_StdPeriph_Driver\SWM320_sdio.c
      Include file:  CSL\SWM320\SWM320_StdPeriph_Driver\SWM320_sdio.h

   * Component: Synwit::Device:Driver:RTC:1.6.0
      Include file:  CSL\SWM320\SWM320_StdPeriph_Driver\SWM320_rtc.h
      Source file:   CSL\SWM320\SWM320_StdPeriph_Driver\SWM320_rtc.c

   * Component: Synwit::Device:Driver:PWM:1.6.0
      Source file:   CSL\SWM320\SWM320_StdPeriph_Driver\SWM320_pwm.c
      Include file:  CSL\SWM320\SWM320_StdPeriph_Driver\SWM320_pwm.h

   * Component: Synwit::Device:Driver:PORT:1.6.0
      Include file:  CSL\SWM320\SWM320_StdPeriph_Driver\SWM320_port.h
      Source file:   CSL\SWM320\SWM320_StdPeriph_Driver\SWM320_port.c

   * Component: Synwit::Device:Driver:NOR-Flash:1.6.0
      Source file:   CSL\SWM320\SWM320_StdPeriph_Driver\SWM320_norflash.c
      Include file:  CSL\SWM320\SWM320_StdPeriph_Driver\SWM320_norflash.h

   * Component: Synwit::Device:Driver:LCD:1.6.0
      Include file:  CSL\SWM320\SWM320_StdPeriph_Driver\SWM320_lcd.h
      Source file:   CSL\SWM320\SWM320_StdPeriph_Driver\SWM320_lcd.c

   * Component: Synwit::Device:Driver:I2C:1.6.0
      Source file:   CSL\SWM320\SWM320_StdPeriph_Driver\SWM320_i2c.c
      Include file:  CSL\SWM320\SWM320_StdPeriph_Driver\SWM320_i2c.h

   * Component: Synwit::Device:Driver:GPIO:1.6.0
      Source file:   CSL\SWM320\SWM320_StdPeriph_Driver\SWM320_gpio.c
      Include file:  CSL\SWM320\SWM320_StdPeriph_Driver\SWM320_gpio.h

   * Component: Synwit::Device:Driver:FLASH:1.6.0
      Source file:   CSL\SWM320\SWM320_StdPeriph_Driver\SWM320_flash.c
      Include file:  CSL\SWM320\SWM320_StdPeriph_Driver\SWM320_flash.h

   * Component: Synwit::Device:Driver:EXTI:1.6.0
      Include file:  CSL\SWM320\SWM320_StdPeriph_Driver\SWM320_exti.h
      Source file:   CSL\SWM320\SWM320_StdPeriph_Driver\SWM320_exti.c

   * Component: Synwit::Device:Driver:DMA:1.6.0
      Include file:  CSL\SWM320\SWM320_StdPeriph_Driver\SWM320_dma.h
      Source file:   CSL\SWM320\SWM320_StdPeriph_Driver\SWM320_dma.c

   * Component: Synwit::Device:Driver:CRC:1.6.0
      Include file:  CSL\SWM320\SWM320_StdPeriph_Driver\SWM320_crc.h
      Source file:   CSL\SWM320\SWM320_StdPeriph_Driver\SWM320_crc.c

   * Component: Synwit::Device:Driver:CAN:1.6.0
      Source file:   CSL\SWM320\SWM320_StdPeriph_Driver\SWM320_can.c
      Include file:  CSL\SWM320\SWM320_StdPeriph_Driver\SWM320_can.h

   * Component: Synwit::Device:Driver:ADC:1.6.0
      Source file:   CSL\SWM320\SWM320_StdPeriph_Driver\SWM320_adc.c
      Include file:  CSL\SWM320\SWM320_StdPeriph_Driver\SWM320_adc.h

   * Component: ARM::CMSIS:DSP:1.5.1
      Library file:  CMSIS\Lib\ARM\arm_cortexM4l_math.lib
      Include file:  CMSIS\Include\arm_math.h

   * Component: ARM::CMSIS:CORE:5.0.1
Build Time Elapsed:  00:00:14
</pre>
</body>
</html>
