<html>
<body>
<pre>
<h1>µVision Build Log</h1>
<h2>Tool Versions:</h2>
IDE-Version: ¦ÌVision V5.24.2.0
Copyright (C) 2017 ARM Ltd and ARM Germany GmbH. All rights reserved.
License Information: 1 1, 1, LIC=PE7DL-0H8KI-X7VRZ-JIUDB-KRD7X-IZXUI
 
Tool Versions:
Toolchain:       MDK-ARM Plus  Version: 5.24.1
Toolchain Path:  C:\Program Files (x86)\K51\ARM\ARMCC\Bin
C Compiler:      Armcc.exe V5.06 update 5 (build 528)
Assembler:       Armasm.exe V5.06 update 5 (build 528)
Linker/Locator:  ArmLink.exe V5.06 update 5 (build 528)
Library Manager: ArmAr.exe V5.06 update 5 (build 528)
Hex Converter:   FromElf.exe V5.06 update 5 (build 528)
CPU DLL:         SARMCM3.DLL V5.24.1
Dialog DLL:      DCM.DLL V1.16.0.0
Target DLL:      CMSIS_AGDI.dll V1.28.3.0
Dialog DLL:      TCM.DLL V1.32.0.0
 
<h2>Project:</h2>
C:\Users\dragon\Desktop\PRO\TFT_LCD\lcd\Project.uvprojx
Project File Date:  07/12/2022

<h2>Output:</h2>
*** Using Compiler 'V5.06 update 5 (build 528)', folder: 'C:\Program Files (x86)\K51\ARM\ARMCC\Bin'
Rebuild target 'Target 1'
compiling SWM320_dma.c...
compiling main.c...
compiling SWM320_exti.c...
compiling SWM320_flash.c...
compiling SWM320_can.c...
compiling SWM320_crc.c...
compiling SWM320_adc.c...
compiling SWM320_i2c.c...
compiling SWM320_gpio.c...
compiling SWM320_lcd.c...
compiling SWM320_norflash.c...
compiling SWM320_rtc.c...
compiling SWM320_pwm.c...
compiling SWM320_port.c...
compiling SWM320_sdio.c...
compiling SWM320_sdram.c...
compiling SWM320_spi.c...
compiling SWM320_sram.c...
assembling startup_SWM320.s...
compiling SWM320_wdt.c...
compiling SWM320_timr.c...
compiling SWM320_uart.c...
compiling system_SWM320.c...
linking...
Program Size: Code=3580 RO-data=360 RW-data=8 ZI-data=1632  
".\Objects\Project.axf" - 0 Error(s), 0 Warning(s).

<h2>Software Packages used:</h2>

Package Vendor: ARM
                http://www.keil.com/pack/ARM.CMSIS.5.0.1.pack
                ARM.CMSIS.5.0.1
                CMSIS (Cortex Microcontroller Software Interface Standard)
   * Component: DSP Version: 1.5.1
   * Component: CORE Version: 5.0.1

Package Vendor: Synwit
                http://www.synwit.com/pack/Synwit.SWM32_DFP.1.8.4.pack
                Synwit.SWM32_DFP.1.8.4
                Synwit 32bit MCU Device Support
   * Component: Startup Version: 1.6.0
   * Component: WDT Version: 1.6.0
   * Component: UART Version: 1.6.0
   * Component: Timer Version: 1.6.0
   * Component: SRAM Version: 1.6.0
   * Component: SPI Version: 1.6.0
   * Component: SDRAM Version: 1.6.0
   * Component: SDIO Version: 1.6.0
   * Component: RTC Version: 1.6.0
   * Component: PWM Version: 1.6.0
   * Component: PORT Version: 1.6.0
   * Component: NOR-Flash Version: 1.6.0
   * Component: LCD Version: 1.6.0
   * Component: I2C Version: 1.6.0
   * Component: GPIO Version: 1.6.0
   * Component: FLASH Version: 1.6.0
   * Component: EXTI Version: 1.6.0
   * Component: DMA Version: 1.6.0
   * Component: CRC Version: 1.6.0
   * Component: CAN Version: 1.6.0
   * Component: ADC Version: 1.6.0

<h2>Collection of Component include folders:</h2>
  .\RTE\_Target_1
  C:\Program Files (x86)\K51\ARM\PACK\ARM\CMSIS\5.0.1\CMSIS\Include
  C:\Program Files (x86)\K51\ARM\PACK\Synwit\SWM32_DFP\1.8.4\CSL\SWM320\CMSIS\DeviceSupport
  C:\Program Files (x86)\K51\ARM\PACK\Synwit\SWM32_DFP\1.8.4\CSL\SWM320\SWM320_StdPeriph_Driver

<h2>Collection of Component Files used:</h2>

   * Component: Synwit::Device:Startup:1.6.0
      Source file:   CSL\SWM320\CMSIS\DeviceSupport\startup\arm\startup_SWM320.s
      Source file:   CSL\SWM320\CMSIS\DeviceSupport\system_SWM320.c

   * Component: Synwit::Device:Driver:WDT:1.6.0
      Source file:   CSL\SWM320\SWM320_StdPeriph_Driver\SWM320_wdt.c
      Include file:  CSL\SWM320\SWM320_StdPeriph_Driver\SWM320_wdt.h

   * Component: Synwit::Device:Driver:UART:1.6.0
      Source file:   CSL\SWM320\SWM320_StdPeriph_Driver\SWM320_uart.c
      Include file:  CSL\SWM320\SWM320_StdPeriph_Driver\SWM320_uart.h

   * Component: Synwit::Device:Driver:Timer:1.6.0
      Source file:   CSL\SWM320\SWM320_StdPeriph_Driver\SWM320_timr.c
      Include file:  CSL\SWM320\SWM320_StdPeriph_Driver\SWM320_timr.h

   * Component: Synwit::Device:Driver:SRAM:1.6.0
      Include file:  CSL\SWM320\SWM320_StdPeriph_Driver\SWM320_sram.h
      Source file:   CSL\SWM320\SWM320_StdPeriph_Driver\SWM320_sram.c

   * Component: Synwit::Device:Driver:SPI:1.6.0
      Include file:  CSL\SWM320\SWM320_StdPeriph_Driver\SWM320_spi.h
      Source file:   CSL\SWM320\SWM320_StdPeriph_Driver\SWM320_spi.c

   * Component: Synwit::Device:Driver:SDRAM:1.6.0
      Source file:   CSL\SWM320\SWM320_StdPeriph_Driver\SWM320_sdram.c
      Include file:  CSL\SWM320\SWM320_StdPeriph_Driver\SWM320_sdram.h

   * Component: Synwit::Device:Driver:SDIO:1.6.0
      Source file:   CSL\SWM320\SWM320_StdPeriph_Driver\SWM320_sdio.c
      Include file:  CSL\SWM320\SWM320_StdPeriph_Driver\SWM320_sdio.h

   * Component: Synwit::Device:Driver:RTC:1.6.0
      Source file:   CSL\SWM320\SWM320_StdPeriph_Driver\SWM320_rtc.c
      Include file:  CSL\SWM320\SWM320_StdPeriph_Driver\SWM320_rtc.h

   * Component: Synwit::Device:Driver:PWM:1.6.0
      Source file:   CSL\SWM320\SWM320_StdPeriph_Driver\SWM320_pwm.c
      Include file:  CSL\SWM320\SWM320_StdPeriph_Driver\SWM320_pwm.h

   * Component: Synwit::Device:Driver:PORT:1.6.0
      Include file:  CSL\SWM320\SWM320_StdPeriph_Driver\SWM320_port.h
      Source file:   CSL\SWM320\SWM320_StdPeriph_Driver\SWM320_port.c

   * Component: Synwit::Device:Driver:NOR-Flash:1.6.0
      Include file:  CSL\SWM320\SWM320_StdPeriph_Driver\SWM320_norflash.h
      Source file:   CSL\SWM320\SWM320_StdPeriph_Driver\SWM320_norflash.c

   * Component: Synwit::Device:Driver:LCD:1.6.0
      Include file:  CSL\SWM320\SWM320_StdPeriph_Driver\SWM320_lcd.h
      Source file:   CSL\SWM320\SWM320_StdPeriph_Driver\SWM320_lcd.c

   * Component: Synwit::Device:Driver:I2C:1.6.0
      Source file:   CSL\SWM320\SWM320_StdPeriph_Driver\SWM320_i2c.c
      Include file:  CSL\SWM320\SWM320_StdPeriph_Driver\SWM320_i2c.h

   * Component: Synwit::Device:Driver:GPIO:1.6.0
      Source file:   CSL\SWM320\SWM320_StdPeriph_Driver\SWM320_gpio.c
      Include file:  CSL\SWM320\SWM320_StdPeriph_Driver\SWM320_gpio.h

   * Component: Synwit::Device:Driver:FLASH:1.6.0
      Source file:   CSL\SWM320\SWM320_StdPeriph_Driver\SWM320_flash.c
      Include file:  CSL\SWM320\SWM320_StdPeriph_Driver\SWM320_flash.h

   * Component: Synwit::Device:Driver:EXTI:1.6.0
      Include file:  CSL\SWM320\SWM320_StdPeriph_Driver\SWM320_exti.h
      Source file:   CSL\SWM320\SWM320_StdPeriph_Driver\SWM320_exti.c

   * Component: Synwit::Device:Driver:DMA:1.6.0
      Source file:   CSL\SWM320\SWM320_StdPeriph_Driver\SWM320_dma.c
      Include file:  CSL\SWM320\SWM320_StdPeriph_Driver\SWM320_dma.h

   * Component: Synwit::Device:Driver:CRC:1.6.0
      Include file:  CSL\SWM320\SWM320_StdPeriph_Driver\SWM320_crc.h
      Source file:   CSL\SWM320\SWM320_StdPeriph_Driver\SWM320_crc.c

   * Component: Synwit::Device:Driver:CAN:1.6.0
      Include file:  CSL\SWM320\SWM320_StdPeriph_Driver\SWM320_can.h
      Source file:   CSL\SWM320\SWM320_StdPeriph_Driver\SWM320_can.c

   * Component: Synwit::Device:Driver:ADC:1.6.0
      Source file:   CSL\SWM320\SWM320_StdPeriph_Driver\SWM320_adc.c
      Include file:  CSL\SWM320\SWM320_StdPeriph_Driver\SWM320_adc.h

   * Component: ARM::CMSIS:DSP:1.5.1
      Library file:  CMSIS\Lib\ARM\arm_cortexM4l_math.lib
      Include file:  CMSIS\Include\arm_math.h

   * Component: ARM::CMSIS:CORE:5.0.1
Build Time Elapsed:  00:00:05
</pre>
</body>
</html>
