Component: ARM Compiler 5.06 update 5 (build 528) Tool: armlink [4d35e2]

==============================================================================

Section Cross References

    main.o(i.main) refers to system_swm320.o(i.SystemInit) for SystemInit
    main.o(i.main) refers to swm320_gpio.o(i.GPIO_Init) for GPIO_Init
    main.o(i.main) refers to swm320_gpio.o(i.GPIO_GetBit) for GPIO_GetBit
    main.o(i.main) refers to swm320_gpio.o(i.GPIO_SetBit) for GPIO_SetBit
    main.o(i.main) refers to swm320_gpio.o(i.GPIO_ClrBit) for GPIO_ClrBit
    swm320_adc.o(i.ADC_Init) refers to swm320_adc.o(i.ADC_Close) for ADC_Close
    swm320_adc.o(i.ADC_Init) refers to system_swm320.o(i.PLLInit) for PLLInit
    swm320_adc.o(i.ADC_Init) refers to swm320_adc.o(i.__NVIC_EnableIRQ) for __NVIC_EnableIRQ
    swm320_adc.o(i.ADC_Init) refers to swm320_adc.o(i.__NVIC_DisableIRQ) for __NVIC_DisableIRQ
    swm320_adc.o(i.ADC_IntEOCClr) refers to swm320_adc.o(i.chn2idx) for chn2idx
    swm320_adc.o(i.ADC_IntEOCDis) refers to swm320_adc.o(i.chn2idx) for chn2idx
    swm320_adc.o(i.ADC_IntEOCEn) refers to swm320_adc.o(i.chn2idx) for chn2idx
    swm320_adc.o(i.ADC_IntEOCStat) refers to swm320_adc.o(i.chn2idx) for chn2idx
    swm320_adc.o(i.ADC_IntFULLClr) refers to swm320_adc.o(i.chn2idx) for chn2idx
    swm320_adc.o(i.ADC_IntFULLDis) refers to swm320_adc.o(i.chn2idx) for chn2idx
    swm320_adc.o(i.ADC_IntFULLEn) refers to swm320_adc.o(i.chn2idx) for chn2idx
    swm320_adc.o(i.ADC_IntFULLStat) refers to swm320_adc.o(i.chn2idx) for chn2idx
    swm320_adc.o(i.ADC_IntHFULLClr) refers to swm320_adc.o(i.chn2idx) for chn2idx
    swm320_adc.o(i.ADC_IntHFULLDis) refers to swm320_adc.o(i.chn2idx) for chn2idx
    swm320_adc.o(i.ADC_IntHFULLEn) refers to swm320_adc.o(i.chn2idx) for chn2idx
    swm320_adc.o(i.ADC_IntHFULLStat) refers to swm320_adc.o(i.chn2idx) for chn2idx
    swm320_adc.o(i.ADC_IntOVFClr) refers to swm320_adc.o(i.chn2idx) for chn2idx
    swm320_adc.o(i.ADC_IntOVFDis) refers to swm320_adc.o(i.chn2idx) for chn2idx
    swm320_adc.o(i.ADC_IntOVFEn) refers to swm320_adc.o(i.chn2idx) for chn2idx
    swm320_adc.o(i.ADC_IntOVFStat) refers to swm320_adc.o(i.chn2idx) for chn2idx
    swm320_adc.o(i.ADC_IsEOC) refers to swm320_adc.o(i.chn2idx) for chn2idx
    swm320_adc.o(i.ADC_Read) refers to swm320_adc.o(i.chn2idx) for chn2idx
    swm320_can.o(i.CAN_Init) refers to swm320_can.o(i.CAN_Close) for CAN_Close
    swm320_can.o(i.CAN_Init) refers to system_swm320.o(.data) for SystemCoreClock
    swm320_can.o(i.CAN_SetBaudrate) refers to system_swm320.o(.data) for SystemCoreClock
    swm320_dma.o(i.DMA_CHM_Config) refers to swm320_dma.o(i.DMA_CH_Close) for DMA_CH_Close
    swm320_exti.o(i.EXTI_Init) refers to swm320_exti.o(i.EXTI_Close) for EXTI_Close
    swm320_gpio.o(i.GPIO_Init) refers to swm320_port.o(i.PORT_Init) for PORT_Init
    swm320_i2c.o(i.I2C_Init) refers to swm320_i2c.o(i.I2C_Close) for I2C_Close
    swm320_i2c.o(i.I2C_Init) refers to swm320_i2c.o(i.__NVIC_EnableIRQ) for __NVIC_EnableIRQ
    swm320_i2c.o(i.I2C_Init) refers to swm320_i2c.o(i.__NVIC_DisableIRQ) for __NVIC_DisableIRQ
    swm320_i2c.o(i.I2C_Init) refers to system_swm320.o(.data) for SystemCoreClock
    swm320_lcd.o(i.LCD_Init) refers to swm320_lcd.o(i.LCD_INTEn) for LCD_INTEn
    swm320_lcd.o(i.LCD_Init) refers to swm320_lcd.o(i.LCD_INTDis) for LCD_INTDis
    swm320_pwm.o(i.PWM_Init) refers to swm320_pwm.o(i.PWM_Stop) for PWM_Stop
    swm320_rtc.o(i.RTC_AlarmSetup) refers to swm320_rtc.o(i.__NVIC_EnableIRQ) for __NVIC_EnableIRQ
    swm320_rtc.o(i.RTC_Init) refers to swm320_rtc.o(i.RTC_Stop) for RTC_Stop
    swm320_rtc.o(i.RTC_Init) refers to swm320_rtc.o(i.calcWeekDay) for calcWeekDay
    swm320_rtc.o(i.RTC_Init) refers to swm320_rtc.o(i.__NVIC_EnableIRQ) for __NVIC_EnableIRQ
    swm320_rtc.o(i.calcWeekDay) refers to rt_memcpy_w.o(.text) for __aeabi_memcpy4
    swm320_rtc.o(i.calcWeekDay) refers to swm320_rtc.o(.constdata) for .constdata
    swm320_sdio.o(i.SDIO_BlockRead) refers to swm320_sdio.o(i.SDIO_SendCmd) for SDIO_SendCmd
    swm320_sdio.o(i.SDIO_BlockRead) refers to swm320_sdio.o(.bss) for SD_cardInfo
    swm320_sdio.o(i.SDIO_BlockWrite) refers to swm320_sdio.o(i.SDIO_SendCmd) for SDIO_SendCmd
    swm320_sdio.o(i.SDIO_BlockWrite) refers to swm320_sdio.o(.bss) for SD_cardInfo
    swm320_sdio.o(i.SDIO_Init) refers to swm320_sdio.o(i.calcSDCLKDiv) for calcSDCLKDiv
    swm320_sdio.o(i.SDIO_Init) refers to swm320_sdio.o(i.SDIO_SendCmd) for SDIO_SendCmd
    swm320_sdio.o(i.SDIO_Init) refers to swm320_sdio.o(i.parseCID) for parseCID
    swm320_sdio.o(i.SDIO_Init) refers to swm320_sdio.o(i.parseCSD) for parseCSD
    swm320_sdio.o(i.SDIO_Init) refers to system_swm320.o(.data) for SystemCoreClock
    swm320_sdio.o(i.SDIO_Init) refers to swm320_sdio.o(.bss) for SD_cardInfo
    swm320_sdio.o(i.calcSDCLKDiv) refers to system_swm320.o(.data) for SystemCoreClock
    swm320_sdio.o(i.parseCID) refers to swm320_sdio.o(.bss) for SD_cardInfo
    swm320_sdio.o(i.parseCSD) refers to swm320_sdio.o(.bss) for SD_cardInfo
    swm320_spi.o(i.SPI_Init) refers to swm320_spi.o(i.SPI_Close) for SPI_Close
    swm320_spi.o(i.SPI_Init) refers to swm320_spi.o(i.__NVIC_EnableIRQ) for __NVIC_EnableIRQ
    swm320_spi.o(i.SPI_Init) refers to swm320_spi.o(i.__NVIC_DisableIRQ) for __NVIC_DisableIRQ
    swm320_timr.o(i.TIMR_INTEn) refers to swm320_timr.o(i.__NVIC_EnableIRQ) for __NVIC_EnableIRQ
    swm320_timr.o(i.TIMR_Init) refers to swm320_timr.o(i.TIMR_Stop) for TIMR_Stop
    swm320_timr.o(i.TIMR_Init) refers to swm320_timr.o(i.__NVIC_EnableIRQ) for __NVIC_EnableIRQ
    swm320_uart.o(i.UART_Init) refers to swm320_uart.o(i.UART_Close) for UART_Close
    swm320_uart.o(i.UART_Init) refers to swm320_uart.o(i.__NVIC_EnableIRQ) for __NVIC_EnableIRQ
    swm320_uart.o(i.UART_Init) refers to swm320_uart.o(i.__NVIC_DisableIRQ) for __NVIC_DisableIRQ
    swm320_uart.o(i.UART_Init) refers to system_swm320.o(.data) for SystemCoreClock
    swm320_uart.o(i.UART_SetBaudrate) refers to system_swm320.o(.data) for SystemCoreClock
    swm320_wdt.o(i.WDT_Init) refers to swm320_wdt.o(i.WDT_Stop) for WDT_Stop
    startup_swm320.o(STACK) refers (Special) to heapauxi.o(.text) for __use_two_region_memory
    startup_swm320.o(HEAP) refers (Special) to heapauxi.o(.text) for __use_two_region_memory
    startup_swm320.o(RESET) refers (Special) to heapauxi.o(.text) for __use_two_region_memory
    startup_swm320.o(RESET) refers to startup_swm320.o(STACK) for __initial_sp
    startup_swm320.o(RESET) refers to startup_swm320.o(.text) for Reset_Handler
    startup_swm320.o(.text) refers (Special) to heapauxi.o(.text) for __use_two_region_memory
    startup_swm320.o(.text) refers to __main.o(!!!main) for __main
    startup_swm320.o(.text) refers to startup_swm320.o(HEAP) for Heap_Mem
    startup_swm320.o(.text) refers to startup_swm320.o(STACK) for Stack_Mem
    system_swm320.o(i.SystemCoreClockUpdate) refers to system_swm320.o(.data) for SystemCoreClock
    system_swm320.o(i.SystemInit) refers to system_swm320.o(i.switchCLK_20MHz) for switchCLK_20MHz
    system_swm320.o(i.SystemInit) refers to system_swm320.o(i.switchCLK_40MHz) for switchCLK_40MHz
    system_swm320.o(i.SystemInit) refers to system_swm320.o(i.switchCLK_32KHz) for switchCLK_32KHz
    system_swm320.o(i.SystemInit) refers to system_swm320.o(i.switchCLK_XTAL) for switchCLK_XTAL
    system_swm320.o(i.SystemInit) refers to system_swm320.o(i.switchCLK_PLL) for switchCLK_PLL
    system_swm320.o(i.SystemInit) refers to system_swm320.o(i.SystemCoreClockUpdate) for SystemCoreClockUpdate
    system_swm320.o(i.switchCLK_PLL) refers to system_swm320.o(i.PLLInit) for PLLInit
    __main.o(!!!main) refers to __rtentry.o(.ARM.Collect$$rtentry$$00000000) for __rt_entry
    __rtentry.o(.ARM.Collect$$rtentry$$00000000) refers (Special) to __rtentry2.o(.ARM.Collect$$rtentry$$0000000A) for __rt_entry_li
    __rtentry.o(.ARM.Collect$$rtentry$$00000000) refers (Special) to __rtentry2.o(.ARM.Collect$$rtentry$$0000000D) for __rt_entry_main
    __rtentry.o(.ARM.Collect$$rtentry$$00000000) refers (Special) to __rtentry2.o(.ARM.Collect$$rtentry$$0000000C) for __rt_entry_postli_1
    __rtentry.o(.ARM.Collect$$rtentry$$00000000) refers (Special) to __rtentry2.o(.ARM.Collect$$rtentry$$00000009) for __rt_entry_postsh_1
    __rtentry.o(.ARM.Collect$$rtentry$$00000000) refers (Special) to __rtentry2.o(.ARM.Collect$$rtentry$$00000002) for __rt_entry_presh_1
    __rtentry.o(.ARM.Collect$$rtentry$$00000000) refers (Special) to __rtentry4.o(.ARM.Collect$$rtentry$$00000004) for __rt_entry_sh
    __rtentry2.o(.ARM.Collect$$rtentry$$00000008) refers to boardinit2.o(.text) for _platform_post_stackheap_init
    __rtentry2.o(.ARM.Collect$$rtentry$$0000000A) refers to libinit.o(.ARM.Collect$$libinit$$00000000) for __rt_lib_init
    __rtentry2.o(.ARM.Collect$$rtentry$$0000000B) refers to boardinit3.o(.text) for _platform_post_lib_init
    __rtentry2.o(.ARM.Collect$$rtentry$$0000000D) refers to main.o(i.main) for main
    __rtentry2.o(.ARM.Collect$$rtentry$$0000000D) refers to exit.o(.text) for exit
    __rtentry2.o(.ARM.exidx) refers to __rtentry2.o(.ARM.Collect$$rtentry$$00000001) for .ARM.Collect$$rtentry$$00000001
    __rtentry2.o(.ARM.exidx) refers to __rtentry2.o(.ARM.Collect$$rtentry$$00000008) for .ARM.Collect$$rtentry$$00000008
    __rtentry2.o(.ARM.exidx) refers to __rtentry2.o(.ARM.Collect$$rtentry$$0000000A) for .ARM.Collect$$rtentry$$0000000A
    __rtentry2.o(.ARM.exidx) refers to __rtentry2.o(.ARM.Collect$$rtentry$$0000000B) for .ARM.Collect$$rtentry$$0000000B
    __rtentry2.o(.ARM.exidx) refers to __rtentry2.o(.ARM.Collect$$rtentry$$0000000D) for .ARM.Collect$$rtentry$$0000000D
    __rtentry4.o(.ARM.Collect$$rtentry$$00000004) refers to sys_stackheap_outer.o(.text) for __user_setup_stackheap
    __rtentry4.o(.ARM.exidx) refers to __rtentry4.o(.ARM.Collect$$rtentry$$00000004) for .ARM.Collect$$rtentry$$00000004
    sys_stackheap_outer.o(.text) refers to libspace.o(.text) for __user_perproc_libspace
    sys_stackheap_outer.o(.text) refers to startup_swm320.o(.text) for __user_initial_stackheap
    exit.o(.text) refers to rtexit.o(.ARM.Collect$$rtexit$$00000000) for __rt_exit
    libinit.o(.ARM.Collect$$libinit$$00000000) refers (Special) to libinit2.o(.ARM.Collect$$libinit$$0000002E) for __rt_lib_init_alloca_1
    libinit.o(.ARM.Collect$$libinit$$00000000) refers (Special) to libinit2.o(.ARM.Collect$$libinit$$0000002C) for __rt_lib_init_argv_1
    libinit.o(.ARM.Collect$$libinit$$00000000) refers (Special) to libinit2.o(.ARM.Collect$$libinit$$0000001B) for __rt_lib_init_atexit_1
    libinit.o(.ARM.Collect$$libinit$$00000000) refers (Special) to libinit2.o(.ARM.Collect$$libinit$$00000021) for __rt_lib_init_clock_1
    libinit.o(.ARM.Collect$$libinit$$00000000) refers (Special) to libinit2.o(.ARM.Collect$$libinit$$00000032) for __rt_lib_init_cpp_1
    libinit.o(.ARM.Collect$$libinit$$00000000) refers (Special) to libinit2.o(.ARM.Collect$$libinit$$00000030) for __rt_lib_init_exceptions_1
    libinit.o(.ARM.Collect$$libinit$$00000000) refers (Special) to libinit2.o(.ARM.Collect$$libinit$$00000002) for __rt_lib_init_fp_1
    libinit.o(.ARM.Collect$$libinit$$00000000) refers (Special) to libinit2.o(.ARM.Collect$$libinit$$0000001F) for __rt_lib_init_fp_trap_1
    libinit.o(.ARM.Collect$$libinit$$00000000) refers (Special) to libinit2.o(.ARM.Collect$$libinit$$00000023) for __rt_lib_init_getenv_1
    libinit.o(.ARM.Collect$$libinit$$00000000) refers (Special) to libinit2.o(.ARM.Collect$$libinit$$0000000A) for __rt_lib_init_heap_1
    libinit.o(.ARM.Collect$$libinit$$00000000) refers (Special) to libinit2.o(.ARM.Collect$$libinit$$00000011) for __rt_lib_init_lc_collate_1
    libinit.o(.ARM.Collect$$libinit$$00000000) refers (Special) to libinit2.o(.ARM.Collect$$libinit$$00000013) for __rt_lib_init_lc_ctype_1
    libinit.o(.ARM.Collect$$libinit$$00000000) refers (Special) to libinit2.o(.ARM.Collect$$libinit$$00000015) for __rt_lib_init_lc_monetary_1
    libinit.o(.ARM.Collect$$libinit$$00000000) refers (Special) to libinit2.o(.ARM.Collect$$libinit$$00000017) for __rt_lib_init_lc_numeric_1
    libinit.o(.ARM.Collect$$libinit$$00000000) refers (Special) to libinit2.o(.ARM.Collect$$libinit$$00000019) for __rt_lib_init_lc_time_1
    libinit.o(.ARM.Collect$$libinit$$00000000) refers (Special) to libinit2.o(.ARM.Collect$$libinit$$00000004) for __rt_lib_init_preinit_1
    libinit.o(.ARM.Collect$$libinit$$00000000) refers (Special) to libinit2.o(.ARM.Collect$$libinit$$0000000E) for __rt_lib_init_rand_1
    libinit.o(.ARM.Collect$$libinit$$00000000) refers (Special) to libinit2.o(.ARM.Collect$$libinit$$00000033) for __rt_lib_init_return
    libinit.o(.ARM.Collect$$libinit$$00000000) refers (Special) to libinit2.o(.ARM.Collect$$libinit$$0000001D) for __rt_lib_init_signal_1
    libinit.o(.ARM.Collect$$libinit$$00000000) refers (Special) to libinit2.o(.ARM.Collect$$libinit$$00000025) for __rt_lib_init_stdio_1
    libinit.o(.ARM.Collect$$libinit$$00000000) refers (Special) to libinit2.o(.ARM.Collect$$libinit$$0000000C) for __rt_lib_init_user_alloc_1
    libspace.o(.text) refers to libspace.o(.bss) for __libspace_start
    rtexit.o(.ARM.Collect$$rtexit$$00000000) refers (Special) to rtexit2.o(.ARM.Collect$$rtexit$$00000004) for __rt_exit_exit
    rtexit.o(.ARM.Collect$$rtexit$$00000000) refers (Special) to rtexit2.o(.ARM.Collect$$rtexit$$00000003) for __rt_exit_ls
    rtexit.o(.ARM.Collect$$rtexit$$00000000) refers (Special) to rtexit2.o(.ARM.Collect$$rtexit$$00000002) for __rt_exit_prels_1
    rtexit.o(.ARM.exidx) refers (Special) to rtexit2.o(.ARM.Collect$$rtexit$$00000004) for __rt_exit_exit
    rtexit.o(.ARM.exidx) refers (Special) to rtexit2.o(.ARM.Collect$$rtexit$$00000003) for __rt_exit_ls
    rtexit.o(.ARM.exidx) refers (Special) to rtexit2.o(.ARM.Collect$$rtexit$$00000002) for __rt_exit_prels_1
    rtexit.o(.ARM.exidx) refers to rtexit.o(.ARM.Collect$$rtexit$$00000000) for .ARM.Collect$$rtexit$$00000000
    libinit2.o(.ARM.Collect$$libinit$$00000010) refers to libinit2.o(.ARM.Collect$$libinit$$0000000F) for .ARM.Collect$$libinit$$0000000F
    libinit2.o(.ARM.Collect$$libinit$$00000012) refers to libinit2.o(.ARM.Collect$$libinit$$0000000F) for .ARM.Collect$$libinit$$0000000F
    libinit2.o(.ARM.Collect$$libinit$$00000014) refers to libinit2.o(.ARM.Collect$$libinit$$0000000F) for .ARM.Collect$$libinit$$0000000F
    libinit2.o(.ARM.Collect$$libinit$$00000016) refers to libinit2.o(.ARM.Collect$$libinit$$0000000F) for .ARM.Collect$$libinit$$0000000F
    libinit2.o(.ARM.Collect$$libinit$$00000018) refers to libinit2.o(.ARM.Collect$$libinit$$0000000F) for .ARM.Collect$$libinit$$0000000F
    libinit2.o(.ARM.Collect$$libinit$$00000026) refers to argv_veneer.o(.emb_text) for __ARM_argv_veneer
    libinit2.o(.ARM.Collect$$libinit$$00000027) refers to argv_veneer.o(.emb_text) for __ARM_argv_veneer
    rtexit2.o(.ARM.Collect$$rtexit$$00000003) refers to libshutdown.o(.ARM.Collect$$libshutdown$$00000000) for __rt_lib_shutdown
    rtexit2.o(.ARM.Collect$$rtexit$$00000004) refers to sys_exit.o(.text) for _sys_exit
    rtexit2.o(.ARM.exidx) refers to rtexit2.o(.ARM.Collect$$rtexit$$00000001) for .ARM.Collect$$rtexit$$00000001
    rtexit2.o(.ARM.exidx) refers to rtexit2.o(.ARM.Collect$$rtexit$$00000003) for .ARM.Collect$$rtexit$$00000003
    rtexit2.o(.ARM.exidx) refers to rtexit2.o(.ARM.Collect$$rtexit$$00000004) for .ARM.Collect$$rtexit$$00000004
    argv_veneer.o(.emb_text) refers to no_argv.o(.text) for __ARM_get_argv
    sys_exit.o(.text) refers (Special) to use_no_semi.o(.text) for __I$use$semihosting
    sys_exit.o(.text) refers (Special) to indicate_semi.o(.text) for __semihosting_library_function
    _get_argv_nomalloc.o(.text) refers (Special) to hrguard.o(.text) for __heap_region$guard
    _get_argv_nomalloc.o(.text) refers to defsig_rtmem_outer.o(.text) for __rt_SIGRTMEM
    _get_argv_nomalloc.o(.text) refers to sys_command.o(.text) for _sys_command_string
    libshutdown.o(.ARM.Collect$$libshutdown$$00000000) refers (Special) to libshutdown2.o(.ARM.Collect$$libshutdown$$00000002) for __rt_lib_shutdown_cpp_1
    libshutdown.o(.ARM.Collect$$libshutdown$$00000000) refers (Special) to libshutdown2.o(.ARM.Collect$$libshutdown$$00000007) for __rt_lib_shutdown_fp_trap_1
    libshutdown.o(.ARM.Collect$$libshutdown$$00000000) refers (Special) to libshutdown2.o(.ARM.Collect$$libshutdown$$0000000F) for __rt_lib_shutdown_heap_1
    libshutdown.o(.ARM.Collect$$libshutdown$$00000000) refers (Special) to libshutdown2.o(.ARM.Collect$$libshutdown$$00000010) for __rt_lib_shutdown_return
    libshutdown.o(.ARM.Collect$$libshutdown$$00000000) refers (Special) to libshutdown2.o(.ARM.Collect$$libshutdown$$0000000A) for __rt_lib_shutdown_signal_1
    libshutdown.o(.ARM.Collect$$libshutdown$$00000000) refers (Special) to libshutdown2.o(.ARM.Collect$$libshutdown$$00000004) for __rt_lib_shutdown_stdio_1
    libshutdown.o(.ARM.Collect$$libshutdown$$00000000) refers (Special) to libshutdown2.o(.ARM.Collect$$libshutdown$$0000000C) for __rt_lib_shutdown_user_alloc_1
    sys_command.o(.text) refers (Special) to use_no_semi.o(.text) for __I$use$semihosting
    sys_command.o(.text) refers (Special) to indicate_semi.o(.text) for __semihosting_library_function
    defsig_rtmem_outer.o(.text) refers to defsig_rtmem_inner.o(.text) for __rt_SIGRTMEM_inner
    defsig_rtmem_outer.o(.text) refers to defsig_exit.o(.text) for __sig_exit
    defsig_rtmem_formal.o(.text) refers to rt_raise.o(.text) for __rt_raise
    rt_raise.o(.text) refers to __raise.o(.text) for __raise
    rt_raise.o(.text) refers to sys_exit.o(.text) for _sys_exit
    defsig_exit.o(.text) refers to sys_exit.o(.text) for _sys_exit
    defsig_rtmem_inner.o(.text) refers to defsig_general.o(.text) for __default_signal_display
    __raise.o(.text) refers to defsig.o(CL$$defsig) for __default_signal_handler
    defsig_general.o(.text) refers to sys_wrch.o(.text) for _ttywrch
    sys_wrch.o(.text) refers (Special) to use_no_semi.o(.text) for __I$use$semihosting
    sys_wrch.o(.text) refers (Special) to indicate_semi.o(.text) for __semihosting_library_function
    defsig.o(CL$$defsig) refers to defsig_rtmem_inner.o(.text) for __rt_SIGRTMEM_inner
    defsig_abrt_inner.o(.text) refers to defsig_general.o(.text) for __default_signal_display
    defsig_fpe_inner.o(.text) refers to defsig_general.o(.text) for __default_signal_display
    defsig_rtred_inner.o(.text) refers to defsig_general.o(.text) for __default_signal_display
    defsig_stak_inner.o(.text) refers to defsig_general.o(.text) for __default_signal_display
    defsig_pvfn_inner.o(.text) refers to defsig_general.o(.text) for __default_signal_display
    defsig_cppl_inner.o(.text) refers to defsig_general.o(.text) for __default_signal_display
    defsig_segv_inner.o(.text) refers to defsig_general.o(.text) for __default_signal_display
    defsig_other.o(.text) refers to defsig_general.o(.text) for __default_signal_display


==============================================================================

Removing Unused input sections from the image.

    Removing main.o(.rev16_text), (4 bytes).
    Removing main.o(.revsh_text), (4 bytes).
    Removing main.o(.rrx_text), (6 bytes).
    Removing swm320_adc.o(.rev16_text), (4 bytes).
    Removing swm320_adc.o(.revsh_text), (4 bytes).
    Removing swm320_adc.o(.rrx_text), (6 bytes).
    Removing swm320_adc.o(i.ADC_ChnSelect), (16 bytes).
    Removing swm320_adc.o(i.ADC_Close), (10 bytes).
    Removing swm320_adc.o(i.ADC_Init), (748 bytes).
    Removing swm320_adc.o(i.ADC_IntEOCClr), (24 bytes).
    Removing swm320_adc.o(i.ADC_IntEOCDis), (28 bytes).
    Removing swm320_adc.o(i.ADC_IntEOCEn), (28 bytes).
    Removing swm320_adc.o(i.ADC_IntEOCStat), (34 bytes).
    Removing swm320_adc.o(i.ADC_IntFULLClr), (28 bytes).
    Removing swm320_adc.o(i.ADC_IntFULLDis), (32 bytes).
    Removing swm320_adc.o(i.ADC_IntFULLEn), (32 bytes).
    Removing swm320_adc.o(i.ADC_IntFULLStat), (38 bytes).
    Removing swm320_adc.o(i.ADC_IntHFULLClr), (28 bytes).
    Removing swm320_adc.o(i.ADC_IntHFULLDis), (32 bytes).
    Removing swm320_adc.o(i.ADC_IntHFULLEn), (32 bytes).
    Removing swm320_adc.o(i.ADC_IntHFULLStat), (38 bytes).
    Removing swm320_adc.o(i.ADC_IntOVFClr), (26 bytes).
    Removing swm320_adc.o(i.ADC_IntOVFDis), (30 bytes).
    Removing swm320_adc.o(i.ADC_IntOVFEn), (30 bytes).
    Removing swm320_adc.o(i.ADC_IntOVFStat), (36 bytes).
    Removing swm320_adc.o(i.ADC_IsEOC), (30 bytes).
    Removing swm320_adc.o(i.ADC_Open), (10 bytes).
    Removing swm320_adc.o(i.ADC_Read), (46 bytes).
    Removing swm320_adc.o(i.ADC_Start), (10 bytes).
    Removing swm320_adc.o(i.ADC_Stop), (10 bytes).
    Removing swm320_adc.o(i.__NVIC_DisableIRQ), (60 bytes).
    Removing swm320_adc.o(i.__NVIC_EnableIRQ), (26 bytes).
    Removing swm320_adc.o(i.chn2idx), (78 bytes).
    Removing swm320_can.o(.rev16_text), (4 bytes).
    Removing swm320_can.o(.revsh_text), (4 bytes).
    Removing swm320_can.o(.rrx_text), (6 bytes).
    Removing swm320_can.o(i.CAN_AbortTransmit), (6 bytes).
    Removing swm320_can.o(i.CAN_Close), (10 bytes).
    Removing swm320_can.o(i.CAN_INTArbitrLostDis), (10 bytes).
    Removing swm320_can.o(i.CAN_INTArbitrLostEn), (10 bytes).
    Removing swm320_can.o(i.CAN_INTArbitrLostStat), (10 bytes).
    Removing swm320_can.o(i.CAN_INTBusErrorDis), (10 bytes).
    Removing swm320_can.o(i.CAN_INTBusErrorEn), (10 bytes).
    Removing swm320_can.o(i.CAN_INTBusErrorStat), (10 bytes).
    Removing swm320_can.o(i.CAN_INTErrPassiveDis), (10 bytes).
    Removing swm320_can.o(i.CAN_INTErrPassiveEn), (10 bytes).
    Removing swm320_can.o(i.CAN_INTErrPassiveStat), (10 bytes).
    Removing swm320_can.o(i.CAN_INTErrWarningDis), (10 bytes).
    Removing swm320_can.o(i.CAN_INTErrWarningEn), (10 bytes).
    Removing swm320_can.o(i.CAN_INTErrWarningStat), (10 bytes).
    Removing swm320_can.o(i.CAN_INTRXNotEmptyDis), (10 bytes).
    Removing swm320_can.o(i.CAN_INTRXNotEmptyEn), (10 bytes).
    Removing swm320_can.o(i.CAN_INTRXNotEmptyStat), (10 bytes).
    Removing swm320_can.o(i.CAN_INTRXOverflowClear), (6 bytes).
    Removing swm320_can.o(i.CAN_INTRXOverflowDis), (10 bytes).
    Removing swm320_can.o(i.CAN_INTRXOverflowEn), (10 bytes).
    Removing swm320_can.o(i.CAN_INTRXOverflowStat), (10 bytes).
    Removing swm320_can.o(i.CAN_INTTXBufEmptyDis), (10 bytes).
    Removing swm320_can.o(i.CAN_INTTXBufEmptyEn), (10 bytes).
    Removing swm320_can.o(i.CAN_INTTXBufEmptyStat), (10 bytes).
    Removing swm320_can.o(i.CAN_INTWakeupDis), (10 bytes).
    Removing swm320_can.o(i.CAN_INTWakeupEn), (10 bytes).
    Removing swm320_can.o(i.CAN_INTWakeupStat), (10 bytes).
    Removing swm320_can.o(i.CAN_Init), (316 bytes).
    Removing swm320_can.o(i.CAN_Open), (10 bytes).
    Removing swm320_can.o(i.CAN_RXDataAvailable), (10 bytes).
    Removing swm320_can.o(i.CAN_Receive), (130 bytes).
    Removing swm320_can.o(i.CAN_SetBaudrate), (44 bytes).
    Removing swm320_can.o(i.CAN_SetFilter16b), (50 bytes).
    Removing swm320_can.o(i.CAN_SetFilter32b), (60 bytes).
    Removing swm320_can.o(i.CAN_TXBufferReady), (10 bytes).
    Removing swm320_can.o(i.CAN_TXComplete), (10 bytes).
    Removing swm320_can.o(i.CAN_TXSuccess), (10 bytes).
    Removing swm320_can.o(i.CAN_Transmit), (152 bytes).
    Removing swm320_can.o(i.CAN_TransmitRequest), (52 bytes).
    Removing swm320_crc.o(.rev16_text), (4 bytes).
    Removing swm320_crc.o(.revsh_text), (4 bytes).
    Removing swm320_crc.o(.rrx_text), (6 bytes).
    Removing swm320_crc.o(i.CRC_Init), (56 bytes).
    Removing swm320_dma.o(.rev16_text), (4 bytes).
    Removing swm320_dma.o(.revsh_text), (4 bytes).
    Removing swm320_dma.o(.rrx_text), (6 bytes).
    Removing swm320_dma.o(i.DMA_CHM_Config), (184 bytes).
    Removing swm320_dma.o(i.DMA_CH_Close), (28 bytes).
    Removing swm320_dma.o(i.DMA_CH_INTClr), (16 bytes).
    Removing swm320_dma.o(i.DMA_CH_INTDis), (20 bytes).
    Removing swm320_dma.o(i.DMA_CH_INTEn), (20 bytes).
    Removing swm320_dma.o(i.DMA_CH_INTStat), (28 bytes).
    Removing swm320_dma.o(i.DMA_CH_Open), (28 bytes).
    Removing swm320_exti.o(.rev16_text), (4 bytes).
    Removing swm320_exti.o(.revsh_text), (4 bytes).
    Removing swm320_exti.o(.rrx_text), (6 bytes).
    Removing swm320_exti.o(i.EXTI_Clear), (8 bytes).
    Removing swm320_exti.o(i.EXTI_Close), (12 bytes).
    Removing swm320_exti.o(i.EXTI_Init), (136 bytes).
    Removing swm320_exti.o(i.EXTI_Open), (12 bytes).
    Removing swm320_exti.o(i.EXTI_RawState), (12 bytes).
    Removing swm320_exti.o(i.EXTI_State), (12 bytes).
    Removing swm320_flash.o(.rev16_text), (4 bytes).
    Removing swm320_flash.o(.revsh_text), (4 bytes).
    Removing swm320_flash.o(.rrx_text), (6 bytes).
    Removing swm320_flash.o(i.FLASH_Erase), (48 bytes).
    Removing swm320_flash.o(i.FLASH_Write), (168 bytes).
    Removing swm320_flash.o(.data), (48 bytes).
    Removing swm320_gpio.o(.rev16_text), (4 bytes).
    Removing swm320_gpio.o(.revsh_text), (4 bytes).
    Removing swm320_gpio.o(.rrx_text), (6 bytes).
    Removing swm320_gpio.o(i.GPIO_AtomicClrBit), (18 bytes).
    Removing swm320_gpio.o(i.GPIO_AtomicClrBits), (30 bytes).
    Removing swm320_gpio.o(i.GPIO_AtomicInvBit), (32 bytes).
    Removing swm320_gpio.o(i.GPIO_AtomicInvBits), (30 bytes).
    Removing swm320_gpio.o(i.GPIO_AtomicSetBit), (18 bytes).
    Removing swm320_gpio.o(i.GPIO_AtomicSetBits), (30 bytes).
    Removing swm320_gpio.o(i.GPIO_ClrBits), (26 bytes).
    Removing swm320_gpio.o(i.GPIO_GetBits), (24 bytes).
    Removing swm320_gpio.o(i.GPIO_InvBit), (12 bytes).
    Removing swm320_gpio.o(i.GPIO_InvBits), (26 bytes).
    Removing swm320_gpio.o(i.GPIO_SetBits), (26 bytes).
    Removing swm320_i2c.o(.rev16_text), (4 bytes).
    Removing swm320_i2c.o(.revsh_text), (4 bytes).
    Removing swm320_i2c.o(.rrx_text), (6 bytes).
    Removing swm320_i2c.o(i.I2C_Close), (10 bytes).
    Removing swm320_i2c.o(i.I2C_Init), (420 bytes).
    Removing swm320_i2c.o(i.I2C_Open), (10 bytes).
    Removing swm320_i2c.o(i.__NVIC_DisableIRQ), (60 bytes).
    Removing swm320_i2c.o(i.__NVIC_EnableIRQ), (26 bytes).
    Removing swm320_lcd.o(.rev16_text), (4 bytes).
    Removing swm320_lcd.o(.revsh_text), (4 bytes).
    Removing swm320_lcd.o(.rrx_text), (6 bytes).
    Removing swm320_lcd.o(i.LCD_INTClr), (6 bytes).
    Removing swm320_lcd.o(i.LCD_INTDis), (6 bytes).
    Removing swm320_lcd.o(i.LCD_INTEn), (6 bytes).
    Removing swm320_lcd.o(i.LCD_INTStat), (10 bytes).
    Removing swm320_lcd.o(i.LCD_Init), (336 bytes).
    Removing swm320_lcd.o(i.LCD_IsBusy), (10 bytes).
    Removing swm320_lcd.o(i.LCD_Start), (10 bytes).
    Removing swm320_norflash.o(.rev16_text), (4 bytes).
    Removing swm320_norflash.o(.revsh_text), (4 bytes).
    Removing swm320_norflash.o(.rrx_text), (6 bytes).
    Removing swm320_norflash.o(i.NORFL_ChipErase), (66 bytes).
    Removing swm320_norflash.o(i.NORFL_Init), (196 bytes).
    Removing swm320_norflash.o(i.NORFL_Read), (24 bytes).
    Removing swm320_norflash.o(i.NORFL_ReadID), (34 bytes).
    Removing swm320_norflash.o(i.NORFL_SectorErase), (74 bytes).
    Removing swm320_norflash.o(i.NORFL_Write), (76 bytes).
    Removing swm320_port.o(.rev16_text), (4 bytes).
    Removing swm320_port.o(.revsh_text), (4 bytes).
    Removing swm320_port.o(.rrx_text), (6 bytes).
    Removing swm320_pwm.o(.rev16_text), (4 bytes).
    Removing swm320_pwm.o(.revsh_text), (4 bytes).
    Removing swm320_pwm.o(.rrx_text), (6 bytes).
    Removing swm320_pwm.o(i.PWM_GetCycle), (22 bytes).
    Removing swm320_pwm.o(i.PWM_GetDeadzone), (22 bytes).
    Removing swm320_pwm.o(i.PWM_GetHDuty), (22 bytes).
    Removing swm320_pwm.o(i.PWM_Init), (460 bytes).
    Removing swm320_pwm.o(i.PWM_IntHEndClr), (184 bytes).
    Removing swm320_pwm.o(i.PWM_IntHEndDis), (280 bytes).
    Removing swm320_pwm.o(i.PWM_IntHEndEn), (280 bytes).
    Removing swm320_pwm.o(i.PWM_IntHEndStat), (192 bytes).
    Removing swm320_pwm.o(i.PWM_IntNCycleClr), (168 bytes).
    Removing swm320_pwm.o(i.PWM_IntNCycleDis), (280 bytes).
    Removing swm320_pwm.o(i.PWM_IntNCycleEn), (280 bytes).
    Removing swm320_pwm.o(i.PWM_IntNCycleStat), (192 bytes).
    Removing swm320_pwm.o(i.PWM_SetCycle), (14 bytes).
    Removing swm320_pwm.o(i.PWM_SetDeadzone), (14 bytes).
    Removing swm320_pwm.o(i.PWM_SetHDuty), (14 bytes).
    Removing swm320_pwm.o(i.PWM_Start), (184 bytes).
    Removing swm320_pwm.o(i.PWM_Stop), (184 bytes).
    Removing swm320_rtc.o(.rev16_text), (4 bytes).
    Removing swm320_rtc.o(.revsh_text), (4 bytes).
    Removing swm320_rtc.o(.rrx_text), (6 bytes).
    Removing swm320_rtc.o(i.RTC_AlarmSetup), (84 bytes).
    Removing swm320_rtc.o(i.RTC_GetDateTime), (66 bytes).
    Removing swm320_rtc.o(i.RTC_Init), (220 bytes).
    Removing swm320_rtc.o(i.RTC_IntAlarmClr), (6 bytes).
    Removing swm320_rtc.o(i.RTC_IntAlarmDis), (10 bytes).
    Removing swm320_rtc.o(i.RTC_IntAlarmEn), (10 bytes).
    Removing swm320_rtc.o(i.RTC_IntAlarmStat), (10 bytes).
    Removing swm320_rtc.o(i.RTC_IntDateClr), (6 bytes).
    Removing swm320_rtc.o(i.RTC_IntDateDis), (10 bytes).
    Removing swm320_rtc.o(i.RTC_IntDateEn), (10 bytes).
    Removing swm320_rtc.o(i.RTC_IntDateStat), (10 bytes).
    Removing swm320_rtc.o(i.RTC_IntHourClr), (6 bytes).
    Removing swm320_rtc.o(i.RTC_IntHourDis), (10 bytes).
    Removing swm320_rtc.o(i.RTC_IntHourEn), (10 bytes).
    Removing swm320_rtc.o(i.RTC_IntHourStat), (10 bytes).
    Removing swm320_rtc.o(i.RTC_IntMinuteClr), (6 bytes).
    Removing swm320_rtc.o(i.RTC_IntMinuteDis), (10 bytes).
    Removing swm320_rtc.o(i.RTC_IntMinuteEn), (10 bytes).
    Removing swm320_rtc.o(i.RTC_IntMinuteStat), (10 bytes).
    Removing swm320_rtc.o(i.RTC_IntSecondClr), (6 bytes).
    Removing swm320_rtc.o(i.RTC_IntSecondDis), (10 bytes).
    Removing swm320_rtc.o(i.RTC_IntSecondEn), (10 bytes).
    Removing swm320_rtc.o(i.RTC_IntSecondStat), (10 bytes).
    Removing swm320_rtc.o(i.RTC_Start), (6 bytes).
    Removing swm320_rtc.o(i.RTC_Stop), (6 bytes).
    Removing swm320_rtc.o(i.__NVIC_EnableIRQ), (26 bytes).
    Removing swm320_rtc.o(i.calcWeekDay), (164 bytes).
    Removing swm320_rtc.o(.constdata), (52 bytes).
    Removing swm320_sdio.o(.rev16_text), (4 bytes).
    Removing swm320_sdio.o(.revsh_text), (4 bytes).
    Removing swm320_sdio.o(.rrx_text), (6 bytes).
    Removing swm320_sdio.o(i.SDIO_BlockRead), (116 bytes).
    Removing swm320_sdio.o(i.SDIO_BlockWrite), (124 bytes).
    Removing swm320_sdio.o(i.SDIO_Init), (592 bytes).
    Removing swm320_sdio.o(i.SDIO_SendCmd), (140 bytes).
    Removing swm320_sdio.o(i.calcSDCLKDiv), (156 bytes).
    Removing swm320_sdio.o(i.parseCID), (224 bytes).
    Removing swm320_sdio.o(i.parseCSD), (540 bytes).
    Removing swm320_sdio.o(.bss), (80 bytes).
    Removing swm320_sdram.o(.rev16_text), (4 bytes).
    Removing swm320_sdram.o(.revsh_text), (4 bytes).
    Removing swm320_sdram.o(.rrx_text), (6 bytes).
    Removing swm320_sdram.o(i.SDRAM_Init), (130 bytes).
    Removing swm320_spi.o(.rev16_text), (4 bytes).
    Removing swm320_spi.o(.revsh_text), (4 bytes).
    Removing swm320_spi.o(.rrx_text), (6 bytes).
    Removing swm320_spi.o(i.SPI_Close), (10 bytes).
    Removing swm320_spi.o(i.SPI_INTRXFullDis), (10 bytes).
    Removing swm320_spi.o(i.SPI_INTRXFullEn), (10 bytes).
    Removing swm320_spi.o(i.SPI_INTRXFullStat), (10 bytes).
    Removing swm320_spi.o(i.SPI_INTRXHalfFullDis), (10 bytes).
    Removing swm320_spi.o(i.SPI_INTRXHalfFullEn), (10 bytes).
    Removing swm320_spi.o(i.SPI_INTRXHalfFullStat), (10 bytes).
    Removing swm320_spi.o(i.SPI_INTRXOverflowClr), (6 bytes).
    Removing swm320_spi.o(i.SPI_INTRXOverflowDis), (10 bytes).
    Removing swm320_spi.o(i.SPI_INTRXOverflowEn), (10 bytes).
    Removing swm320_spi.o(i.SPI_INTRXOverflowStat), (10 bytes).
    Removing swm320_spi.o(i.SPI_INTTXCompleteClr), (8 bytes).
    Removing swm320_spi.o(i.SPI_INTTXCompleteDis), (10 bytes).
    Removing swm320_spi.o(i.SPI_INTTXCompleteEn), (10 bytes).
    Removing swm320_spi.o(i.SPI_INTTXCompleteStat), (10 bytes).
    Removing swm320_spi.o(i.SPI_INTTXEmptyDis), (10 bytes).
    Removing swm320_spi.o(i.SPI_INTTXEmptyEn), (10 bytes).
    Removing swm320_spi.o(i.SPI_INTTXEmptyStat), (10 bytes).
    Removing swm320_spi.o(i.SPI_INTTXHalfFullDis), (10 bytes).
    Removing swm320_spi.o(i.SPI_INTTXHalfFullEn), (10 bytes).
    Removing swm320_spi.o(i.SPI_INTTXHalfFullStat), (10 bytes).
    Removing swm320_spi.o(i.SPI_Init), (228 bytes).
    Removing swm320_spi.o(i.SPI_IsRXEmpty), (12 bytes).
    Removing swm320_spi.o(i.SPI_IsTXEmpty), (10 bytes).
    Removing swm320_spi.o(i.SPI_IsTXFull), (12 bytes).
    Removing swm320_spi.o(i.SPI_Open), (10 bytes).
    Removing swm320_spi.o(i.SPI_Read), (6 bytes).
    Removing swm320_spi.o(i.SPI_ReadWrite), (20 bytes).
    Removing swm320_spi.o(i.SPI_Write), (4 bytes).
    Removing swm320_spi.o(i.SPI_WriteWithWait), (24 bytes).
    Removing swm320_spi.o(i.__NVIC_DisableIRQ), (60 bytes).
    Removing swm320_spi.o(i.__NVIC_EnableIRQ), (26 bytes).
    Removing swm320_sram.o(.rev16_text), (4 bytes).
    Removing swm320_sram.o(.revsh_text), (4 bytes).
    Removing swm320_sram.o(.rrx_text), (6 bytes).
    Removing swm320_sram.o(i.SRAM_Init), (118 bytes).
    Removing swm320_timr.o(.rev16_text), (4 bytes).
    Removing swm320_timr.o(.revsh_text), (4 bytes).
    Removing swm320_timr.o(.rrx_text), (6 bytes).
    Removing swm320_timr.o(i.TIMR_GetCurValue), (6 bytes).
    Removing swm320_timr.o(i.TIMR_GetPeriod), (6 bytes).
    Removing swm320_timr.o(i.TIMR_Halt), (156 bytes).
    Removing swm320_timr.o(i.TIMR_INTClr), (108 bytes).
    Removing swm320_timr.o(i.TIMR_INTDis), (156 bytes).
    Removing swm320_timr.o(i.TIMR_INTEn), (196 bytes).
    Removing swm320_timr.o(i.TIMR_INTStat), (124 bytes).
    Removing swm320_timr.o(i.TIMR_Init), (328 bytes).
    Removing swm320_timr.o(i.TIMR_Resume), (156 bytes).
    Removing swm320_timr.o(i.TIMR_SetPeriod), (4 bytes).
    Removing swm320_timr.o(i.TIMR_Start), (10 bytes).
    Removing swm320_timr.o(i.TIMR_Stop), (10 bytes).
    Removing swm320_timr.o(i.__NVIC_EnableIRQ), (26 bytes).
    Removing swm320_uart.o(.rev16_text), (4 bytes).
    Removing swm320_uart.o(.revsh_text), (4 bytes).
    Removing swm320_uart.o(.rrx_text), (6 bytes).
    Removing swm320_uart.o(i.UART_ABRIsDone), (30 bytes).
    Removing swm320_uart.o(i.UART_ABRStart), (88 bytes).
    Removing swm320_uart.o(i.UART_CTSConfig), (22 bytes).
    Removing swm320_uart.o(i.UART_CTSLineState), (10 bytes).
    Removing swm320_uart.o(i.UART_Close), (10 bytes).
    Removing swm320_uart.o(i.UART_GetBaudrate), (10 bytes).
    Removing swm320_uart.o(i.UART_INTRXThresholdDis), (10 bytes).
    Removing swm320_uart.o(i.UART_INTRXThresholdEn), (10 bytes).
    Removing swm320_uart.o(i.UART_INTRXThresholdStat), (10 bytes).
    Removing swm320_uart.o(i.UART_INTTXDoneDis), (10 bytes).
    Removing swm320_uart.o(i.UART_INTTXDoneEn), (10 bytes).
    Removing swm320_uart.o(i.UART_INTTXDoneStat), (10 bytes).
    Removing swm320_uart.o(i.UART_INTTXThresholdDis), (10 bytes).
    Removing swm320_uart.o(i.UART_INTTXThresholdEn), (10 bytes).
    Removing swm320_uart.o(i.UART_INTTXThresholdStat), (10 bytes).
    Removing swm320_uart.o(i.UART_INTTimeoutDis), (10 bytes).
    Removing swm320_uart.o(i.UART_INTTimeoutEn), (10 bytes).
    Removing swm320_uart.o(i.UART_INTTimeoutStat), (10 bytes).
    Removing swm320_uart.o(i.UART_Init), (400 bytes).
    Removing swm320_uart.o(i.UART_IsRXFIFOEmpty), (12 bytes).
    Removing swm320_uart.o(i.UART_IsTXBusy), (14 bytes).
    Removing swm320_uart.o(i.UART_IsTXFIFOFull), (10 bytes).
    Removing swm320_uart.o(i.UART_LINConfig), (22 bytes).
    Removing swm320_uart.o(i.UART_LINGenerate), (10 bytes).
    Removing swm320_uart.o(i.UART_LINIsDetected), (10 bytes).
    Removing swm320_uart.o(i.UART_LINIsGenerated), (10 bytes).
    Removing swm320_uart.o(i.UART_Open), (10 bytes).
    Removing swm320_uart.o(i.UART_RTSConfig), (28 bytes).
    Removing swm320_uart.o(i.UART_RTSLineState), (10 bytes).
    Removing swm320_uart.o(i.UART_ReadByte), (24 bytes).
    Removing swm320_uart.o(i.UART_SetBaudrate), (32 bytes).
    Removing swm320_uart.o(i.UART_WriteByte), (4 bytes).
    Removing swm320_uart.o(i.__NVIC_DisableIRQ), (60 bytes).
    Removing swm320_uart.o(i.__NVIC_EnableIRQ), (26 bytes).
    Removing swm320_wdt.o(.rev16_text), (4 bytes).
    Removing swm320_wdt.o(.revsh_text), (4 bytes).
    Removing swm320_wdt.o(.rrx_text), (6 bytes).
    Removing swm320_wdt.o(i.WDT_Feed), (6 bytes).
    Removing swm320_wdt.o(i.WDT_GetValue), (6 bytes).
    Removing swm320_wdt.o(i.WDT_INTClr), (6 bytes).
    Removing swm320_wdt.o(i.WDT_INTStat), (6 bytes).
    Removing swm320_wdt.o(i.WDT_Init), (140 bytes).
    Removing swm320_wdt.o(i.WDT_Start), (10 bytes).
    Removing swm320_wdt.o(i.WDT_Stop), (10 bytes).
    Removing system_swm320.o(.rev16_text), (4 bytes).
    Removing system_swm320.o(.revsh_text), (4 bytes).
    Removing system_swm320.o(.rrx_text), (6 bytes).

319 unused section(s) (total 14326 bytes) removed from the image.

==============================================================================

Image Symbol Table

    Local Symbols

    Symbol Name                              Value     Ov Type        Size  Object(Section)

    RESET                                    0x00000000   Section      328  startup_swm320.o(RESET)
    ../clib/angel/boardlib.s                 0x00000000   Number         0  boardshut.o ABSOLUTE
    ../clib/angel/boardlib.s                 0x00000000   Number         0  boardinit2.o ABSOLUTE
    ../clib/angel/boardlib.s                 0x00000000   Number         0  boardinit1.o ABSOLUTE
    ../clib/angel/boardlib.s                 0x00000000   Number         0  boardinit3.o ABSOLUTE
    ../clib/angel/handlers.s                 0x00000000   Number         0  __scatter_zi.o ABSOLUTE
    ../clib/angel/handlers.s                 0x00000000   Number         0  __scatter_copy.o ABSOLUTE
    ../clib/angel/kernel.s                   0x00000000   Number         0  rtexit2.o ABSOLUTE
    ../clib/angel/kernel.s                   0x00000000   Number         0  __rtentry4.o ABSOLUTE
    ../clib/angel/kernel.s                   0x00000000   Number         0  __rtentry2.o ABSOLUTE
    ../clib/angel/kernel.s                   0x00000000   Number         0  rtexit.o ABSOLUTE
    ../clib/angel/kernel.s                   0x00000000   Number         0  __rtentry.o ABSOLUTE
    ../clib/angel/rt.s                       0x00000000   Number         0  rt_raise.o ABSOLUTE
    ../clib/angel/scatter.s                  0x00000000   Number         0  __scatter.o ABSOLUTE
    ../clib/angel/startup.s                  0x00000000   Number         0  __main.o ABSOLUTE
    ../clib/angel/sys.s                      0x00000000   Number         0  indicate_semi.o ABSOLUTE
    ../clib/angel/sys.s                      0x00000000   Number         0  libspace.o ABSOLUTE
    ../clib/angel/sys.s                      0x00000000   Number         0  use_no_semi.o ABSOLUTE
    ../clib/angel/sys.s                      0x00000000   Number         0  sys_stackheap_outer.o ABSOLUTE
    ../clib/angel/sysapp.c                   0x00000000   Number         0  sys_command.o ABSOLUTE
    ../clib/angel/sysapp.c                   0x00000000   Number         0  sys_exit.o ABSOLUTE
    ../clib/angel/sysapp.c                   0x00000000   Number         0  sys_wrch.o ABSOLUTE
    ../clib/armsys.c                         0x00000000   Number         0  _get_argv_nomalloc.o ABSOLUTE
    ../clib/armsys.c                         0x00000000   Number         0  no_argv.o ABSOLUTE
    ../clib/armsys.c                         0x00000000   Number         0  argv_veneer.o ABSOLUTE
    ../clib/armsys.c                         0x00000000   Number         0  argv_veneer.o ABSOLUTE
    ../clib/heapalloc.c                      0x00000000   Number         0  hrguard.o ABSOLUTE
    ../clib/heapaux.c                        0x00000000   Number         0  heapauxi.o ABSOLUTE
    ../clib/libinit.s                        0x00000000   Number         0  libshutdown2.o ABSOLUTE
    ../clib/libinit.s                        0x00000000   Number         0  libshutdown.o ABSOLUTE
    ../clib/libinit.s                        0x00000000   Number         0  libinit.o ABSOLUTE
    ../clib/libinit.s                        0x00000000   Number         0  libinit2.o ABSOLUTE
    ../clib/memcpset.s                       0x00000000   Number         0  rt_memcpy_w.o ABSOLUTE
    ../clib/signal.c                         0x00000000   Number         0  defsig_rtred_inner.o ABSOLUTE
    ../clib/signal.c                         0x00000000   Number         0  defsig_general.o ABSOLUTE
    ../clib/signal.c                         0x00000000   Number         0  __raise.o ABSOLUTE
    ../clib/signal.c                         0x00000000   Number         0  defsig_rtmem_inner.o ABSOLUTE
    ../clib/signal.c                         0x00000000   Number         0  defsig_exit.o ABSOLUTE
    ../clib/signal.c                         0x00000000   Number         0  defsig_abrt_inner.o ABSOLUTE
    ../clib/signal.c                         0x00000000   Number         0  defsig_fpe_inner.o ABSOLUTE
    ../clib/signal.c                         0x00000000   Number         0  defsig_stak_inner.o ABSOLUTE
    ../clib/signal.c                         0x00000000   Number         0  defsig_pvfn_inner.o ABSOLUTE
    ../clib/signal.c                         0x00000000   Number         0  defsig_cppl_inner.o ABSOLUTE
    ../clib/signal.c                         0x00000000   Number         0  defsig_segv_inner.o ABSOLUTE
    ../clib/signal.c                         0x00000000   Number         0  defsig_other.o ABSOLUTE
    ../clib/signal.c                         0x00000000   Number         0  defsig_rtmem_formal.o ABSOLUTE
    ../clib/signal.c                         0x00000000   Number         0  defsig_rtmem_outer.o ABSOLUTE
    ../clib/signal.s                         0x00000000   Number         0  defsig.o ABSOLUTE
    ../clib/stdlib.c                         0x00000000   Number         0  exit.o ABSOLUTE
    ../fplib/fpinit.s                        0x00000000   Number         0  fpinit.o ABSOLUTE
    C:\Program Files (x86)\K51\ARM\PACK\Synwit\SWM32_DFP\1.8.4\CSL\SWM320\SWM320_StdPeriph_Driver\SWM320_adc.c 0x00000000   Number         0  swm320_adc.o ABSOLUTE
    C:\Program Files (x86)\K51\ARM\PACK\Synwit\SWM32_DFP\1.8.4\CSL\SWM320\SWM320_StdPeriph_Driver\SWM320_can.c 0x00000000   Number         0  swm320_can.o ABSOLUTE
    C:\Program Files (x86)\K51\ARM\PACK\Synwit\SWM32_DFP\1.8.4\CSL\SWM320\SWM320_StdPeriph_Driver\SWM320_crc.c 0x00000000   Number         0  swm320_crc.o ABSOLUTE
    C:\Program Files (x86)\K51\ARM\PACK\Synwit\SWM32_DFP\1.8.4\CSL\SWM320\SWM320_StdPeriph_Driver\SWM320_dma.c 0x00000000   Number         0  swm320_dma.o ABSOLUTE
    C:\Program Files (x86)\K51\ARM\PACK\Synwit\SWM32_DFP\1.8.4\CSL\SWM320\SWM320_StdPeriph_Driver\SWM320_exti.c 0x00000000   Number         0  swm320_exti.o ABSOLUTE
    C:\Program Files (x86)\K51\ARM\PACK\Synwit\SWM32_DFP\1.8.4\CSL\SWM320\SWM320_StdPeriph_Driver\SWM320_flash.c 0x00000000   Number         0  swm320_flash.o ABSOLUTE
    C:\Program Files (x86)\K51\ARM\PACK\Synwit\SWM32_DFP\1.8.4\CSL\SWM320\SWM320_StdPeriph_Driver\SWM320_gpio.c 0x00000000   Number         0  swm320_gpio.o ABSOLUTE
    C:\Program Files (x86)\K51\ARM\PACK\Synwit\SWM32_DFP\1.8.4\CSL\SWM320\SWM320_StdPeriph_Driver\SWM320_i2c.c 0x00000000   Number         0  swm320_i2c.o ABSOLUTE
    C:\Program Files (x86)\K51\ARM\PACK\Synwit\SWM32_DFP\1.8.4\CSL\SWM320\SWM320_StdPeriph_Driver\SWM320_lcd.c 0x00000000   Number         0  swm320_lcd.o ABSOLUTE
    C:\Program Files (x86)\K51\ARM\PACK\Synwit\SWM32_DFP\1.8.4\CSL\SWM320\SWM320_StdPeriph_Driver\SWM320_norflash.c 0x00000000   Number         0  swm320_norflash.o ABSOLUTE
    C:\Program Files (x86)\K51\ARM\PACK\Synwit\SWM32_DFP\1.8.4\CSL\SWM320\SWM320_StdPeriph_Driver\SWM320_port.c 0x00000000   Number         0  swm320_port.o ABSOLUTE
    C:\Program Files (x86)\K51\ARM\PACK\Synwit\SWM32_DFP\1.8.4\CSL\SWM320\SWM320_StdPeriph_Driver\SWM320_pwm.c 0x00000000   Number         0  swm320_pwm.o ABSOLUTE
    C:\Program Files (x86)\K51\ARM\PACK\Synwit\SWM32_DFP\1.8.4\CSL\SWM320\SWM320_StdPeriph_Driver\SWM320_rtc.c 0x00000000   Number         0  swm320_rtc.o ABSOLUTE
    C:\Program Files (x86)\K51\ARM\PACK\Synwit\SWM32_DFP\1.8.4\CSL\SWM320\SWM320_StdPeriph_Driver\SWM320_sdio.c 0x00000000   Number         0  swm320_sdio.o ABSOLUTE
    C:\Program Files (x86)\K51\ARM\PACK\Synwit\SWM32_DFP\1.8.4\CSL\SWM320\SWM320_StdPeriph_Driver\SWM320_sdram.c 0x00000000   Number         0  swm320_sdram.o ABSOLUTE
    C:\Program Files (x86)\K51\ARM\PACK\Synwit\SWM32_DFP\1.8.4\CSL\SWM320\SWM320_StdPeriph_Driver\SWM320_spi.c 0x00000000   Number         0  swm320_spi.o ABSOLUTE
    C:\Program Files (x86)\K51\ARM\PACK\Synwit\SWM32_DFP\1.8.4\CSL\SWM320\SWM320_StdPeriph_Driver\SWM320_sram.c 0x00000000   Number         0  swm320_sram.o ABSOLUTE
    C:\Program Files (x86)\K51\ARM\PACK\Synwit\SWM32_DFP\1.8.4\CSL\SWM320\SWM320_StdPeriph_Driver\SWM320_timr.c 0x00000000   Number         0  swm320_timr.o ABSOLUTE
    C:\Program Files (x86)\K51\ARM\PACK\Synwit\SWM32_DFP\1.8.4\CSL\SWM320\SWM320_StdPeriph_Driver\SWM320_uart.c 0x00000000   Number         0  swm320_uart.o ABSOLUTE
    C:\Program Files (x86)\K51\ARM\PACK\Synwit\SWM32_DFP\1.8.4\CSL\SWM320\SWM320_StdPeriph_Driver\SWM320_wdt.c 0x00000000   Number         0  swm320_wdt.o ABSOLUTE
    C:\\Program Files (x86)\\K51\\ARM\\PACK\\Synwit\\SWM32_DFP\\1.8.4\\CSL\\SWM320\\SWM320_StdPeriph_Driver\\SWM320_adc.c 0x00000000   Number         0  swm320_adc.o ABSOLUTE
    C:\\Program Files (x86)\\K51\\ARM\\PACK\\Synwit\\SWM32_DFP\\1.8.4\\CSL\\SWM320\\SWM320_StdPeriph_Driver\\SWM320_can.c 0x00000000   Number         0  swm320_can.o ABSOLUTE
    C:\\Program Files (x86)\\K51\\ARM\\PACK\\Synwit\\SWM32_DFP\\1.8.4\\CSL\\SWM320\\SWM320_StdPeriph_Driver\\SWM320_crc.c 0x00000000   Number         0  swm320_crc.o ABSOLUTE
    C:\\Program Files (x86)\\K51\\ARM\\PACK\\Synwit\\SWM32_DFP\\1.8.4\\CSL\\SWM320\\SWM320_StdPeriph_Driver\\SWM320_dma.c 0x00000000   Number         0  swm320_dma.o ABSOLUTE
    C:\\Program Files (x86)\\K51\\ARM\\PACK\\Synwit\\SWM32_DFP\\1.8.4\\CSL\\SWM320\\SWM320_StdPeriph_Driver\\SWM320_exti.c 0x00000000   Number         0  swm320_exti.o ABSOLUTE
    C:\\Program Files (x86)\\K51\\ARM\\PACK\\Synwit\\SWM32_DFP\\1.8.4\\CSL\\SWM320\\SWM320_StdPeriph_Driver\\SWM320_flash.c 0x00000000   Number         0  swm320_flash.o ABSOLUTE
    C:\\Program Files (x86)\\K51\\ARM\\PACK\\Synwit\\SWM32_DFP\\1.8.4\\CSL\\SWM320\\SWM320_StdPeriph_Driver\\SWM320_gpio.c 0x00000000   Number         0  swm320_gpio.o ABSOLUTE
    C:\\Program Files (x86)\\K51\\ARM\\PACK\\Synwit\\SWM32_DFP\\1.8.4\\CSL\\SWM320\\SWM320_StdPeriph_Driver\\SWM320_i2c.c 0x00000000   Number         0  swm320_i2c.o ABSOLUTE
    C:\\Program Files (x86)\\K51\\ARM\\PACK\\Synwit\\SWM32_DFP\\1.8.4\\CSL\\SWM320\\SWM320_StdPeriph_Driver\\SWM320_lcd.c 0x00000000   Number         0  swm320_lcd.o ABSOLUTE
    C:\\Program Files (x86)\\K51\\ARM\\PACK\\Synwit\\SWM32_DFP\\1.8.4\\CSL\\SWM320\\SWM320_StdPeriph_Driver\\SWM320_norflash.c 0x00000000   Number         0  swm320_norflash.o ABSOLUTE
    C:\\Program Files (x86)\\K51\\ARM\\PACK\\Synwit\\SWM32_DFP\\1.8.4\\CSL\\SWM320\\SWM320_StdPeriph_Driver\\SWM320_port.c 0x00000000   Number         0  swm320_port.o ABSOLUTE
    C:\\Program Files (x86)\\K51\\ARM\\PACK\\Synwit\\SWM32_DFP\\1.8.4\\CSL\\SWM320\\SWM320_StdPeriph_Driver\\SWM320_pwm.c 0x00000000   Number         0  swm320_pwm.o ABSOLUTE
    C:\\Program Files (x86)\\K51\\ARM\\PACK\\Synwit\\SWM32_DFP\\1.8.4\\CSL\\SWM320\\SWM320_StdPeriph_Driver\\SWM320_rtc.c 0x00000000   Number         0  swm320_rtc.o ABSOLUTE
    C:\\Program Files (x86)\\K51\\ARM\\PACK\\Synwit\\SWM32_DFP\\1.8.4\\CSL\\SWM320\\SWM320_StdPeriph_Driver\\SWM320_sdio.c 0x00000000   Number         0  swm320_sdio.o ABSOLUTE
    C:\\Program Files (x86)\\K51\\ARM\\PACK\\Synwit\\SWM32_DFP\\1.8.4\\CSL\\SWM320\\SWM320_StdPeriph_Driver\\SWM320_sdram.c 0x00000000   Number         0  swm320_sdram.o ABSOLUTE
    C:\\Program Files (x86)\\K51\\ARM\\PACK\\Synwit\\SWM32_DFP\\1.8.4\\CSL\\SWM320\\SWM320_StdPeriph_Driver\\SWM320_spi.c 0x00000000   Number         0  swm320_spi.o ABSOLUTE
    C:\\Program Files (x86)\\K51\\ARM\\PACK\\Synwit\\SWM32_DFP\\1.8.4\\CSL\\SWM320\\SWM320_StdPeriph_Driver\\SWM320_sram.c 0x00000000   Number         0  swm320_sram.o ABSOLUTE
    C:\\Program Files (x86)\\K51\\ARM\\PACK\\Synwit\\SWM32_DFP\\1.8.4\\CSL\\SWM320\\SWM320_StdPeriph_Driver\\SWM320_timr.c 0x00000000   Number         0  swm320_timr.o ABSOLUTE
    C:\\Program Files (x86)\\K51\\ARM\\PACK\\Synwit\\SWM32_DFP\\1.8.4\\CSL\\SWM320\\SWM320_StdPeriph_Driver\\SWM320_uart.c 0x00000000   Number         0  swm320_uart.o ABSOLUTE
    C:\\Program Files (x86)\\K51\\ARM\\PACK\\Synwit\\SWM32_DFP\\1.8.4\\CSL\\SWM320\\SWM320_StdPeriph_Driver\\SWM320_wdt.c 0x00000000   Number         0  swm320_wdt.o ABSOLUTE
    RTE\Device\SWM320xE\startup_SWM320.s     0x00000000   Number         0  startup_swm320.o ABSOLUTE
    RTE\Device\SWM320xE\system_SWM320.c      0x00000000   Number         0  system_swm320.o ABSOLUTE
    RTE\\Device\\SWM320xE\\system_SWM320.c   0x00000000   Number         0  system_swm320.o ABSOLUTE
    dc.s                                     0x00000000   Number         0  dc.o ABSOLUTE
    main.c                                   0x00000000   Number         0  main.o ABSOLUTE
    main.c                                   0x00000000   Number         0  main.o ABSOLUTE
    !!!main                                  0x00000148   Section        8  __main.o(!!!main)
    !!!scatter                               0x00000150   Section       52  __scatter.o(!!!scatter)
    !!handler_copy                           0x00000184   Section       26  __scatter_copy.o(!!handler_copy)
    !!handler_zi                             0x000001a0   Section       28  __scatter_zi.o(!!handler_zi)
    .ARM.Collect$$libinit$$00000000          0x000001bc   Section        2  libinit.o(.ARM.Collect$$libinit$$00000000)
    .ARM.Collect$$libinit$$00000002          0x000001be   Section        0  libinit2.o(.ARM.Collect$$libinit$$00000002)
    .ARM.Collect$$libinit$$00000004          0x000001be   Section        0  libinit2.o(.ARM.Collect$$libinit$$00000004)
    .ARM.Collect$$libinit$$0000000A          0x000001be   Section        0  libinit2.o(.ARM.Collect$$libinit$$0000000A)
    .ARM.Collect$$libinit$$0000000C          0x000001be   Section        0  libinit2.o(.ARM.Collect$$libinit$$0000000C)
    .ARM.Collect$$libinit$$0000000E          0x000001be   Section        0  libinit2.o(.ARM.Collect$$libinit$$0000000E)
    .ARM.Collect$$libinit$$00000011          0x000001be   Section        0  libinit2.o(.ARM.Collect$$libinit$$00000011)
    .ARM.Collect$$libinit$$00000013          0x000001be   Section        0  libinit2.o(.ARM.Collect$$libinit$$00000013)
    .ARM.Collect$$libinit$$00000015          0x000001be   Section        0  libinit2.o(.ARM.Collect$$libinit$$00000015)
    .ARM.Collect$$libinit$$00000017          0x000001be   Section        0  libinit2.o(.ARM.Collect$$libinit$$00000017)
    .ARM.Collect$$libinit$$00000019          0x000001be   Section        0  libinit2.o(.ARM.Collect$$libinit$$00000019)
    .ARM.Collect$$libinit$$0000001B          0x000001be   Section        0  libinit2.o(.ARM.Collect$$libinit$$0000001B)
    .ARM.Collect$$libinit$$0000001D          0x000001be   Section        0  libinit2.o(.ARM.Collect$$libinit$$0000001D)
    .ARM.Collect$$libinit$$0000001F          0x000001be   Section        0  libinit2.o(.ARM.Collect$$libinit$$0000001F)
    .ARM.Collect$$libinit$$00000021          0x000001be   Section        0  libinit2.o(.ARM.Collect$$libinit$$00000021)
    .ARM.Collect$$libinit$$00000023          0x000001be   Section        0  libinit2.o(.ARM.Collect$$libinit$$00000023)
    .ARM.Collect$$libinit$$00000025          0x000001be   Section        0  libinit2.o(.ARM.Collect$$libinit$$00000025)
    .ARM.Collect$$libinit$$0000002C          0x000001be   Section        0  libinit2.o(.ARM.Collect$$libinit$$0000002C)
    .ARM.Collect$$libinit$$0000002E          0x000001be   Section        0  libinit2.o(.ARM.Collect$$libinit$$0000002E)
    .ARM.Collect$$libinit$$00000030          0x000001be   Section        0  libinit2.o(.ARM.Collect$$libinit$$00000030)
    .ARM.Collect$$libinit$$00000032          0x000001be   Section        0  libinit2.o(.ARM.Collect$$libinit$$00000032)
    .ARM.Collect$$libinit$$00000033          0x000001be   Section        2  libinit2.o(.ARM.Collect$$libinit$$00000033)
    .ARM.Collect$$libshutdown$$00000000      0x000001c0   Section        2  libshutdown.o(.ARM.Collect$$libshutdown$$00000000)
    .ARM.Collect$$libshutdown$$00000002      0x000001c2   Section        0  libshutdown2.o(.ARM.Collect$$libshutdown$$00000002)
    .ARM.Collect$$libshutdown$$00000004      0x000001c2   Section        0  libshutdown2.o(.ARM.Collect$$libshutdown$$00000004)
    .ARM.Collect$$libshutdown$$00000007      0x000001c2   Section        0  libshutdown2.o(.ARM.Collect$$libshutdown$$00000007)
    .ARM.Collect$$libshutdown$$0000000A      0x000001c2   Section        0  libshutdown2.o(.ARM.Collect$$libshutdown$$0000000A)
    .ARM.Collect$$libshutdown$$0000000C      0x000001c2   Section        0  libshutdown2.o(.ARM.Collect$$libshutdown$$0000000C)
    .ARM.Collect$$libshutdown$$0000000F      0x000001c2   Section        0  libshutdown2.o(.ARM.Collect$$libshutdown$$0000000F)
    .ARM.Collect$$libshutdown$$00000010      0x000001c2   Section        2  libshutdown2.o(.ARM.Collect$$libshutdown$$00000010)
    .ARM.Collect$$rtentry$$00000000          0x000001c4   Section        0  __rtentry.o(.ARM.Collect$$rtentry$$00000000)
    .ARM.Collect$$rtentry$$00000002          0x000001c4   Section        0  __rtentry2.o(.ARM.Collect$$rtentry$$00000002)
    .ARM.Collect$$rtentry$$00000004          0x000001c4   Section        6  __rtentry4.o(.ARM.Collect$$rtentry$$00000004)
    .ARM.Collect$$rtentry$$00000009          0x000001ca   Section        0  __rtentry2.o(.ARM.Collect$$rtentry$$00000009)
    .ARM.Collect$$rtentry$$0000000A          0x000001ca   Section        4  __rtentry2.o(.ARM.Collect$$rtentry$$0000000A)
    .ARM.Collect$$rtentry$$0000000C          0x000001ce   Section        0  __rtentry2.o(.ARM.Collect$$rtentry$$0000000C)
    .ARM.Collect$$rtentry$$0000000D          0x000001ce   Section        8  __rtentry2.o(.ARM.Collect$$rtentry$$0000000D)
    .ARM.Collect$$rtexit$$00000000           0x000001d6   Section        2  rtexit.o(.ARM.Collect$$rtexit$$00000000)
    .ARM.Collect$$rtexit$$00000002           0x000001d8   Section        0  rtexit2.o(.ARM.Collect$$rtexit$$00000002)
    .ARM.Collect$$rtexit$$00000003           0x000001d8   Section        4  rtexit2.o(.ARM.Collect$$rtexit$$00000003)
    .ARM.Collect$$rtexit$$00000004           0x000001dc   Section        6  rtexit2.o(.ARM.Collect$$rtexit$$00000004)
    .text                                    0x000001e4   Section      184  startup_swm320.o(.text)
    .text                                    0x0000029c   Section        0  heapauxi.o(.text)
    .text                                    0x000002a2   Section       74  sys_stackheap_outer.o(.text)
    .text                                    0x000002ec   Section        0  exit.o(.text)
    .text                                    0x00000300   Section        8  libspace.o(.text)
    .text                                    0x00000308   Section        0  sys_exit.o(.text)
    .text                                    0x00000314   Section        2  use_no_semi.o(.text)
    .text                                    0x00000316   Section        0  indicate_semi.o(.text)
    i.GPIO_ClrBit                            0x00000316   Section        0  swm320_gpio.o(i.GPIO_ClrBit)
    i.GPIO_GetBit                            0x00000322   Section        0  swm320_gpio.o(i.GPIO_GetBit)
    i.GPIO_Init                              0x00000330   Section        0  swm320_gpio.o(i.GPIO_Init)
    i.GPIO_SetBit                            0x0000061c   Section        0  swm320_gpio.o(i.GPIO_SetBit)
    i.PLLInit                                0x00000628   Section        0  system_swm320.o(i.PLLInit)
    i.PORT_Init                              0x00000684   Section        0  swm320_port.o(i.PORT_Init)
    i.SystemCoreClockUpdate                  0x00000ccc   Section        0  system_swm320.o(i.SystemCoreClockUpdate)
    i.SystemInit                             0x00000d74   Section        0  system_swm320.o(i.SystemInit)
    i.main                                   0x00000dd4   Section        0  main.o(i.main)
    i.switchCLK_20MHz                        0x00000e20   Section        0  system_swm320.o(i.switchCLK_20MHz)
    i.switchCLK_32KHz                        0x00000e54   Section        0  system_swm320.o(i.switchCLK_32KHz)
    i.switchCLK_40MHz                        0x00000e9c   Section        0  system_swm320.o(i.switchCLK_40MHz)
    i.switchCLK_PLL                          0x00000ed0   Section        0  system_swm320.o(i.switchCLK_PLL)
    i.switchCLK_XTAL                         0x00000f10   Section        0  system_swm320.o(i.switchCLK_XTAL)
    .data                                    0x20000000   Section        8  system_swm320.o(.data)
    .bss                                     0x20000008   Section       96  libspace.o(.bss)
    HEAP                                     0x20000068   Section      512  startup_swm320.o(HEAP)
    Heap_Mem                                 0x20000068   Data         512  startup_swm320.o(HEAP)
    STACK                                    0x20000268   Section     1024  startup_swm320.o(STACK)
    Stack_Mem                                0x20000268   Data        1024  startup_swm320.o(STACK)
    __initial_sp                             0x20000668   Data           0  startup_swm320.o(STACK)

    Global Symbols

    Symbol Name                              Value     Ov Type        Size  Object(Section)

    BuildAttributes$$THM_ISAv4$E$P$D$K$B$S$7EM$PE$A:L22UL41UL21$X:L11$S22US41US21$IEEE1$IW$USESV6$~STKCKD$USESV7$~SHL$OSPACE$ROPI$EBA8$UX$STANDARDLIB$REQ8$PRES8$EABIv2 0x00000000   Number         0  anon$$obj.o ABSOLUTE
    __ARM_use_no_argv                        0x00000000   Number         0  main.o ABSOLUTE
    __Vectors                                0x00000000   Data           4  startup_swm320.o(RESET)
    __ARM_exceptions_init                     - Undefined Weak Reference
    __alloca_initialize                       - Undefined Weak Reference
    __arm_preinit_                            - Undefined Weak Reference
    __cpp_initialize__aeabi_                  - Undefined Weak Reference
    __cxa_finalize                            - Undefined Weak Reference
    __rt_locale                               - Undefined Weak Reference
    __sigvec_lookup                           - Undefined Weak Reference
    _atexit_init                              - Undefined Weak Reference
    _call_atexit_fns                          - Undefined Weak Reference
    _clock_init                               - Undefined Weak Reference
    _fp_trap_init                             - Undefined Weak Reference
    _fp_trap_shutdown                         - Undefined Weak Reference
    _get_lc_collate                           - Undefined Weak Reference
    _get_lc_ctype                             - Undefined Weak Reference
    _get_lc_monetary                          - Undefined Weak Reference
    _get_lc_numeric                           - Undefined Weak Reference
    _get_lc_time                              - Undefined Weak Reference
    _getenv_init                              - Undefined Weak Reference
    _handle_redirection                       - Undefined Weak Reference
    _init_alloc                               - Undefined Weak Reference
    _init_user_alloc                          - Undefined Weak Reference
    _initio                                   - Undefined Weak Reference
    _rand_init                                - Undefined Weak Reference
    _signal_finish                            - Undefined Weak Reference
    _signal_init                              - Undefined Weak Reference
    _terminate_alloc                          - Undefined Weak Reference
    _terminate_user_alloc                     - Undefined Weak Reference
    _terminateio                              - Undefined Weak Reference
    __Vectors_End                            0x00000148   Data           0  startup_swm320.o(RESET)
    __Vectors_Size                           0x00000148   Number         0  startup_swm320.o ABSOLUTE
    __main                                   0x00000149   Thumb Code     8  __main.o(!!!main)
    __scatterload                            0x00000151   Thumb Code     0  __scatter.o(!!!scatter)
    __scatterload_rt2                        0x00000151   Thumb Code    44  __scatter.o(!!!scatter)
    __scatterload_rt2_thumb_only             0x00000151   Thumb Code     0  __scatter.o(!!!scatter)
    __scatterload_null                       0x0000015f   Thumb Code     0  __scatter.o(!!!scatter)
    __scatterload_copy                       0x00000185   Thumb Code    26  __scatter_copy.o(!!handler_copy)
    __scatterload_zeroinit                   0x000001a1   Thumb Code    28  __scatter_zi.o(!!handler_zi)
    __rt_lib_init                            0x000001bd   Thumb Code     0  libinit.o(.ARM.Collect$$libinit$$00000000)
    __rt_lib_init_alloca_1                   0x000001bf   Thumb Code     0  libinit2.o(.ARM.Collect$$libinit$$0000002E)
    __rt_lib_init_argv_1                     0x000001bf   Thumb Code     0  libinit2.o(.ARM.Collect$$libinit$$0000002C)
    __rt_lib_init_atexit_1                   0x000001bf   Thumb Code     0  libinit2.o(.ARM.Collect$$libinit$$0000001B)
    __rt_lib_init_clock_1                    0x000001bf   Thumb Code     0  libinit2.o(.ARM.Collect$$libinit$$00000021)
    __rt_lib_init_cpp_1                      0x000001bf   Thumb Code     0  libinit2.o(.ARM.Collect$$libinit$$00000032)
    __rt_lib_init_exceptions_1               0x000001bf   Thumb Code     0  libinit2.o(.ARM.Collect$$libinit$$00000030)
    __rt_lib_init_fp_1                       0x000001bf   Thumb Code     0  libinit2.o(.ARM.Collect$$libinit$$00000002)
    __rt_lib_init_fp_trap_1                  0x000001bf   Thumb Code     0  libinit2.o(.ARM.Collect$$libinit$$0000001F)
    __rt_lib_init_getenv_1                   0x000001bf   Thumb Code     0  libinit2.o(.ARM.Collect$$libinit$$00000023)
    __rt_lib_init_heap_1                     0x000001bf   Thumb Code     0  libinit2.o(.ARM.Collect$$libinit$$0000000A)
    __rt_lib_init_lc_collate_1               0x000001bf   Thumb Code     0  libinit2.o(.ARM.Collect$$libinit$$00000011)
    __rt_lib_init_lc_ctype_1                 0x000001bf   Thumb Code     0  libinit2.o(.ARM.Collect$$libinit$$00000013)
    __rt_lib_init_lc_monetary_1              0x000001bf   Thumb Code     0  libinit2.o(.ARM.Collect$$libinit$$00000015)
    __rt_lib_init_lc_numeric_1               0x000001bf   Thumb Code     0  libinit2.o(.ARM.Collect$$libinit$$00000017)
    __rt_lib_init_lc_time_1                  0x000001bf   Thumb Code     0  libinit2.o(.ARM.Collect$$libinit$$00000019)
    __rt_lib_init_preinit_1                  0x000001bf   Thumb Code     0  libinit2.o(.ARM.Collect$$libinit$$00000004)
    __rt_lib_init_rand_1                     0x000001bf   Thumb Code     0  libinit2.o(.ARM.Collect$$libinit$$0000000E)
    __rt_lib_init_return                     0x000001bf   Thumb Code     0  libinit2.o(.ARM.Collect$$libinit$$00000033)
    __rt_lib_init_signal_1                   0x000001bf   Thumb Code     0  libinit2.o(.ARM.Collect$$libinit$$0000001D)
    __rt_lib_init_stdio_1                    0x000001bf   Thumb Code     0  libinit2.o(.ARM.Collect$$libinit$$00000025)
    __rt_lib_init_user_alloc_1               0x000001bf   Thumb Code     0  libinit2.o(.ARM.Collect$$libinit$$0000000C)
    __rt_lib_shutdown                        0x000001c1   Thumb Code     0  libshutdown.o(.ARM.Collect$$libshutdown$$00000000)
    __rt_lib_shutdown_cpp_1                  0x000001c3   Thumb Code     0  libshutdown2.o(.ARM.Collect$$libshutdown$$00000002)
    __rt_lib_shutdown_fp_trap_1              0x000001c3   Thumb Code     0  libshutdown2.o(.ARM.Collect$$libshutdown$$00000007)
    __rt_lib_shutdown_heap_1                 0x000001c3   Thumb Code     0  libshutdown2.o(.ARM.Collect$$libshutdown$$0000000F)
    __rt_lib_shutdown_return                 0x000001c3   Thumb Code     0  libshutdown2.o(.ARM.Collect$$libshutdown$$00000010)
    __rt_lib_shutdown_signal_1               0x000001c3   Thumb Code     0  libshutdown2.o(.ARM.Collect$$libshutdown$$0000000A)
    __rt_lib_shutdown_stdio_1                0x000001c3   Thumb Code     0  libshutdown2.o(.ARM.Collect$$libshutdown$$00000004)
    __rt_lib_shutdown_user_alloc_1           0x000001c3   Thumb Code     0  libshutdown2.o(.ARM.Collect$$libshutdown$$0000000C)
    __rt_entry                               0x000001c5   Thumb Code     0  __rtentry.o(.ARM.Collect$$rtentry$$00000000)
    __rt_entry_presh_1                       0x000001c5   Thumb Code     0  __rtentry2.o(.ARM.Collect$$rtentry$$00000002)
    __rt_entry_sh                            0x000001c5   Thumb Code     0  __rtentry4.o(.ARM.Collect$$rtentry$$00000004)
    __rt_entry_li                            0x000001cb   Thumb Code     0  __rtentry2.o(.ARM.Collect$$rtentry$$0000000A)
    __rt_entry_postsh_1                      0x000001cb   Thumb Code     0  __rtentry2.o(.ARM.Collect$$rtentry$$00000009)
    __rt_entry_main                          0x000001cf   Thumb Code     0  __rtentry2.o(.ARM.Collect$$rtentry$$0000000D)
    __rt_entry_postli_1                      0x000001cf   Thumb Code     0  __rtentry2.o(.ARM.Collect$$rtentry$$0000000C)
    __rt_exit                                0x000001d7   Thumb Code     0  rtexit.o(.ARM.Collect$$rtexit$$00000000)
    __rt_exit_ls                             0x000001d9   Thumb Code     0  rtexit2.o(.ARM.Collect$$rtexit$$00000003)
    __rt_exit_prels_1                        0x000001d9   Thumb Code     0  rtexit2.o(.ARM.Collect$$rtexit$$00000002)
    __rt_exit_exit                           0x000001dd   Thumb Code     0  rtexit2.o(.ARM.Collect$$rtexit$$00000004)
    Reset_Handler                            0x000001e5   Thumb Code     4  startup_swm320.o(.text)
    NMI_Handler                              0x000001e9   Thumb Code     2  startup_swm320.o(.text)
    HardFault_Handler                        0x000001eb   Thumb Code     2  startup_swm320.o(.text)
    MemManage_Handler                        0x000001ed   Thumb Code     2  startup_swm320.o(.text)
    BusFault_Handler                         0x000001ef   Thumb Code     2  startup_swm320.o(.text)
    UsageFault_Handler                       0x000001f1   Thumb Code     2  startup_swm320.o(.text)
    SVC_Handler                              0x000001f3   Thumb Code     2  startup_swm320.o(.text)
    DebugMon_Handler                         0x000001f5   Thumb Code     2  startup_swm320.o(.text)
    PendSV_Handler                           0x000001f7   Thumb Code     2  startup_swm320.o(.text)
    SysTick_Handler                          0x000001f9   Thumb Code     2  startup_swm320.o(.text)
    GPIOA0_Handler                           0x000001fb   Thumb Code     2  startup_swm320.o(.text)
    GPIOA1_Handler                           0x000001fd   Thumb Code     2  startup_swm320.o(.text)
    GPIOA2_Handler                           0x000001ff   Thumb Code     2  startup_swm320.o(.text)
    GPIOA3_Handler                           0x00000201   Thumb Code     2  startup_swm320.o(.text)
    GPIOA4_Handler                           0x00000203   Thumb Code     2  startup_swm320.o(.text)
    GPIOA5_Handler                           0x00000205   Thumb Code     2  startup_swm320.o(.text)
    GPIOA6_Handler                           0x00000207   Thumb Code     2  startup_swm320.o(.text)
    GPIOA7_Handler                           0x00000209   Thumb Code     2  startup_swm320.o(.text)
    GPIOB0_Handler                           0x0000020b   Thumb Code     2  startup_swm320.o(.text)
    GPIOB1_Handler                           0x0000020d   Thumb Code     2  startup_swm320.o(.text)
    GPIOB2_Handler                           0x0000020f   Thumb Code     2  startup_swm320.o(.text)
    GPIOB3_Handler                           0x00000211   Thumb Code     2  startup_swm320.o(.text)
    GPIOB4_Handler                           0x00000213   Thumb Code     2  startup_swm320.o(.text)
    GPIOB5_Handler                           0x00000215   Thumb Code     2  startup_swm320.o(.text)
    GPIOB6_Handler                           0x00000217   Thumb Code     2  startup_swm320.o(.text)
    GPIOB7_Handler                           0x00000219   Thumb Code     2  startup_swm320.o(.text)
    GPIOC0_Handler                           0x0000021b   Thumb Code     2  startup_swm320.o(.text)
    GPIOC1_Handler                           0x0000021d   Thumb Code     2  startup_swm320.o(.text)
    GPIOC2_Handler                           0x0000021f   Thumb Code     2  startup_swm320.o(.text)
    GPIOC3_Handler                           0x00000221   Thumb Code     2  startup_swm320.o(.text)
    GPIOC4_Handler                           0x00000223   Thumb Code     2  startup_swm320.o(.text)
    GPIOC5_Handler                           0x00000225   Thumb Code     2  startup_swm320.o(.text)
    GPIOC6_Handler                           0x00000227   Thumb Code     2  startup_swm320.o(.text)
    GPIOC7_Handler                           0x00000229   Thumb Code     2  startup_swm320.o(.text)
    GPIOM0_Handler                           0x0000022b   Thumb Code     2  startup_swm320.o(.text)
    GPIOM1_Handler                           0x0000022d   Thumb Code     2  startup_swm320.o(.text)
    GPIOM2_Handler                           0x0000022f   Thumb Code     2  startup_swm320.o(.text)
    GPIOM3_Handler                           0x00000231   Thumb Code     2  startup_swm320.o(.text)
    GPIOM4_Handler                           0x00000233   Thumb Code     2  startup_swm320.o(.text)
    GPIOM5_Handler                           0x00000235   Thumb Code     2  startup_swm320.o(.text)
    GPIOM6_Handler                           0x00000237   Thumb Code     2  startup_swm320.o(.text)
    GPIOM7_Handler                           0x00000239   Thumb Code     2  startup_swm320.o(.text)
    DMA_Handler                              0x0000023b   Thumb Code     2  startup_swm320.o(.text)
    LCD_Handler                              0x0000023d   Thumb Code     2  startup_swm320.o(.text)
    NORFLC_Handler                           0x0000023f   Thumb Code     2  startup_swm320.o(.text)
    CAN_Handler                              0x00000241   Thumb Code     2  startup_swm320.o(.text)
    PULSE_Handler                            0x00000243   Thumb Code     2  startup_swm320.o(.text)
    WDT_Handler                              0x00000245   Thumb Code     2  startup_swm320.o(.text)
    PWM_Handler                              0x00000247   Thumb Code     2  startup_swm320.o(.text)
    UART0_Handler                            0x00000249   Thumb Code     2  startup_swm320.o(.text)
    UART1_Handler                            0x0000024b   Thumb Code     2  startup_swm320.o(.text)
    UART2_Handler                            0x0000024d   Thumb Code     2  startup_swm320.o(.text)
    UART3_Handler                            0x0000024f   Thumb Code     2  startup_swm320.o(.text)
    I2C0_Handler                             0x00000251   Thumb Code     2  startup_swm320.o(.text)
    I2C1_Handler                             0x00000253   Thumb Code     2  startup_swm320.o(.text)
    SPI0_Handler                             0x00000255   Thumb Code     2  startup_swm320.o(.text)
    ADC0_Handler                             0x00000257   Thumb Code     2  startup_swm320.o(.text)
    RTC_Handler                              0x00000259   Thumb Code     2  startup_swm320.o(.text)
    BOD_Handler                              0x0000025b   Thumb Code     2  startup_swm320.o(.text)
    SDIO_Handler                             0x0000025d   Thumb Code     2  startup_swm320.o(.text)
    GPIOA_Handler                            0x0000025f   Thumb Code     2  startup_swm320.o(.text)
    GPIOB_Handler                            0x00000261   Thumb Code     2  startup_swm320.o(.text)
    GPIOC_Handler                            0x00000263   Thumb Code     2  startup_swm320.o(.text)
    GPIOM_Handler                            0x00000265   Thumb Code     2  startup_swm320.o(.text)
    GPION_Handler                            0x00000267   Thumb Code     2  startup_swm320.o(.text)
    GPIOP_Handler                            0x00000269   Thumb Code     2  startup_swm320.o(.text)
    ADC1_Handler                             0x0000026b   Thumb Code     2  startup_swm320.o(.text)
    FPU_Handler                              0x0000026d   Thumb Code     2  startup_swm320.o(.text)
    SPI1_Handler                             0x0000026f   Thumb Code     2  startup_swm320.o(.text)
    TIMR0_Handler                            0x00000271   Thumb Code     2  startup_swm320.o(.text)
    TIMR1_Handler                            0x00000273   Thumb Code     2  startup_swm320.o(.text)
    TIMR2_Handler                            0x00000275   Thumb Code     2  startup_swm320.o(.text)
    TIMR3_Handler                            0x00000277   Thumb Code     2  startup_swm320.o(.text)
    TIMR4_Handler                            0x00000279   Thumb Code     2  startup_swm320.o(.text)
    TIMR5_Handler                            0x0000027b   Thumb Code     2  startup_swm320.o(.text)
    __user_initial_stackheap                 0x0000027d   Thumb Code     0  startup_swm320.o(.text)
    __use_two_region_memory                  0x0000029d   Thumb Code     2  heapauxi.o(.text)
    __rt_heap_escrow$2region                 0x0000029f   Thumb Code     2  heapauxi.o(.text)
    __rt_heap_expand$2region                 0x000002a1   Thumb Code     2  heapauxi.o(.text)
    __user_setup_stackheap                   0x000002a3   Thumb Code    74  sys_stackheap_outer.o(.text)
    exit                                     0x000002ed   Thumb Code    18  exit.o(.text)
    __user_libspace                          0x00000301   Thumb Code     8  libspace.o(.text)
    __user_perproc_libspace                  0x00000301   Thumb Code     0  libspace.o(.text)
    __user_perthread_libspace                0x00000301   Thumb Code     0  libspace.o(.text)
    _sys_exit                                0x00000309   Thumb Code     8  sys_exit.o(.text)
    __I$use$semihosting                      0x00000315   Thumb Code     0  use_no_semi.o(.text)
    __use_no_semihosting_swi                 0x00000315   Thumb Code     2  use_no_semi.o(.text)
    GPIO_ClrBit                              0x00000317   Thumb Code    12  swm320_gpio.o(i.GPIO_ClrBit)
    __semihosting_library_function           0x00000317   Thumb Code     0  indicate_semi.o(.text)
    GPIO_GetBit                              0x00000323   Thumb Code    12  swm320_gpio.o(i.GPIO_GetBit)
    GPIO_Init                                0x00000331   Thumb Code   710  swm320_gpio.o(i.GPIO_Init)
    GPIO_SetBit                              0x0000061d   Thumb Code    12  swm320_gpio.o(i.GPIO_SetBit)
    PLLInit                                  0x00000629   Thumb Code    78  system_swm320.o(i.PLLInit)
    PORT_Init                                0x00000685   Thumb Code  1596  swm320_port.o(i.PORT_Init)
    SystemCoreClockUpdate                    0x00000ccd   Thumb Code   150  system_swm320.o(i.SystemCoreClockUpdate)
    SystemInit                               0x00000d75   Thumb Code    94  system_swm320.o(i.SystemInit)
    main                                     0x00000dd5   Thumb Code    72  main.o(i.main)
    switchCLK_20MHz                          0x00000e21   Thumb Code    48  system_swm320.o(i.switchCLK_20MHz)
    switchCLK_32KHz                          0x00000e55   Thumb Code    68  system_swm320.o(i.switchCLK_32KHz)
    switchCLK_40MHz                          0x00000e9d   Thumb Code    48  system_swm320.o(i.switchCLK_40MHz)
    switchCLK_PLL                            0x00000ed1   Thumb Code    60  system_swm320.o(i.switchCLK_PLL)
    switchCLK_XTAL                           0x00000f11   Thumb Code    48  system_swm320.o(i.switchCLK_XTAL)
    Region$$Table$$Base                      0x00000f44   Number         0  anon$$obj.o(Region$$Table)
    Region$$Table$$Limit                     0x00000f64   Number         0  anon$$obj.o(Region$$Table)
    SystemCoreClock                          0x20000000   Data           4  system_swm320.o(.data)
    CyclesPerUs                              0x20000004   Data           4  system_swm320.o(.data)
    __libspace_start                         0x20000008   Data          96  libspace.o(.bss)
    __temporary_stack_top$libspace           0x20000068   Data           0  libspace.o(.bss)



==============================================================================

Memory Map of the image

  Image Entry point : 0x00000149

  Load Region LR_IROM1 (Base: 0x00000000, Size: 0x00000f6c, Max: 0x00080000, ABSOLUTE)

    Execution Region ER_IROM1 (Exec base: 0x00000000, Load base: 0x00000000, Size: 0x00000f64, Max: 0x00080000, ABSOLUTE)

    Exec Addr    Load Addr    Size         Type   Attr      Idx    E Section Name        Object

    0x00000000   0x00000000   0x00000148   Data   RO         2022    RESET               startup_swm320.o
    0x00000148   0x00000148   0x00000008   Code   RO         2105  * !!!main             c_w.l(__main.o)
    0x00000150   0x00000150   0x00000034   Code   RO         2262    !!!scatter          c_w.l(__scatter.o)
    0x00000184   0x00000184   0x0000001a   Code   RO         2264    !!handler_copy      c_w.l(__scatter_copy.o)
    0x0000019e   0x0000019e   0x00000002   PAD
    0x000001a0   0x000001a0   0x0000001c   Code   RO         2266    !!handler_zi        c_w.l(__scatter_zi.o)
    0x000001bc   0x000001bc   0x00000002   Code   RO         2132    .ARM.Collect$$libinit$$00000000  c_w.l(libinit.o)
    0x000001be   0x000001be   0x00000000   Code   RO         2139    .ARM.Collect$$libinit$$00000002  c_w.l(libinit2.o)
    0x000001be   0x000001be   0x00000000   Code   RO         2141    .ARM.Collect$$libinit$$00000004  c_w.l(libinit2.o)
    0x000001be   0x000001be   0x00000000   Code   RO         2144    .ARM.Collect$$libinit$$0000000A  c_w.l(libinit2.o)
    0x000001be   0x000001be   0x00000000   Code   RO         2146    .ARM.Collect$$libinit$$0000000C  c_w.l(libinit2.o)
    0x000001be   0x000001be   0x00000000   Code   RO         2148    .ARM.Collect$$libinit$$0000000E  c_w.l(libinit2.o)
    0x000001be   0x000001be   0x00000000   Code   RO         2151    .ARM.Collect$$libinit$$00000011  c_w.l(libinit2.o)
    0x000001be   0x000001be   0x00000000   Code   RO         2153    .ARM.Collect$$libinit$$00000013  c_w.l(libinit2.o)
    0x000001be   0x000001be   0x00000000   Code   RO         2155    .ARM.Collect$$libinit$$00000015  c_w.l(libinit2.o)
    0x000001be   0x000001be   0x00000000   Code   RO         2157    .ARM.Collect$$libinit$$00000017  c_w.l(libinit2.o)
    0x000001be   0x000001be   0x00000000   Code   RO         2159    .ARM.Collect$$libinit$$00000019  c_w.l(libinit2.o)
    0x000001be   0x000001be   0x00000000   Code   RO         2161    .ARM.Collect$$libinit$$0000001B  c_w.l(libinit2.o)
    0x000001be   0x000001be   0x00000000   Code   RO         2163    .ARM.Collect$$libinit$$0000001D  c_w.l(libinit2.o)
    0x000001be   0x000001be   0x00000000   Code   RO         2165    .ARM.Collect$$libinit$$0000001F  c_w.l(libinit2.o)
    0x000001be   0x000001be   0x00000000   Code   RO         2167    .ARM.Collect$$libinit$$00000021  c_w.l(libinit2.o)
    0x000001be   0x000001be   0x00000000   Code   RO         2169    .ARM.Collect$$libinit$$00000023  c_w.l(libinit2.o)
    0x000001be   0x000001be   0x00000000   Code   RO         2171    .ARM.Collect$$libinit$$00000025  c_w.l(libinit2.o)
    0x000001be   0x000001be   0x00000000   Code   RO         2175    .ARM.Collect$$libinit$$0000002C  c_w.l(libinit2.o)
    0x000001be   0x000001be   0x00000000   Code   RO         2177    .ARM.Collect$$libinit$$0000002E  c_w.l(libinit2.o)
    0x000001be   0x000001be   0x00000000   Code   RO         2179    .ARM.Collect$$libinit$$00000030  c_w.l(libinit2.o)
    0x000001be   0x000001be   0x00000000   Code   RO         2181    .ARM.Collect$$libinit$$00000032  c_w.l(libinit2.o)
    0x000001be   0x000001be   0x00000002   Code   RO         2182    .ARM.Collect$$libinit$$00000033  c_w.l(libinit2.o)
    0x000001c0   0x000001c0   0x00000002   Code   RO         2202    .ARM.Collect$$libshutdown$$00000000  c_w.l(libshutdown.o)
    0x000001c2   0x000001c2   0x00000000   Code   RO         2215    .ARM.Collect$$libshutdown$$00000002  c_w.l(libshutdown2.o)
    0x000001c2   0x000001c2   0x00000000   Code   RO         2217    .ARM.Collect$$libshutdown$$00000004  c_w.l(libshutdown2.o)
    0x000001c2   0x000001c2   0x00000000   Code   RO         2220    .ARM.Collect$$libshutdown$$00000007  c_w.l(libshutdown2.o)
    0x000001c2   0x000001c2   0x00000000   Code   RO         2223    .ARM.Collect$$libshutdown$$0000000A  c_w.l(libshutdown2.o)
    0x000001c2   0x000001c2   0x00000000   Code   RO         2225    .ARM.Collect$$libshutdown$$0000000C  c_w.l(libshutdown2.o)
    0x000001c2   0x000001c2   0x00000000   Code   RO         2228    .ARM.Collect$$libshutdown$$0000000F  c_w.l(libshutdown2.o)
    0x000001c2   0x000001c2   0x00000002   Code   RO         2229    .ARM.Collect$$libshutdown$$00000010  c_w.l(libshutdown2.o)
    0x000001c4   0x000001c4   0x00000000   Code   RO         2107    .ARM.Collect$$rtentry$$00000000  c_w.l(__rtentry.o)
    0x000001c4   0x000001c4   0x00000000   Code   RO         2109    .ARM.Collect$$rtentry$$00000002  c_w.l(__rtentry2.o)
    0x000001c4   0x000001c4   0x00000006   Code   RO         2121    .ARM.Collect$$rtentry$$00000004  c_w.l(__rtentry4.o)
    0x000001ca   0x000001ca   0x00000000   Code   RO         2111    .ARM.Collect$$rtentry$$00000009  c_w.l(__rtentry2.o)
    0x000001ca   0x000001ca   0x00000004   Code   RO         2112    .ARM.Collect$$rtentry$$0000000A  c_w.l(__rtentry2.o)
    0x000001ce   0x000001ce   0x00000000   Code   RO         2114    .ARM.Collect$$rtentry$$0000000C  c_w.l(__rtentry2.o)
    0x000001ce   0x000001ce   0x00000008   Code   RO         2115    .ARM.Collect$$rtentry$$0000000D  c_w.l(__rtentry2.o)
    0x000001d6   0x000001d6   0x00000002   Code   RO         2136    .ARM.Collect$$rtexit$$00000000  c_w.l(rtexit.o)
    0x000001d8   0x000001d8   0x00000000   Code   RO         2184    .ARM.Collect$$rtexit$$00000002  c_w.l(rtexit2.o)
    0x000001d8   0x000001d8   0x00000004   Code   RO         2185    .ARM.Collect$$rtexit$$00000003  c_w.l(rtexit2.o)
    0x000001dc   0x000001dc   0x00000006   Code   RO         2186    .ARM.Collect$$rtexit$$00000004  c_w.l(rtexit2.o)
    0x000001e2   0x000001e2   0x00000002   PAD
    0x000001e4   0x000001e4   0x000000b8   Code   RO         2023    .text               startup_swm320.o
    0x0000029c   0x0000029c   0x00000006   Code   RO         2103    .text               c_w.l(heapauxi.o)
    0x000002a2   0x000002a2   0x0000004a   Code   RO         2123    .text               c_w.l(sys_stackheap_outer.o)
    0x000002ec   0x000002ec   0x00000012   Code   RO         2125    .text               c_w.l(exit.o)
    0x000002fe   0x000002fe   0x00000002   PAD
    0x00000300   0x00000300   0x00000008   Code   RO         2133    .text               c_w.l(libspace.o)
    0x00000308   0x00000308   0x0000000c   Code   RO         2194    .text               c_w.l(sys_exit.o)
    0x00000314   0x00000314   0x00000002   Code   RO         2205    .text               c_w.l(use_no_semi.o)
    0x00000316   0x00000316   0x00000000   Code   RO         2207    .text               c_w.l(indicate_semi.o)
    0x00000316   0x00000316   0x0000000c   Code   RO          738    i.GPIO_ClrBit       swm320_gpio.o
    0x00000322   0x00000322   0x0000000c   Code   RO          740    i.GPIO_GetBit       swm320_gpio.o
    0x0000032e   0x0000032e   0x00000002   PAD
    0x00000330   0x00000330   0x000002ec   Code   RO          742    i.GPIO_Init         swm320_gpio.o
    0x0000061c   0x0000061c   0x0000000c   Code   RO          745    i.GPIO_SetBit       swm320_gpio.o
    0x00000628   0x00000628   0x0000005c   Code   RO         2030    i.PLLInit           system_swm320.o
    0x00000684   0x00000684   0x00000648   Code   RO         1003    i.PORT_Init         swm320_port.o
    0x00000ccc   0x00000ccc   0x000000a8   Code   RO         2031    i.SystemCoreClockUpdate  system_swm320.o
    0x00000d74   0x00000d74   0x0000005e   Code   RO         2032    i.SystemInit        system_swm320.o
    0x00000dd2   0x00000dd2   0x00000002   PAD
    0x00000dd4   0x00000dd4   0x0000004c   Code   RO            4    i.main              main.o
    0x00000e20   0x00000e20   0x00000034   Code   RO         2033    i.switchCLK_20MHz   system_swm320.o
    0x00000e54   0x00000e54   0x00000048   Code   RO         2034    i.switchCLK_32KHz   system_swm320.o
    0x00000e9c   0x00000e9c   0x00000034   Code   RO         2035    i.switchCLK_40MHz   system_swm320.o
    0x00000ed0   0x00000ed0   0x00000040   Code   RO         2036    i.switchCLK_PLL     system_swm320.o
    0x00000f10   0x00000f10   0x00000034   Code   RO         2037    i.switchCLK_XTAL    system_swm320.o
    0x00000f44   0x00000f44   0x00000020   Data   RO         2260    Region$$Table       anon$$obj.o


    Execution Region RW_IRAM1 (Exec base: 0x20000000, Load base: 0x00000f64, Size: 0x00000668, Max: 0x00020000, ABSOLUTE)

    Exec Addr    Load Addr    Size         Type   Attr      Idx    E Section Name        Object

    0x20000000   0x00000f64   0x00000008   Data   RW         2038    .data               system_swm320.o
    0x20000008        -       0x00000060   Zero   RW         2134    .bss                c_w.l(libspace.o)
    0x20000068        -       0x00000200   Zero   RW         2021    HEAP                startup_swm320.o
    0x20000268        -       0x00000400   Zero   RW         2020    STACK               startup_swm320.o


==============================================================================

Image component sizes


      Code (inc. data)   RO Data    RW Data    ZI Data      Debug   Object Name

        76          4          0          0          0     118895   main.o
       184         22        328          0       1536       3352   startup_swm320.o
       784         38          0          0          0       3462   swm320_gpio.o
      1608         30          0          0          0       1296   swm320_port.o
       646         58          0          8          0       4160   system_swm320.o

    ----------------------------------------------------------------------
      3302        152        360          8       1536     131165   Object Totals
         0          0         32          0          0          0   (incl. Generated)
         4          0          0          0          0          0   (incl. Padding)

    ----------------------------------------------------------------------

      Code (inc. data)   RO Data    RW Data    ZI Data      Debug   Library Member Name

         8          0          0          0          0         68   __main.o
         0          0          0          0          0          0   __rtentry.o
        12          0          0          0          0          0   __rtentry2.o
         6          0          0          0          0          0   __rtentry4.o
        52          8          0          0          0          0   __scatter.o
        26          0          0          0          0          0   __scatter_copy.o
        28          0          0          0          0          0   __scatter_zi.o
        18          0          0          0          0         80   exit.o
         6          0          0          0          0        152   heapauxi.o
         0          0          0          0          0          0   indicate_semi.o
         2          0          0          0          0          0   libinit.o
         2          0          0          0          0          0   libinit2.o
         2          0          0          0          0          0   libshutdown.o
         2          0          0          0          0          0   libshutdown2.o
         8          4          0          0         96         68   libspace.o
         2          0          0          0          0          0   rtexit.o
        10          0          0          0          0          0   rtexit2.o
        12          4          0          0          0         68   sys_exit.o
        74          0          0          0          0         80   sys_stackheap_outer.o
         2          0          0          0          0         68   use_no_semi.o

    ----------------------------------------------------------------------
       278         16          0          0         96        584   Library Totals
         6          0          0          0          0          0   (incl. Padding)

    ----------------------------------------------------------------------

      Code (inc. data)   RO Data    RW Data    ZI Data      Debug   Library Name

       272         16          0          0         96        584   c_w.l

    ----------------------------------------------------------------------
       278         16          0          0         96        584   Library Totals

    ----------------------------------------------------------------------

==============================================================================


      Code (inc. data)   RO Data    RW Data    ZI Data      Debug   

      3580        168        360          8       1632     131017   Grand Totals
      3580        168        360          8       1632     131017   ELF Image Totals
      3580        168        360          8          0          0   ROM Totals

==============================================================================

    Total RO  Size (Code + RO Data)                 3940 (   3.85kB)
    Total RW  Size (RW Data + ZI Data)              1640 (   1.60kB)
    Total ROM Size (Code + RO Data + RW Data)       3948 (   3.86kB)

==============================================================================

