Component: ARM Compiler 5.06 update 5 (build 528) Tool: armlink [4d35e2]

==============================================================================

Section Cross References

    main.o(i.SerialInit) refers to swm320_port.o(i.PORT_Init) for PORT_Init
    main.o(i.SerialInit) refers to swm320_uart.o(i.UART_Init) for UART_Init
    main.o(i.SerialInit) refers to swm320_uart.o(i.UART_Open) for UART_Open
    main.o(i.UART0_Handler) refers to swm320_uart.o(i.UART_INTRXThresholdStat) for UART_INTRXThresholdStat
    main.o(i.UART0_Handler) refers to swm320_uart.o(i.UART_ReadByte) for UART_ReadByte
    main.o(i.UART0_Handler) refers to swm320_uart.o(i.UART_INTTimeoutStat) for UART_INTTimeoutStat
    main.o(i.UART0_Handler) refers to swm320_uart.o(i.UART_IsRXFIFOEmpty) for UART_IsRXFIFOEmpty
    main.o(i.UART0_Handler) refers to swm320_gpio.o(i.GPIO_InvBit) for GPIO_InvBit
    main.o(i.UART0_Handler) refers to main.o(.data) for UART_RXIndex
    main.o(i.UART0_Handler) refers to main.o(.bss) for UART_RXBuffer
    main.o(i.UART_GetChars) refers to rt_memcpy_v6.o(.text) for __aeabi_memcpy
    main.o(i.UART_GetChars) refers to main.o(.data) for UART_RXIndex
    main.o(i.UART_GetChars) refers to main.o(.bss) for UART_RXBuffer
    main.o(i.fputc) refers to swm320_uart.o(i.UART_WriteByte) for UART_WriteByte
    main.o(i.fputc) refers to swm320_uart.o(i.UART_IsTXBusy) for UART_IsTXBusy
    main.o(i.main) refers to _printf_percent.o(.ARM.Collect$$_printf_percent$$00000000) for _printf_percent
    main.o(i.main) refers to _printf_c.o(.ARM.Collect$$_printf_percent$$00000013) for _printf_c
    main.o(i.main) refers to _printf_str.o(.text) for _printf_str
    main.o(i.main) refers to rt_memclr_w.o(.text) for __aeabi_memclr4
    main.o(i.main) refers to system_swm320.o(i.SystemInit) for SystemInit
    main.o(i.main) refers to main.o(i.SerialInit) for SerialInit
    main.o(i.main) refers to swm320_gpio.o(i.GPIO_Init) for GPIO_Init
    main.o(i.main) refers to swm320_gpio.o(i.GPIO_ClrBit) for GPIO_ClrBit
    main.o(i.main) refers to main.o(i.UART_GetChars) for UART_GetChars
    main.o(i.main) refers to noretval__2printf.o(.text) for __2printf
    swm320_exti.o(i.EXTI_Init) refers to swm320_exti.o(i.EXTI_Close) for EXTI_Close
    swm320_gpio.o(i.GPIO_Init) refers to swm320_port.o(i.PORT_Init) for PORT_Init
    swm320_spi.o(i.SPI_Init) refers to swm320_spi.o(i.SPI_Close) for SPI_Close
    swm320_spi.o(i.SPI_Init) refers to swm320_spi.o(i.__NVIC_EnableIRQ) for __NVIC_EnableIRQ
    swm320_spi.o(i.SPI_Init) refers to swm320_spi.o(i.__NVIC_DisableIRQ) for __NVIC_DisableIRQ
    startup_swm320.o(STACK) refers (Special) to heapauxi.o(.text) for __use_two_region_memory
    startup_swm320.o(HEAP) refers (Special) to heapauxi.o(.text) for __use_two_region_memory
    startup_swm320.o(RESET) refers (Special) to heapauxi.o(.text) for __use_two_region_memory
    startup_swm320.o(RESET) refers to startup_swm320.o(STACK) for __initial_sp
    startup_swm320.o(RESET) refers to startup_swm320.o(.text) for Reset_Handler
    startup_swm320.o(RESET) refers to main.o(i.UART0_Handler) for UART0_Handler
    startup_swm320.o(.text) refers (Special) to heapauxi.o(.text) for __use_two_region_memory
    startup_swm320.o(.text) refers to __main.o(!!!main) for __main
    startup_swm320.o(.text) refers to startup_swm320.o(HEAP) for Heap_Mem
    startup_swm320.o(.text) refers to startup_swm320.o(STACK) for Stack_Mem
    system_swm320.o(i.SystemCoreClockUpdate) refers to system_swm320.o(.data) for SystemCoreClock
    system_swm320.o(i.SystemInit) refers to system_swm320.o(i.switchCLK_20MHz) for switchCLK_20MHz
    system_swm320.o(i.SystemInit) refers to system_swm320.o(i.switchCLK_40MHz) for switchCLK_40MHz
    system_swm320.o(i.SystemInit) refers to system_swm320.o(i.switchCLK_32KHz) for switchCLK_32KHz
    system_swm320.o(i.SystemInit) refers to system_swm320.o(i.switchCLK_XTAL) for switchCLK_XTAL
    system_swm320.o(i.SystemInit) refers to system_swm320.o(i.switchCLK_PLL) for switchCLK_PLL
    system_swm320.o(i.SystemInit) refers to system_swm320.o(i.SystemCoreClockUpdate) for SystemCoreClockUpdate
    system_swm320.o(i.switchCLK_PLL) refers to system_swm320.o(i.PLLInit) for PLLInit
    swm320_adc.o(i.ADC_Init) refers to swm320_adc.o(i.ADC_Close) for ADC_Close
    swm320_adc.o(i.ADC_Init) refers to system_swm320.o(i.PLLInit) for PLLInit
    swm320_adc.o(i.ADC_Init) refers to swm320_adc.o(i.__NVIC_EnableIRQ) for __NVIC_EnableIRQ
    swm320_adc.o(i.ADC_Init) refers to swm320_adc.o(i.__NVIC_DisableIRQ) for __NVIC_DisableIRQ
    swm320_adc.o(i.ADC_IntEOCClr) refers to swm320_adc.o(i.chn2idx) for chn2idx
    swm320_adc.o(i.ADC_IntEOCDis) refers to swm320_adc.o(i.chn2idx) for chn2idx
    swm320_adc.o(i.ADC_IntEOCEn) refers to swm320_adc.o(i.chn2idx) for chn2idx
    swm320_adc.o(i.ADC_IntEOCStat) refers to swm320_adc.o(i.chn2idx) for chn2idx
    swm320_adc.o(i.ADC_IntFULLClr) refers to swm320_adc.o(i.chn2idx) for chn2idx
[...]
    Removing swm320_port.o(.rrx_text), (6 bytes).
    Removing swm320_pwm.o(.rev16_text), (4 bytes).
    Removing swm320_pwm.o(.revsh_text), (4 bytes).
    Removing swm320_pwm.o(.rrx_text), (6 bytes).
    Removing swm320_pwm.o(i.PWM_GetCycle), (22 bytes).
    Removing swm320_pwm.o(i.PWM_GetDeadzone), (22 bytes).
    Removing swm320_pwm.o(i.PWM_GetHDuty), (22 bytes).
    Removing swm320_pwm.o(i.PWM_Init), (460 bytes).
    Removing swm320_pwm.o(i.PWM_IntHEndClr), (184 bytes).
    Removing swm320_pwm.o(i.PWM_IntHEndDis), (280 bytes).
    Removing swm320_pwm.o(i.PWM_IntHEndEn), (280 bytes).
    Removing swm320_pwm.o(i.PWM_IntHEndStat), (192 bytes).
    Removing swm320_pwm.o(i.PWM_IntNCycleClr), (168 bytes).
    Removing swm320_pwm.o(i.PWM_IntNCycleDis), (280 bytes).
    Removing swm320_pwm.o(i.PWM_IntNCycleEn), (280 bytes).
    Removing swm320_pwm.o(i.PWM_IntNCycleStat), (192 bytes).
    Removing swm320_pwm.o(i.PWM_SetCycle), (14 bytes).
    Removing swm320_pwm.o(i.PWM_SetDeadzone), (14 bytes).
    Removing swm320_pwm.o(i.PWM_SetHDuty), (14 bytes).
    Removing swm320_pwm.o(i.PWM_Start), (184 bytes).
    Removing swm320_pwm.o(i.PWM_Stop), (184 bytes).
    Removing swm320_rtc.o(.rev16_text), (4 bytes).
    Removing swm320_rtc.o(.revsh_text), (4 bytes).
    Removing swm320_rtc.o(.rrx_text), (6 bytes).
    Removing swm320_rtc.o(i.RTC_AlarmSetup), (84 bytes).
    Removing swm320_rtc.o(i.RTC_GetDateTime), (66 bytes).
    Removing swm320_rtc.o(i.RTC_Init), (220 bytes).
    Removing swm320_rtc.o(i.RTC_IntAlarmClr), (6 bytes).
    Removing swm320_rtc.o(i.RTC_IntAlarmDis), (10 bytes).
    Removing swm320_rtc.o(i.RTC_IntAlarmEn), (10 bytes).
    Removing swm320_rtc.o(i.RTC_IntAlarmStat), (10 bytes).
    Removing swm320_rtc.o(i.RTC_IntDateClr), (6 bytes).
    Removing swm320_rtc.o(i.RTC_IntDateDis), (10 bytes).
    Removing swm320_rtc.o(i.RTC_IntDateEn), (10 bytes).
    Removing swm320_rtc.o(i.RTC_IntDateStat), (10 bytes).
    Removing swm320_rtc.o(i.RTC_IntHourClr), (6 bytes).
    Removing swm320_rtc.o(i.RTC_IntHourDis), (10 bytes).
    Removing swm320_rtc.o(i.RTC_IntHourEn), (10 bytes).
    Removing swm320_rtc.o(i.RTC_IntHourStat), (10 bytes).
    Removing swm320_rtc.o(i.RTC_IntMinuteClr), (6 bytes).
    Removing swm320_rtc.o(i.RTC_IntMinuteDis), (10 bytes).
    Removing swm320_rtc.o(i.RTC_IntMinuteEn), (10 bytes).
    Removing swm320_rtc.o(i.RTC_IntMinuteStat), (10 bytes).
    Removing swm320_rtc.o(i.RTC_IntSecondClr), (6 bytes).
    Removing swm320_rtc.o(i.RTC_IntSecondDis), (10 bytes).
    Removing swm320_rtc.o(i.RTC_IntSecondEn), (10 bytes).
    Removing swm320_rtc.o(i.RTC_IntSecondStat), (10 bytes).
    Removing swm320_rtc.o(i.RTC_Start), (6 bytes).
    Removing swm320_rtc.o(i.RTC_Stop), (6 bytes).
    Removing swm320_rtc.o(i.__NVIC_EnableIRQ), (26 bytes).
    Removing swm320_rtc.o(i.calcWeekDay), (164 bytes).
    Removing swm320_rtc.o(.constdata), (52 bytes).
    Removing swm320_sdio.o(.rev16_text), (4 bytes).
    Removing swm320_sdio.o(.revsh_text), (4 bytes).
    Removing swm320_sdio.o(.rrx_text), (6 bytes).
    Removing swm320_sdio.o(i.SDIO_BlockRead), (116 bytes).
    Removing swm320_sdio.o(i.SDIO_BlockWrite), (124 bytes).
    Removing swm320_sdio.o(i.SDIO_Init), (592 bytes).
    Removing swm320_sdio.o(i.SDIO_SendCmd), (140 bytes).
    Removing swm320_sdio.o(i.calcSDCLKDiv), (156 bytes).
    Removing swm320_sdio.o(i.parseCID), (224 bytes).
    Removing swm320_sdio.o(i.parseCSD), (540 bytes).
    Removing swm320_sdio.o(.bss), (80 bytes).
    Removing swm320_sdram.o(.rev16_text), (4 bytes).
    Removing swm320_sdram.o(.revsh_text), (4 bytes).
    Removing swm320_sdram.o(.rrx_text), (6 bytes).
    Removing swm320_sdram.o(i.SDRAM_Init), (130 bytes).
    Removing swm320_sram.o(.rev16_text), (4 bytes).
    Removing swm320_sram.o(.revsh_text), (4 bytes).
    Removing swm320_sram.o(.rrx_text), (6 bytes).
    Removing swm320_sram.o(i.SRAM_Init), (118 bytes).
    Removing swm320_timr.o(.rev16_text), (4 bytes).
    Removing swm320_timr.o(.revsh_text), (4 bytes).
    Removing swm320_timr.o(.rrx_text), (6 bytes).
    Removing swm320_timr.o(i.TIMR_GetCurValue), (6 bytes).
    Removing swm320_timr.o(i.TIMR_GetPeriod), (6 bytes).
    Removing swm320_timr.o(i.TIMR_Halt), (156 bytes).
    Removing swm320_timr.o(i.TIMR_INTClr), (108 bytes).
    Removing swm320_timr.o(i.TIMR_INTDis), (156 bytes).
    Removing swm320_timr.o(i.TIMR_INTEn), (196 bytes).
    Removing swm320_timr.o(i.TIMR_INTStat), (124 bytes).
    Removing swm320_timr.o(i.TIMR_Init), (328 bytes).
    Removing swm320_timr.o(i.TIMR_Resume), (156 bytes).
    Removing swm320_timr.o(i.TIMR_SetPeriod), (4 bytes).
    Removing swm320_timr.o(i.TIMR_Start), (10 bytes).
    Removing swm320_timr.o(i.TIMR_Stop), (10 bytes).
    Removing swm320_timr.o(i.__NVIC_EnableIRQ), (26 bytes).
    Removing swm320_uart.o(.rev16_text), (4 bytes).
    Removing swm320_uart.o(.revsh_text), (4 bytes).
    Removing swm320_uart.o(.rrx_text), (6 bytes).
    Removing swm320_uart.o(i.UART_ABRIsDone), (30 bytes).
    Removing swm320_uart.o(i.UART_ABRStart), (88 bytes).
    Removing swm320_uart.o(i.UART_CTSConfig), (22 bytes).
    Removing swm320_uart.o(i.UART_CTSLineState), (10 bytes).
    Removing swm320_uart.o(i.UART_GetBaudrate), (10 bytes).
    Removing swm320_uart.o(i.UART_INTRXThresholdDis), (10 bytes).
    Removing swm320_uart.o(i.UART_INTRXThresholdEn), (10 bytes).
    Removing swm320_uart.o(i.UART_INTTXDoneDis), (10 bytes).
    Removing swm320_uart.o(i.UART_INTTXDoneEn), (10 bytes).
    Removing swm320_uart.o(i.UART_INTTXDoneStat), (10 bytes).
    Removing swm320_uart.o(i.UART_INTTXThresholdDis), (10 bytes).
    Removing swm320_uart.o(i.UART_INTTXThresholdEn), (10 bytes).
    Removing swm320_uart.o(i.UART_INTTXThresholdStat), (10 bytes).
    Removing swm320_uart.o(i.UART_INTTimeoutDis), (10 bytes).
    Removing swm320_uart.o(i.UART_INTTimeoutEn), (10 bytes).
    Removing swm320_uart.o(i.UART_IsTXFIFOFull), (10 bytes).
    Removing swm320_uart.o(i.UART_LINConfig), (22 bytes).
    Removing swm320_uart.o(i.UART_LINGenerate), (10 bytes).
    Removing swm320_uart.o(i.UART_LINIsDetected), (10 bytes).
    Removing swm320_uart.o(i.UART_LINIsGenerated), (10 bytes).
    Removing swm320_uart.o(i.UART_RTSConfig), (28 bytes).
    Removing swm320_uart.o(i.UART_RTSLineState), (10 bytes).
    Removing swm320_uart.o(i.UART_SetBaudrate), (32 bytes).
    Removing swm320_wdt.o(.rev16_text), (4 bytes).
    Removing swm320_wdt.o(.revsh_text), (4 bytes).
    Removing swm320_wdt.o(.rrx_text), (6 bytes).
    Removing swm320_wdt.o(i.WDT_Feed), (6 bytes).
    Removing swm320_wdt.o(i.WDT_GetValue), (6 bytes).
    Removing swm320_wdt.o(i.WDT_INTClr), (6 bytes).
    Removing swm320_wdt.o(i.WDT_INTStat), (6 bytes).
    Removing swm320_wdt.o(i.WDT_Init), (140 bytes).
    Removing swm320_wdt.o(i.WDT_Start), (10 bytes).
    Removing swm320_wdt.o(i.WDT_Stop), (10 bytes).

309 unused section(s) (total 13758 bytes) removed from the image.

==============================================================================

Image Symbol Table

    Local Symbols

    Symbol Name                              Value     Ov Type        Size  Object(Section)

    RESET                                    0x00000000   Section      328  startup_swm320.o(RESET)
    ../clib/angel/boardlib.s                 0x00000000   Number         0  boardinit2.o ABSOLUTE
    ../clib/angel/boardlib.s                 0x00000000   Number         0  boardinit1.o ABSOLUTE
    ../clib/angel/boardlib.s                 0x00000000   Number         0  boardshut.o ABSOLUTE
    ../clib/angel/boardlib.s                 0x00000000   Number         0  boardinit3.o ABSOLUTE
    ../clib/angel/handlers.s                 0x00000000   Number         0  __scatter_copy.o ABSOLUTE
    ../clib/angel/handlers.s                 0x00000000   Number         0  __scatter_zi.o ABSOLUTE
    ../clib/angel/kernel.s                   0x00000000   Number         0  rtexit.o ABSOLUTE
    ../clib/angel/kernel.s                   0x00000000   Number         0  __rtentry4.o ABSOLUTE
    ../clib/angel/kernel.s                   0x00000000   Number         0  rtexit2.o ABSOLUTE
    ../clib/angel/kernel.s                   0x00000000   Number         0  __rtentry2.o ABSOLUTE
    ../clib/angel/kernel.s                   0x00000000   Number         0  __rtentry.o ABSOLUTE
    ../clib/angel/rt.s                       0x00000000   Number         0  rt_raise.o ABSOLUTE
    ../clib/angel/rt.s                       0x00000000   Number         0  rt_heap_descriptor.o ABSOLUTE
    ../clib/angel/rt.s                       0x00000000   Number         0  rt_heap_descriptor_intlibspace.o ABSOLUTE
    ../clib/angel/rt.s                       0x00000000   Number         0  rt_errno_addr.o ABSOLUTE
    ../clib/angel/rt.s                       0x00000000   Number         0  rt_errno_addr_intlibspace.o ABSOLUTE
    ../clib/angel/scatter.s                  0x00000000   Number         0  __scatter.o ABSOLUTE
    ../clib/angel/startup.s                  0x00000000   Number         0  __main.o ABSOLUTE
    ../clib/angel/sys.s                      0x00000000   Number         0  libspace.o ABSOLUTE
    ../clib/angel/sys.s                      0x00000000   Number         0  use_no_semi.o ABSOLUTE
    ../clib/angel/sys.s                      0x00000000   Number         0  mutex_dummy.o ABSOLUTE
    ../clib/angel/sys.s                      0x00000000   Number         0  indicate_semi.o ABSOLUTE
    ../clib/angel/sys.s                      0x00000000   Number         0  sys_stackheap_outer.o ABSOLUTE
    ../clib/angel/sysapp.c                   0x00000000   Number         0  sys_command.o ABSOLUTE
    ../clib/angel/sysapp.c                   0x00000000   Number         0  sys_io.o ABSOLUTE
    ../clib/angel/sysapp.c                   0x00000000   Number         0  sys_exit.o ABSOLUTE
    ../clib/angel/sysapp.c                   0x00000000   Number         0  sys_wrch.o ABSOLUTE
    ../clib/armsys.c                         0x00000000   Number         0  _get_argv_nomalloc.o ABSOLUTE
    ../clib/armsys.c                         0x00000000   Number         0  no_argv.o ABSOLUTE
    ../clib/armsys.c                         0x00000000   Number         0  argv_veneer.o ABSOLUTE
    ../clib/armsys.c                         0x00000000   Number         0  argv_veneer.o ABSOLUTE
    ../clib/armsys.c                         0x00000000   Number         0  _get_argv.o ABSOLUTE
    ../clib/heap1.c                          0x00000000   Number         0  h1_alloc.o ABSOLUTE
    ../clib/heap1.c                          0x00000000   Number         0  h1_free_mt.o ABSOLUTE
    ../clib/heap1.c                          0x00000000   Number         0  h1_free.o ABSOLUTE
    ../clib/heap1.c                          0x00000000   Number         0  h1_final_mt.o ABSOLUTE
    ../clib/heap1.c                          0x00000000   Number         0  h1_final.o ABSOLUTE
    ../clib/heap1.c                          0x00000000   Number         0  h1_extend_mt.o ABSOLUTE
    ../clib/heap1.c                          0x00000000   Number         0  h1_init_mt.o ABSOLUTE
    ../clib/heap1.c                          0x00000000   Number         0  h1_extend.o ABSOLUTE
    ../clib/heap1.c                          0x00000000   Number         0  h1_init.o ABSOLUTE
    ../clib/heap1.c                          0x00000000   Number         0  h1_alloc_mt.o ABSOLUTE
    ../clib/heap2.c                          0x00000000   Number         0  heap2mt.o ABSOLUTE
    ../clib/heap2.c                          0x00000000   Number         0  heap2.o ABSOLUTE
    ../clib/heap2.c                          0x00000000   Number         0  fdtree.o ABSOLUTE
    ../clib/heapalloc.c                      0x00000000   Number         0  hguard.o ABSOLUTE
    ../clib/heapalloc.c                      0x00000000   Number         0  maybetermalloc2.o ABSOLUTE
    ../clib/heapalloc.c                      0x00000000   Number         0  maybetermalloc1.o ABSOLUTE
    ../clib/heapalloc.c                      0x00000000   Number         0  free.o ABSOLUTE
    ../clib/heapalloc.c                      0x00000000   Number         0  maybetermalloc1.o ABSOLUTE
    ../clib/heapalloc.c                      0x00000000   Number         0  maybetermalloc2.o ABSOLUTE
    ../clib/heapalloc.c                      0x00000000   Number         0  heapstubs.o ABSOLUTE
    ../clib/heapalloc.c                      0x00000000   Number         0  malloc.o ABSOLUTE
    ../clib/heapalloc.c                      0x00000000   Number         0  init_alloc.o ABSOLUTE
    ../clib/heapalloc.c                      0x00000000   Number         0  term_alloc.o ABSOLUTE
    ../clib/heapalloc.c                      0x00000000   Number         0  hrguard.o ABSOLUTE
    ../clib/heapaux.c                        0x00000000   Number         0  heapauxi.o ABSOLUTE
    ../clib/heapaux.c                        0x00000000   Number         0  heapauxa.o ABSOLUTE
    ../clib/libinit.s                        0x00000000   Number         0  libshutdown2.o ABSOLUTE
    ../clib/libinit.s                        0x00000000   Number         0  libinit2.o ABSOLUTE
    ../clib/libinit.s                        0x00000000   Number         0  libinit.o ABSOLUTE
    ../clib/libinit.s                        0x00000000   Number         0  libshutdown.o ABSOLUTE
    ../clib/memcpset.s                       0x00000000   Number         0  rt_memcpy_w.o ABSOLUTE
    ../clib/memcpset.s                       0x00000000   Number         0  rt_memclr_w.o ABSOLUTE
    ../clib/memcpset.s                       0x00000000   Number         0  rt_memcpy_v6.o ABSOLUTE
    ../clib/printf.c                         0x00000000   Number         0  noretval__2printf.o ABSOLUTE
    ../clib/printf.c                         0x00000000   Number         0  __printf.o ABSOLUTE
    ../clib/printf.c                         0x00000000   Number         0  _printf_str.o ABSOLUTE
    ../clib/printf.c                         0x00000000   Number         0  __printf_flags_ss_wp.o ABSOLUTE
    ../clib/printf.c                         0x00000000   Number         0  _printf_char.o ABSOLUTE
    ../clib/printf.c                         0x00000000   Number         0  __printf_ss_wp.o ABSOLUTE
    ../clib/printf.c                         0x00000000   Number         0  _printf_char_file.o ABSOLUTE
    ../clib/printf.c                         0x00000000   Number         0  _printf_char_common.o ABSOLUTE
    ../clib/printf.c                         0x00000000   Number         0  __2printf.o ABSOLUTE
    ../clib/printf.c                         0x00000000   Number         0  __printf_flags_wp.o ABSOLUTE
    ../clib/printf.c                         0x00000000   Number         0  __printf_ss.o ABSOLUTE
    ../clib/printf.c                         0x00000000   Number         0  __printf_nopercent.o ABSOLUTE
    ../clib/printf.c                         0x00000000   Number         0  __printf_wp.o ABSOLUTE
    ../clib/printf.c                         0x00000000   Number         0  __printf_flags_ss.o ABSOLUTE
    ../clib/printf.c                         0x00000000   Number         0  __printf_flags.o ABSOLUTE
    ../clib/printf_percent.s                 0x00000000   Number         0  _printf_percent.o ABSOLUTE
    ../clib/printf_percent.s                 0x00000000   Number         0  _printf_c.o ABSOLUTE
    ../clib/printf_percent.s                 0x00000000   Number         0  _printf_percent_end.o ABSOLUTE
    ../clib/signal.c                         0x00000000   Number         0  defsig_fpe_inner.o ABSOLUTE
    ../clib/signal.c                         0x00000000   Number         0  defsig_stak_inner.o ABSOLUTE
    ../clib/signal.c                         0x00000000   Number         0  defsig_pvfn_inner.o ABSOLUTE
    ../clib/signal.c                         0x00000000   Number         0  defsig_cppl_inner.o ABSOLUTE
    ../clib/signal.c                         0x00000000   Number         0  defsig_segv_inner.o ABSOLUTE
    ../clib/signal.c                         0x00000000   Number         0  defsig_other.o ABSOLUTE
    ../clib/signal.c                         0x00000000   Number         0  __raise.o ABSOLUTE
    ../clib/signal.c                         0x00000000   Number         0  defsig_rtred_outer.o ABSOLUTE
    ../clib/signal.c                         0x00000000   Number         0  defsig_rtred_formal.o ABSOLUTE
    ../clib/signal.c                         0x00000000   Number         0  defsig_exit.o ABSOLUTE
    ../clib/signal.c                         0x00000000   Number         0  defsig_rtred_inner.o ABSOLUTE
    ../clib/signal.c                         0x00000000   Number         0  defsig_general.o ABSOLUTE
    ../clib/signal.c                         0x00000000   Number         0  defsig_rtmem_outer.o ABSOLUTE
    ../clib/signal.c                         0x00000000   Number         0  defsig_rtmem_formal.o ABSOLUTE
    ../clib/signal.c                         0x00000000   Number         0  defsig_rtmem_inner.o ABSOLUTE
    ../clib/signal.c                         0x00000000   Number         0  defsig_abrt_inner.o ABSOLUTE
    ../clib/signal.s                         0x00000000   Number         0  defsig.o ABSOLUTE
    ../clib/stdio.c                          0x00000000   Number         0  ferror.o ABSOLUTE
    ../clib/stdio.c                          0x00000000   Number         0  ferror_locked.o ABSOLUTE
    ../clib/stdio.c                          0x00000000   Number         0  setvbuf.o ABSOLUTE
    ../clib/stdio.c                          0x00000000   Number         0  stdio_streams.o ABSOLUTE
    ../clib/stdio.c                          0x00000000   Number         0  fopen_locked.o ABSOLUTE
    ../clib/stdio.c                          0x00000000   Number         0  streamlock.o ABSOLUTE
    ../clib/stdio.c                          0x00000000   Number         0  ftell.o ABSOLUTE
    ../clib/stdio.c                          0x00000000   Number         0  initio.o ABSOLUTE
    ../clib/stdio.c                          0x00000000   Number         0  stdio.o ABSOLUTE
    ../clib/stdio.c                          0x00000000   Number         0  fseek.o ABSOLUTE
    ../clib/stdio.c                          0x00000000   Number         0  fopen.o ABSOLUTE
    ../clib/stdio.c                          0x00000000   Number         0  fclose.o ABSOLUTE
    ../clib/stdio.c                          0x00000000   Number         0  initio_locked.o ABSOLUTE
    ../clib/stdio.c                          0x00000000   Number         0  setvbuf_locked.o ABSOLUTE
    ../clib/stdlib.c                         0x00000000   Number         0  exit.o ABSOLUTE
    ../clib/string.c                         0x00000000   Number         0  strlen.o ABSOLUTE
    ../fplib/fpinit.s                        0x00000000   Number         0  fpinit.o ABSOLUTE
    C:\Program Files (x86)\K51\ARM\PACK\Synwit\SWM32_DFP\1.8.4\CSL\SWM320\SWM320_StdPeriph_Driver\SWM320_adc.c 0x00000000   Number         0  swm320_adc.o ABSOLUTE
    C:\Program Files (x86)\K51\ARM\PACK\Synwit\SWM32_DFP\1.8.4\CSL\SWM320\SWM320_StdPeriph_Driver\SWM320_can.c 0x00000000   Number         0  swm320_can.o ABSOLUTE
    C:\Program Files (x86)\K51\ARM\PACK\Synwit\SWM32_DFP\1.8.4\CSL\SWM320\SWM320_StdPeriph_Driver\SWM320_crc.c 0x00000000   Number         0  swm320_crc.o ABSOLUTE
    C:\Program Files (x86)\K51\ARM\PACK\Synwit\SWM32_DFP\1.8.4\CSL\SWM320\SWM320_StdPeriph_Driver\SWM320_dma.c 0x00000000   Number         0  swm320_dma.o ABSOLUTE
    C:\Program Files (x86)\K51\ARM\PACK\Synwit\SWM32_DFP\1.8.4\CSL\SWM320\SWM320_StdPeriph_Driver\SWM320_exti.c 0x00000000   Number         0  swm320_exti.o ABSOLUTE
    C:\Program Files (x86)\K51\ARM\PACK\Synwit\SWM32_DFP\1.8.4\CSL\SWM320\SWM320_StdPeriph_Driver\SWM320_flash.c 0x00000000   Number         0  swm320_flash.o ABSOLUTE
    C:\Program Files (x86)\K51\ARM\PACK\Synwit\SWM32_DFP\1.8.4\CSL\SWM320\SWM320_StdPeriph_Driver\SWM320_gpio.c 0x00000000   Number         0  swm320_gpio.o ABSOLUTE
    C:\Program Files (x86)\K51\ARM\PACK\Synwit\SWM32_DFP\1.8.4\CSL\SWM320\SWM320_StdPeriph_Driver\SWM320_i2c.c 0x00000000   Number         0  swm320_i2c.o ABSOLUTE
    C:\Program Files (x86)\K51\ARM\PACK\Synwit\SWM32_DFP\1.8.4\CSL\SWM320\SWM320_StdPeriph_Driver\SWM320_lcd.c 0x00000000   Number         0  swm320_lcd.o ABSOLUTE
    C:\Program Files (x86)\K51\ARM\PACK\Synwit\SWM32_DFP\1.8.4\CSL\SWM320\SWM320_StdPeriph_Driver\SWM320_norflash.c 0x00000000   Number         0  swm320_norflash.o ABSOLUTE
    C:\Program Files (x86)\K51\ARM\PACK\Synwit\SWM32_DFP\1.8.4\CSL\SWM320\SWM320_StdPeriph_Driver\SWM320_port.c 0x00000000   Number         0  swm320_port.o ABSOLUTE
    C:\Program Files (x86)\K51\ARM\PACK\Synwit\SWM32_DFP\1.8.4\CSL\SWM320\SWM320_StdPeriph_Driver\SWM320_pwm.c 0x00000000   Number         0  swm320_pwm.o ABSOLUTE
    C:\Program Files (x86)\K51\ARM\PACK\Synwit\SWM32_DFP\1.8.4\CSL\SWM320\SWM320_StdPeriph_Driver\SWM320_rtc.c 0x00000000   Number         0  swm320_rtc.o ABSOLUTE
    C:\Program Files (x86)\K51\ARM\PACK\Synwit\SWM32_DFP\1.8.4\CSL\SWM320\SWM320_StdPeriph_Driver\SWM320_sdio.c 0x00000000   Number         0  swm320_sdio.o ABSOLUTE
    C:\Program Files (x86)\K51\ARM\PACK\Synwit\SWM32_DFP\1.8.4\CSL\SWM320\SWM320_StdPeriph_Driver\SWM320_sdram.c 0x00000000   Number         0  swm320_sdram.o ABSOLUTE
    C:\Program Files (x86)\K51\ARM\PACK\Synwit\SWM32_DFP\1.8.4\CSL\SWM320\SWM320_StdPeriph_Driver\SWM320_spi.c 0x00000000   Number         0  swm320_spi.o ABSOLUTE
    C:\Program Files (x86)\K51\ARM\PACK\Synwit\SWM32_DFP\1.8.4\CSL\SWM320\SWM320_StdPeriph_Driver\SWM320_sram.c 0x00000000   Number         0  swm320_sram.o ABSOLUTE
    C:\Program Files (x86)\K51\ARM\PACK\Synwit\SWM32_DFP\1.8.4\CSL\SWM320\SWM320_StdPeriph_Driver\SWM320_timr.c 0x00000000   Number         0  swm320_timr.o ABSOLUTE
    C:\Program Files (x86)\K51\ARM\PACK\Synwit\SWM32_DFP\1.8.4\CSL\SWM320\SWM320_StdPeriph_Driver\SWM320_uart.c 0x00000000   Number         0  swm320_uart.o ABSOLUTE
    C:\Program Files (x86)\K51\ARM\PACK\Synwit\SWM32_DFP\1.8.4\CSL\SWM320\SWM320_StdPeriph_Driver\SWM320_wdt.c 0x00000000   Number         0  swm320_wdt.o ABSOLUTE
    C:\\Program Files (x86)\\K51\\ARM\\PACK\\Synwit\\SWM32_DFP\\1.8.4\\CSL\\SWM320\\SWM320_StdPeriph_Driver\\SWM320_adc.c 0x00000000   Number         0  swm320_adc.o ABSOLUTE
    C:\\Program Files (x86)\\K51\\ARM\\PACK\\Synwit\\SWM32_DFP\\1.8.4\\CSL\\SWM320\\SWM320_StdPeriph_Driver\\SWM320_can.c 0x00000000   Number         0  swm320_can.o ABSOLUTE
    C:\\Program Files (x86)\\K51\\ARM\\PACK\\Synwit\\SWM32_DFP\\1.8.4\\CSL\\SWM320\\SWM320_StdPeriph_Driver\\SWM320_crc.c 0x00000000   Number         0  swm320_crc.o ABSOLUTE
    C:\\Program Files (x86)\\K51\\ARM\\PACK\\Synwit\\SWM32_DFP\\1.8.4\\CSL\\SWM320\\SWM320_StdPeriph_Driver\\SWM320_dma.c 0x00000000   Number         0  swm320_dma.o ABSOLUTE
    C:\\Program Files (x86)\\K51\\ARM\\PACK\\Synwit\\SWM32_DFP\\1.8.4\\CSL\\SWM320\\SWM320_StdPeriph_Driver\\SWM320_exti.c 0x00000000   Number         0  swm320_exti.o ABSOLUTE
    C:\\Program Files (x86)\\K51\\ARM\\PACK\\Synwit\\SWM32_DFP\\1.8.4\\CSL\\SWM320\\SWM320_StdPeriph_Driver\\SWM320_flash.c 0x00000000   Number         0  swm320_flash.o ABSOLUTE
    C:\\Program Files (x86)\\K51\\ARM\\PACK\\Synwit\\SWM32_DFP\\1.8.4\\CSL\\SWM320\\SWM320_StdPeriph_Driver\\SWM320_gpio.c 0x00000000   Number         0  swm320_gpio.o ABSOLUTE
    C:\\Program Files (x86)\\K51\\ARM\\PACK\\Synwit\\SWM32_DFP\\1.8.4\\CSL\\SWM320\\SWM320_StdPeriph_Driver\\SWM320_i2c.c 0x00000000   Number         0  swm320_i2c.o ABSOLUTE
    C:\\Program Files (x86)\\K51\\ARM\\PACK\\Synwit\\SWM32_DFP\\1.8.4\\CSL\\SWM320\\SWM320_StdPeriph_Driver\\SWM320_lcd.c 0x00000000   Number         0  swm320_lcd.o ABSOLUTE
    C:\\Program Files (x86)\\K51\\ARM\\PACK\\Synwit\\SWM32_DFP\\1.8.4\\CSL\\SWM320\\SWM320_StdPeriph_Driver\\SWM320_norflash.c 0x00000000   Number         0  swm320_norflash.o ABSOLUTE
    C:\\Program Files (x86)\\K51\\ARM\\PACK\\Synwit\\SWM32_DFP\\1.8.4\\CSL\\SWM320\\SWM320_StdPeriph_Driver\\SWM320_port.c 0x00000000   Number         0  swm320_port.o ABSOLUTE
    C:\\Program Files (x86)\\K51\\ARM\\PACK\\Synwit\\SWM32_DFP\\1.8.4\\CSL\\SWM320\\SWM320_StdPeriph_Driver\\SWM320_pwm.c 0x00000000   Number         0  swm320_pwm.o ABSOLUTE
    C:\\Program Files (x86)\\K51\\ARM\\PACK\\Synwit\\SWM32_DFP\\1.8.4\\CSL\\SWM320\\SWM320_StdPeriph_Driver\\SWM320_rtc.c 0x00000000   Number         0  swm320_rtc.o ABSOLUTE
    C:\\Program Files (x86)\\K51\\ARM\\PACK\\Synwit\\SWM32_DFP\\1.8.4\\CSL\\SWM320\\SWM320_StdPeriph_Driver\\SWM320_sdio.c 0x00000000   Number         0  swm320_sdio.o ABSOLUTE
    C:\\Program Files (x86)\\K51\\ARM\\PACK\\Synwit\\SWM32_DFP\\1.8.4\\CSL\\SWM320\\SWM320_StdPeriph_Driver\\SWM320_sdram.c 0x00000000   Number         0  swm320_sdram.o ABSOLUTE
    C:\\Program Files (x86)\\K51\\ARM\\PACK\\Synwit\\SWM32_DFP\\1.8.4\\CSL\\SWM320\\SWM320_StdPeriph_Driver\\SWM320_spi.c 0x00000000   Number         0  swm320_spi.o ABSOLUTE
    C:\\Program Files (x86)\\K51\\ARM\\PACK\\Synwit\\SWM32_DFP\\1.8.4\\CSL\\SWM320\\SWM320_StdPeriph_Driver\\SWM320_sram.c 0x00000000   Number         0  swm320_sram.o ABSOLUTE
    C:\\Program Files (x86)\\K51\\ARM\\PACK\\Synwit\\SWM32_DFP\\1.8.4\\CSL\\SWM320\\SWM320_StdPeriph_Driver\\SWM320_timr.c 0x00000000   Number         0  swm320_timr.o ABSOLUTE
    C:\\Program Files (x86)\\K51\\ARM\\PACK\\Synwit\\SWM32_DFP\\1.8.4\\CSL\\SWM320\\SWM320_StdPeriph_Driver\\SWM320_uart.c 0x00000000   Number         0  swm320_uart.o ABSOLUTE
    C:\\Program Files (x86)\\K51\\ARM\\PACK\\Synwit\\SWM32_DFP\\1.8.4\\CSL\\SWM320\\SWM320_StdPeriph_Driver\\SWM320_wdt.c 0x00000000   Number         0  swm320_wdt.o ABSOLUTE
    RTE\Device\SWM320xE\startup_SWM320.s     0x00000000   Number         0  startup_swm320.o ABSOLUTE
    RTE\Device\SWM320xE\system_SWM320.c      0x00000000   Number         0  system_swm320.o ABSOLUTE
    RTE\\Device\\SWM320xE\\system_SWM320.c   0x00000000   Number         0  system_swm320.o ABSOLUTE
    dc.s                                     0x00000000   Number         0  dc.o ABSOLUTE
    main.c                                   0x00000000   Number         0  main.o ABSOLUTE
    main.c                                   0x00000000   Number         0  main.o ABSOLUTE
    !!!main                                  0x00000148   Section        8  __main.o(!!!main)
    !!!scatter                               0x00000150   Section       52  __scatter.o(!!!scatter)
    !!handler_copy                           0x00000184   Section       26  __scatter_copy.o(!!handler_copy)
    !!handler_zi                             0x000001a0   Section       28  __scatter_zi.o(!!handler_zi)
    .ARM.Collect$$_printf_percent$$00000000  0x000001bc   Section        0  _printf_percent.o(.ARM.Collect$$_printf_percent$$00000000)
    .ARM.Collect$$_printf_percent$$00000013  0x000001bc   Section        6  _printf_c.o(.ARM.Collect$$_printf_percent$$00000013)
    .ARM.Collect$$_printf_percent$$00000017  0x000001c2   Section        4  _printf_percent_end.o(.ARM.Collect$$_printf_percent$$00000017)
    .ARM.Collect$$libinit$$00000000          0x000001c6   Section        2  libinit.o(.ARM.Collect$$libinit$$00000000)
    .ARM.Collect$$libinit$$00000002          0x000001c8   Section        0  libinit2.o(.ARM.Collect$$libinit$$00000002)
    .ARM.Collect$$libinit$$00000004          0x000001c8   Section        0  libinit2.o(.ARM.Collect$$libinit$$00000004)
    .ARM.Collect$$libinit$$00000005          0x000001c8   Section        8  libinit2.o(.ARM.Collect$$libinit$$00000005)
    .ARM.Collect$$libinit$$0000000A          0x000001d0   Section        0  libinit2.o(.ARM.Collect$$libinit$$0000000A)
    .ARM.Collect$$libinit$$0000000C          0x000001d0   Section        0  libinit2.o(.ARM.Collect$$libinit$$0000000C)
    .ARM.Collect$$libinit$$0000000E          0x000001d0   Section        0  libinit2.o(.ARM.Collect$$libinit$$0000000E)
    .ARM.Collect$$libinit$$00000011          0x000001d0   Section        0  libinit2.o(.ARM.Collect$$libinit$$00000011)
    .ARM.Collect$$libinit$$00000013          0x000001d0   Section        0  libinit2.o(.ARM.Collect$$libinit$$00000013)
    .ARM.Collect$$libinit$$00000015          0x000001d0   Section        0  libinit2.o(.ARM.Collect$$libinit$$00000015)
    .ARM.Collect$$libinit$$00000017          0x000001d0   Section        0  libinit2.o(.ARM.Collect$$libinit$$00000017)
    .ARM.Collect$$libinit$$00000019          0x000001d0   Section        0  libinit2.o(.ARM.Collect$$libinit$$00000019)
    .ARM.Collect$$libinit$$0000001B          0x000001d0   Section        0  libinit2.o(.ARM.Collect$$libinit$$0000001B)
    .ARM.Collect$$libinit$$0000001D          0x000001d0   Section        0  libinit2.o(.ARM.Collect$$libinit$$0000001D)
    .ARM.Collect$$libinit$$0000001F          0x000001d0   Section        0  libinit2.o(.ARM.Collect$$libinit$$0000001F)
    .ARM.Collect$$libinit$$00000021          0x000001d0   Section        0  libinit2.o(.ARM.Collect$$libinit$$00000021)
    .ARM.Collect$$libinit$$00000023          0x000001d0   Section        0  libinit2.o(.ARM.Collect$$libinit$$00000023)
    .ARM.Collect$$libinit$$00000024          0x000001d0   Section        4  libinit2.o(.ARM.Collect$$libinit$$00000024)
    .ARM.Collect$$libinit$$00000025          0x000001d4   Section        0  libinit2.o(.ARM.Collect$$libinit$$00000025)
    .ARM.Collect$$libinit$$0000002C          0x000001d4   Section        0  libinit2.o(.ARM.Collect$$libinit$$0000002C)
    .ARM.Collect$$libinit$$0000002E          0x000001d4   Section        0  libinit2.o(.ARM.Collect$$libinit$$0000002E)
    .ARM.Collect$$libinit$$00000030          0x000001d4   Section        0  libinit2.o(.ARM.Collect$$libinit$$00000030)
    .ARM.Collect$$libinit$$00000032          0x000001d4   Section        0  libinit2.o(.ARM.Collect$$libinit$$00000032)
    .ARM.Collect$$libinit$$00000033          0x000001d4   Section        2  libinit2.o(.ARM.Collect$$libinit$$00000033)
    .ARM.Collect$$libshutdown$$00000000      0x000001d6   Section        2  libshutdown.o(.ARM.Collect$$libshutdown$$00000000)
    .ARM.Collect$$libshutdown$$00000002      0x000001d8   Section        0  libshutdown2.o(.ARM.Collect$$libshutdown$$00000002)
    .ARM.Collect$$libshutdown$$00000003      0x000001d8   Section        4  libshutdown2.o(.ARM.Collect$$libshutdown$$00000003)
    .ARM.Collect$$libshutdown$$00000004      0x000001dc   Section        0  libshutdown2.o(.ARM.Collect$$libshutdown$$00000004)
    .ARM.Collect$$libshutdown$$00000007      0x000001dc   Section        0  libshutdown2.o(.ARM.Collect$$libshutdown$$00000007)
    .ARM.Collect$$libshutdown$$0000000A      0x000001dc   Section        0  libshutdown2.o(.ARM.Collect$$libshutdown$$0000000A)
    .ARM.Collect$$libshutdown$$0000000C      0x000001dc   Section        0  libshutdown2.o(.ARM.Collect$$libshutdown$$0000000C)
    .ARM.Collect$$libshutdown$$0000000F      0x000001dc   Section        0  libshutdown2.o(.ARM.Collect$$libshutdown$$0000000F)
    .ARM.Collect$$libshutdown$$00000010      0x000001dc   Section        2  libshutdown2.o(.ARM.Collect$$libshutdown$$00000010)
    .ARM.Collect$$rtentry$$00000000          0x000001de   Section        0  __rtentry.o(.ARM.Collect$$rtentry$$00000000)
    .ARM.Collect$$rtentry$$00000002          0x000001de   Section        0  __rtentry2.o(.ARM.Collect$$rtentry$$00000002)
    .ARM.Collect$$rtentry$$00000004          0x000001de   Section        6  __rtentry4.o(.ARM.Collect$$rtentry$$00000004)
    .ARM.Collect$$rtentry$$00000009          0x000001e4   Section        0  __rtentry2.o(.ARM.Collect$$rtentry$$00000009)
    .ARM.Collect$$rtentry$$0000000A          0x000001e4   Section        4  __rtentry2.o(.ARM.Collect$$rtentry$$0000000A)
    .ARM.Collect$$rtentry$$0000000C          0x000001e8   Section        0  __rtentry2.o(.ARM.Collect$$rtentry$$0000000C)
    .ARM.Collect$$rtentry$$0000000D          0x000001e8   Section        8  __rtentry2.o(.ARM.Collect$$rtentry$$0000000D)
    .ARM.Collect$$rtexit$$00000000           0x000001f0   Section        2  rtexit.o(.ARM.Collect$$rtexit$$00000000)
    .ARM.Collect$$rtexit$$00000002           0x000001f2   Section        0  rtexit2.o(.ARM.Collect$$rtexit$$00000002)
    .ARM.Collect$$rtexit$$00000003           0x000001f2   Section        4  rtexit2.o(.ARM.Collect$$rtexit$$00000003)
    .ARM.Collect$$rtexit$$00000004           0x000001f6   Section        6  rtexit2.o(.ARM.Collect$$rtexit$$00000004)
    .emb_text                                0x000001fc   Section        0  maybetermalloc1.o(.emb_text)
    .text                                    0x000001fc   Section      184  startup_swm320.o(.text)
    .text                                    0x000002b4   Section        0  noretval__2printf.o(.text)
    .text                                    0x000002cc   Section        0  __printf.o(.text)
    .text                                    0x00000334   Section        0  _printf_str.o(.text)
    .text                                    0x00000386   Section      138  rt_memcpy_v6.o(.text)
    .text                                    0x00000410   Section      100  rt_memcpy_w.o(.text)
    .text                                    0x00000474   Section       78  rt_memclr_w.o(.text)
    .text                                    0x000004c2   Section        0  heapauxi.o(.text)
    .text                                    0x000004c8   Section        0  _printf_char.o(.text)
    .text                                    0x000004f4   Section        0  _printf_char_file.o(.text)
    .text                                    0x00000518   Section        0  _printf_char_common.o(.text)
    _printf_input_char                       0x00000519   Thumb Code    10  _printf_char_common.o(.text)
    .text                                    0x00000548   Section        0  ferror.o(.text)
    .text                                    0x00000550   Section        0  initio.o(.text)
    .text                                    0x00000688   Section        0  sys_io.o(.text)
    .text                                    0x000006ee   Section       74  sys_stackheap_outer.o(.text)
    .text                                    0x00000738   Section        0  h1_free.o(.text)
    .text                                    0x00000786   Section        0  setvbuf.o(.text)
    .text                                    0x000007cc   Section        0  fopen.o(.text)
    _freopen_locked                          0x000007cd   Thumb Code     0  fopen.o(.text)
    .text                                    0x000008b8   Section        0  fclose.o(.text)
    .text                                    0x00000904   Section        0  exit.o(.text)
    .text                                    0x00000916   Section        0  defsig_rtred_outer.o(.text)
    .text                                    0x00000924   Section        8  libspace.o(.text)
    .text                                    0x0000092c   Section        2  use_no_semi.o(.text)
    .text                                    0x0000092e   Section        0  indicate_semi.o(.text)
    .text                                    0x00000930   Section        8  rt_heap_descriptor_intlibspace.o(.text)
    .text                                    0x00000938   Section        0  hguard.o(.text)
    .text                                    0x0000093c   Section        0  init_alloc.o(.text)
    .text                                    0x000009c6   Section        0  h1_alloc.o(.text)
    .text                                    0x00000a24   Section        0  fseek.o(.text)
    .text                                    0x00000b1c   Section        0  stdio.o(.text)
    .text                                    0x00000c0c   Section        0  defsig_exit.o(.text)
    .text                                    0x00000c18   Section        0  defsig_rtred_inner.o(.text)
    .text                                    0x00000c4c   Section        0  strlen.o(.text)
    .text                                    0x00000c8c   Section        0  sys_exit.o(.text)
    .text                                    0x00000c98   Section        0  h1_init.o(.text)
    .text                                    0x00000ca6   Section        0  h1_extend.o(.text)
    .text                                    0x00000cda   Section        0  ftell.o(.text)
    .text                                    0x00000d1c   Section        0  defsig_general.o(.text)
    .text                                    0x00000d4e   Section        0  defsig_rtmem_outer.o(.text)
    .text                                    0x00000d5c   Section        0  sys_wrch.o(.text)
    .text                                    0x00000d6c   Section        8  rt_errno_addr_intlibspace.o(.text)
    .text                                    0x00000d74   Section        0  defsig_rtmem_inner.o(.text)
    i.GPIO_ClrBit                            0x00000dc4   Section        0  swm320_gpio.o(i.GPIO_ClrBit)
    i.GPIO_Init                              0x00000dd0   Section        0  swm320_gpio.o(i.GPIO_Init)
    i.GPIO_InvBit                            0x000010bc   Section        0  swm320_gpio.o(i.GPIO_InvBit)
    i.PLLInit                                0x000010c8   Section        0  system_swm320.o(i.PLLInit)
    i.PORT_Init                              0x00001124   Section        0  swm320_port.o(i.PORT_Init)
    i.SerialInit                             0x0000176c   Section        0  main.o(i.SerialInit)
    i.SystemCoreClockUpdate                  0x000017d4   Section        0  system_swm320.o(i.SystemCoreClockUpdate)
    i.SystemInit                             0x0000187c   Section        0  system_swm320.o(i.SystemInit)
    i.UART0_Handler                          0x000018dc   Section        0  main.o(i.UART0_Handler)
    i.UART_Close                             0x00001970   Section        0  swm320_uart.o(i.UART_Close)
    i.UART_GetChars                          0x0000197c   Section        0  main.o(i.UART_GetChars)
    i.UART_INTRXThresholdStat                0x00001a04   Section        0  swm320_uart.o(i.UART_INTRXThresholdStat)
    i.UART_INTTimeoutStat                    0x00001a0e   Section        0  swm320_uart.o(i.UART_INTTimeoutStat)
    i.UART_Init                              0x00001a18   Section        0  swm320_uart.o(i.UART_Init)
    i.UART_IsRXFIFOEmpty                     0x00001ba8   Section        0  swm320_uart.o(i.UART_IsRXFIFOEmpty)
    i.UART_IsTXBusy                          0x00001bb4   Section        0  swm320_uart.o(i.UART_IsTXBusy)
    i.UART_Open                              0x00001bc2   Section        0  swm320_uart.o(i.UART_Open)
    i.UART_ReadByte                          0x00001bcc   Section        0  swm320_uart.o(i.UART_ReadByte)
    i.UART_WriteByte                         0x00001be4   Section        0  swm320_uart.o(i.UART_WriteByte)
    i.__NVIC_DisableIRQ                      0x00001be8   Section        0  swm320_uart.o(i.__NVIC_DisableIRQ)
    __NVIC_DisableIRQ                        0x00001be9   Thumb Code    54  swm320_uart.o(i.__NVIC_DisableIRQ)
    i.__NVIC_EnableIRQ                       0x00001c24   Section        0  swm320_uart.o(i.__NVIC_EnableIRQ)
    __NVIC_EnableIRQ                         0x00001c25   Thumb Code    26  swm320_uart.o(i.__NVIC_EnableIRQ)
    i.fputc                                  0x00001c40   Section        0  main.o(i.fputc)
    i.main                                   0x00001c64   Section        0  main.o(i.main)
    i.switchCLK_20MHz                        0x00001ccc   Section        0  system_swm320.o(i.switchCLK_20MHz)
    i.switchCLK_32KHz                        0x00001d00   Section        0  system_swm320.o(i.switchCLK_32KHz)
    i.switchCLK_40MHz                        0x00001d48   Section        0  system_swm320.o(i.switchCLK_40MHz)
    i.switchCLK_PLL                          0x00001d7c   Section        0  system_swm320.o(i.switchCLK_PLL)
    i.switchCLK_XTAL                         0x00001dbc   Section        0  system_swm320.o(i.switchCLK_XTAL)
    .constdata                               0x00001df0   Section        4  sys_io.o(.constdata)
    .constdata                               0x00001df4   Section        4  sys_io.o(.constdata)
    .constdata                               0x00001df8   Section        4  sys_io.o(.constdata)
    .data                                    0x20000000   Section        4  main.o(.data)
    .data                                    0x20000004   Section        8  system_swm320.o(.data)
    .data                                    0x2000000c   Section        4  stdio_streams.o(.data)
    .data                                    0x20000010   Section        4  stdio_streams.o(.data)
    .data                                    0x20000014   Section        4  stdio_streams.o(.data)
    .bss                                     0x20000018   Section      128  main.o(.bss)
    .bss                                     0x20000098   Section       84  stdio_streams.o(.bss)
    .bss                                     0x200000ec   Section       84  stdio_streams.o(.bss)
    .bss                                     0x20000140   Section       84  stdio_streams.o(.bss)
    .bss                                     0x20000194   Section       96  libspace.o(.bss)
    HEAP                                     0x200001f8   Section      512  startup_swm320.o(HEAP)
    Heap_Mem                                 0x200001f8   Data         512  startup_swm320.o(HEAP)
    STACK                                    0x200003f8   Section     1024  startup_swm320.o(STACK)
    Stack_Mem                                0x200003f8   Data        1024  startup_swm320.o(STACK)
    __initial_sp                             0x200007f8   Data           0  startup_swm320.o(STACK)

    Global Symbols

    Symbol Name                              Value     Ov Type        Size  Object(Section)

    BuildAttributes$$THM_ISAv4$E$P$D$K$B$S$7EM$PE$A:L22UL41UL21$X:L11$S22US41US21$IEEE1$IW$USESV6$~STKCKD$USESV7$~SHL$OTIME$ROPI$EBA8$UX$STANDARDLIB$REQ8$PRES8$EABIv2 0x00000000   Number         0  anon$$obj.o ABSOLUTE
    __ARM_use_no_argv                        0x00000000   Number         0  main.o ABSOLUTE
    __Vectors                                0x00000000   Data           4  startup_swm320.o(RESET)
    __ARM_exceptions_init                     - Undefined Weak Reference
    __alloca_initialize                       - Undefined Weak Reference
    __arm_preinit_                            - Undefined Weak Reference
    __cpp_initialize__aeabi_                  - Undefined Weak Reference
    __cxa_finalize                            - Undefined Weak Reference
    __rt_locale                               - Undefined Weak Reference
    __sigvec_lookup                           - Undefined Weak Reference
    __user_heap_extent                        - Undefined Weak Reference
    _atexit_init                              - Undefined Weak Reference
    _call_atexit_fns                          - Undefined Weak Reference
    _clock_init                               - Undefined Weak Reference
    _fp_trap_init                             - Undefined Weak Reference
    _fp_trap_shutdown                         - Undefined Weak Reference
    _get_lc_collate                           - Undefined Weak Reference
    _get_lc_ctype                             - Undefined Weak Reference
    _get_lc_monetary                          - Undefined Weak Reference
    _get_lc_numeric                           - Undefined Weak Reference
    _get_lc_time                              - Undefined Weak Reference
    _getenv_init                              - Undefined Weak Reference
    _handle_redirection                       - Undefined Weak Reference
    _mutex_acquire                            - Undefined Weak Reference
    _mutex_free                               - Undefined Weak Reference
    _mutex_release                            - Undefined Weak Reference
    _printf_mbtowc                            - Undefined Weak Reference
    _printf_post_padding                      - Undefined Weak Reference
    _printf_pre_padding                       - Undefined Weak Reference
    _rand_init                                - Undefined Weak Reference
    _signal_finish                            - Undefined Weak Reference
    _signal_init                              - Undefined Weak Reference
    __Vectors_End                            0x00000148   Data           0  startup_swm320.o(RESET)
    __Vectors_Size                           0x00000148   Number         0  startup_swm320.o ABSOLUTE
    __main                                   0x00000149   Thumb Code     8  __main.o(!!!main)
    __scatterload                            0x00000151   Thumb Code     0  __scatter.o(!!!scatter)
    __scatterload_rt2                        0x00000151   Thumb Code    44  __scatter.o(!!!scatter)
    __scatterload_rt2_thumb_only             0x00000151   Thumb Code     0  __scatter.o(!!!scatter)
    __scatterload_null                       0x0000015f   Thumb Code     0  __scatter.o(!!!scatter)
    __scatterload_copy                       0x00000185   Thumb Code    26  __scatter_copy.o(!!handler_copy)
    __scatterload_zeroinit                   0x000001a1   Thumb Code    28  __scatter_zi.o(!!handler_zi)
    _printf_c                                0x000001bd   Thumb Code     0  _printf_c.o(.ARM.Collect$$_printf_percent$$00000013)
    _printf_percent                          0x000001bd   Thumb Code     0  _printf_percent.o(.ARM.Collect$$_printf_percent$$00000000)
    _printf_percent_end                      0x000001c3   Thumb Code     0  _printf_percent_end.o(.ARM.Collect$$_printf_percent$$00000017)
    __rt_lib_init                            0x000001c7   Thumb Code     0  libinit.o(.ARM.Collect$$libinit$$00000000)
    __rt_lib_init_fp_1                       0x000001c9   Thumb Code     0  libinit2.o(.ARM.Collect$$libinit$$00000002)
    __rt_lib_init_heap_2                     0x000001c9   Thumb Code     0  libinit2.o(.ARM.Collect$$libinit$$00000005)
    __rt_lib_init_preinit_1                  0x000001c9   Thumb Code     0  libinit2.o(.ARM.Collect$$libinit$$00000004)
    __rt_lib_init_atexit_1                   0x000001d1   Thumb Code     0  libinit2.o(.ARM.Collect$$libinit$$0000001B)
    __rt_lib_init_clock_1                    0x000001d1   Thumb Code     0  libinit2.o(.ARM.Collect$$libinit$$00000021)
    __rt_lib_init_fp_trap_1                  0x000001d1   Thumb Code     0  libinit2.o(.ARM.Collect$$libinit$$0000001F)
    __rt_lib_init_getenv_1                   0x000001d1   Thumb Code     0  libinit2.o(.ARM.Collect$$libinit$$00000023)
    __rt_lib_init_heap_1                     0x000001d1   Thumb Code     0  libinit2.o(.ARM.Collect$$libinit$$0000000A)
    __rt_lib_init_lc_collate_1               0x000001d1   Thumb Code     0  libinit2.o(.ARM.Collect$$libinit$$00000011)
    __rt_lib_init_lc_ctype_1                 0x000001d1   Thumb Code     0  libinit2.o(.ARM.Collect$$libinit$$00000013)
    __rt_lib_init_lc_monetary_1              0x000001d1   Thumb Code     0  libinit2.o(.ARM.Collect$$libinit$$00000015)
    __rt_lib_init_lc_numeric_1               0x000001d1   Thumb Code     0  libinit2.o(.ARM.Collect$$libinit$$00000017)
    __rt_lib_init_lc_time_1                  0x000001d1   Thumb Code     0  libinit2.o(.ARM.Collect$$libinit$$00000019)
    __rt_lib_init_rand_1                     0x000001d1   Thumb Code     0  libinit2.o(.ARM.Collect$$libinit$$0000000E)
    __rt_lib_init_signal_1                   0x000001d1   Thumb Code     0  libinit2.o(.ARM.Collect$$libinit$$0000001D)
    __rt_lib_init_stdio_2                    0x000001d1   Thumb Code     0  libinit2.o(.ARM.Collect$$libinit$$00000024)
    __rt_lib_init_user_alloc_1               0x000001d1   Thumb Code     0  libinit2.o(.ARM.Collect$$libinit$$0000000C)
    __rt_lib_init_alloca_1                   0x000001d5   Thumb Code     0  libinit2.o(.ARM.Collect$$libinit$$0000002E)
    __rt_lib_init_argv_1                     0x000001d5   Thumb Code     0  libinit2.o(.ARM.Collect$$libinit$$0000002C)
    __rt_lib_init_cpp_1                      0x000001d5   Thumb Code     0  libinit2.o(.ARM.Collect$$libinit$$00000032)
    __rt_lib_init_exceptions_1               0x000001d5   Thumb Code     0  libinit2.o(.ARM.Collect$$libinit$$00000030)
    __rt_lib_init_return                     0x000001d5   Thumb Code     0  libinit2.o(.ARM.Collect$$libinit$$00000033)
    __rt_lib_init_stdio_1                    0x000001d5   Thumb Code     0  libinit2.o(.ARM.Collect$$libinit$$00000025)
    __rt_lib_shutdown                        0x000001d7   Thumb Code     0  libshutdown.o(.ARM.Collect$$libshutdown$$00000000)
    __rt_lib_shutdown_cpp_1                  0x000001d9   Thumb Code     0  libshutdown2.o(.ARM.Collect$$libshutdown$$00000002)
    __rt_lib_shutdown_stdio_2                0x000001d9   Thumb Code     0  libshutdown2.o(.ARM.Collect$$libshutdown$$00000003)
    __rt_lib_shutdown_fp_trap_1              0x000001dd   Thumb Code     0  libshutdown2.o(.ARM.Collect$$libshutdown$$00000007)
    __rt_lib_shutdown_heap_1                 0x000001dd   Thumb Code     0  libshutdown2.o(.ARM.Collect$$libshutdown$$0000000F)
    __rt_lib_shutdown_return                 0x000001dd   Thumb Code     0  libshutdown2.o(.ARM.Collect$$libshutdown$$00000010)
    __rt_lib_shutdown_signal_1               0x000001dd   Thumb Code     0  libshutdown2.o(.ARM.Collect$$libshutdown$$0000000A)
    __rt_lib_shutdown_stdio_1                0x000001dd   Thumb Code     0  libshutdown2.o(.ARM.Collect$$libshutdown$$00000004)
    __rt_lib_shutdown_user_alloc_1           0x000001dd   Thumb Code     0  libshutdown2.o(.ARM.Collect$$libshutdown$$0000000C)
    __rt_entry                               0x000001df   Thumb Code     0  __rtentry.o(.ARM.Collect$$rtentry$$00000000)
    __rt_entry_presh_1                       0x000001df   Thumb Code     0  __rtentry2.o(.ARM.Collect$$rtentry$$00000002)
    __rt_entry_sh                            0x000001df   Thumb Code     0  __rtentry4.o(.ARM.Collect$$rtentry$$00000004)
    __rt_entry_li                            0x000001e5   Thumb Code     0  __rtentry2.o(.ARM.Collect$$rtentry$$0000000A)
    __rt_entry_postsh_1                      0x000001e5   Thumb Code     0  __rtentry2.o(.ARM.Collect$$rtentry$$00000009)
    __rt_entry_main                          0x000001e9   Thumb Code     0  __rtentry2.o(.ARM.Collect$$rtentry$$0000000D)
    __rt_entry_postli_1                      0x000001e9   Thumb Code     0  __rtentry2.o(.ARM.Collect$$rtentry$$0000000C)
    __rt_exit                                0x000001f1   Thumb Code     0  rtexit.o(.ARM.Collect$$rtexit$$00000000)
    __rt_exit_ls                             0x000001f3   Thumb Code     0  rtexit2.o(.ARM.Collect$$rtexit$$00000003)
    __rt_exit_prels_1                        0x000001f3   Thumb Code     0  rtexit2.o(.ARM.Collect$$rtexit$$00000002)
    __rt_exit_exit                           0x000001f7   Thumb Code     0  rtexit2.o(.ARM.Collect$$rtexit$$00000004)
    Reset_Handler                            0x000001fd   Thumb Code     4  startup_swm320.o(.text)
    _maybe_terminate_alloc                   0x000001fd   Thumb Code     0  maybetermalloc1.o(.emb_text)
    NMI_Handler                              0x00000201   Thumb Code     2  startup_swm320.o(.text)
    HardFault_Handler                        0x00000203   Thumb Code     2  startup_swm320.o(.text)
    MemManage_Handler                        0x00000205   Thumb Code     2  startup_swm320.o(.text)
    BusFault_Handler                         0x00000207   Thumb Code     2  startup_swm320.o(.text)
    UsageFault_Handler                       0x00000209   Thumb Code     2  startup_swm320.o(.text)
    SVC_Handler                              0x0000020b   Thumb Code     2  startup_swm320.o(.text)
    DebugMon_Handler                         0x0000020d   Thumb Code     2  startup_swm320.o(.text)
    PendSV_Handler                           0x0000020f   Thumb Code     2  startup_swm320.o(.text)
    SysTick_Handler                          0x00000211   Thumb Code     2  startup_swm320.o(.text)
    GPIOA0_Handler                           0x00000213   Thumb Code     2  startup_swm320.o(.text)
    GPIOA1_Handler                           0x00000215   Thumb Code     2  startup_swm320.o(.text)
    GPIOA2_Handler                           0x00000217   Thumb Code     2  startup_swm320.o(.text)
    GPIOA3_Handler                           0x00000219   Thumb Code     2  startup_swm320.o(.text)
    GPIOA4_Handler                           0x0000021b   Thumb Code     2  startup_swm320.o(.text)
    GPIOA5_Handler                           0x0000021d   Thumb Code     2  startup_swm320.o(.text)
    GPIOA6_Handler                           0x0000021f   Thumb Code     2  startup_swm320.o(.text)
    GPIOA7_Handler                           0x00000221   Thumb Code     2  startup_swm320.o(.text)
    GPIOB0_Handler                           0x00000223   Thumb Code     2  startup_swm320.o(.text)
    GPIOB1_Handler                           0x00000225   Thumb Code     2  startup_swm320.o(.text)
    GPIOB2_Handler                           0x00000227   Thumb Code     2  startup_swm320.o(.text)
    GPIOB3_Handler                           0x00000229   Thumb Code     2  startup_swm320.o(.text)
    GPIOB4_Handler                           0x0000022b   Thumb Code     2  startup_swm320.o(.text)
    GPIOB5_Handler                           0x0000022d   Thumb Code     2  startup_swm320.o(.text)
    GPIOB6_Handler                           0x0000022f   Thumb Code     2  startup_swm320.o(.text)
    GPIOB7_Handler                           0x00000231   Thumb Code     2  startup_swm320.o(.text)
    GPIOC0_Handler                           0x00000233   Thumb Code     2  startup_swm320.o(.text)
    GPIOC1_Handler                           0x00000235   Thumb Code     2  startup_swm320.o(.text)
    GPIOC2_Handler                           0x00000237   Thumb Code     2  startup_swm320.o(.text)
    GPIOC3_Handler                           0x00000239   Thumb Code     2  startup_swm320.o(.text)
    GPIOC4_Handler                           0x0000023b   Thumb Code     2  startup_swm320.o(.text)
    GPIOC5_Handler                           0x0000023d   Thumb Code     2  startup_swm320.o(.text)
    GPIOC6_Handler                           0x0000023f   Thumb Code     2  startup_swm320.o(.text)
    GPIOC7_Handler                           0x00000241   Thumb Code     2  startup_swm320.o(.text)
    GPIOM0_Handler                           0x00000243   Thumb Code     2  startup_swm320.o(.text)
    GPIOM1_Handler                           0x00000245   Thumb Code     2  startup_swm320.o(.text)
    GPIOM2_Handler                           0x00000247   Thumb Code     2  startup_swm320.o(.text)
    GPIOM3_Handler                           0x00000249   Thumb Code     2  startup_swm320.o(.text)
    GPIOM4_Handler                           0x0000024b   Thumb Code     2  startup_swm320.o(.text)
    GPIOM5_Handler                           0x0000024d   Thumb Code     2  startup_swm320.o(.text)
    GPIOM6_Handler                           0x0000024f   Thumb Code     2  startup_swm320.o(.text)
    GPIOM7_Handler                           0x00000251   Thumb Code     2  startup_swm320.o(.text)
    DMA_Handler                              0x00000253   Thumb Code     2  startup_swm320.o(.text)
    LCD_Handler                              0x00000255   Thumb Code     2  startup_swm320.o(.text)
    NORFLC_Handler                           0x00000257   Thumb Code     2  startup_swm320.o(.text)
    CAN_Handler                              0x00000259   Thumb Code     2  startup_swm320.o(.text)
    PULSE_Handler                            0x0000025b   Thumb Code     2  startup_swm320.o(.text)
    WDT_Handler                              0x0000025d   Thumb Code     2  startup_swm320.o(.text)
    PWM_Handler                              0x0000025f   Thumb Code     2  startup_swm320.o(.text)
    UART1_Handler                            0x00000263   Thumb Code     2  startup_swm320.o(.text)
    UART2_Handler                            0x00000265   Thumb Code     2  startup_swm320.o(.text)
    UART3_Handler                            0x00000267   Thumb Code     2  startup_swm320.o(.text)
    I2C0_Handler                             0x00000269   Thumb Code     2  startup_swm320.o(.text)
    I2C1_Handler                             0x0000026b   Thumb Code     2  startup_swm320.o(.text)
    SPI0_Handler                             0x0000026d   Thumb Code     2  startup_swm320.o(.text)
    ADC0_Handler                             0x0000026f   Thumb Code     2  startup_swm320.o(.text)
    RTC_Handler                              0x00000271   Thumb Code     2  startup_swm320.o(.text)
    BOD_Handler                              0x00000273   Thumb Code     2  startup_swm320.o(.text)
    SDIO_Handler                             0x00000275   Thumb Code     2  startup_swm320.o(.text)
    GPIOA_Handler                            0x00000277   Thumb Code     2  startup_swm320.o(.text)
    GPIOB_Handler                            0x00000279   Thumb Code     2  startup_swm320.o(.text)
    GPIOC_Handler                            0x0000027b   Thumb Code     2  startup_swm320.o(.text)
    GPIOM_Handler                            0x0000027d   Thumb Code     2  startup_swm320.o(.text)
    GPION_Handler                            0x0000027f   Thumb Code     2  startup_swm320.o(.text)
    GPIOP_Handler                            0x00000281   Thumb Code     2  startup_swm320.o(.text)
    ADC1_Handler                             0x00000283   Thumb Code     2  startup_swm320.o(.text)
    FPU_Handler                              0x00000285   Thumb Code     2  startup_swm320.o(.text)
    SPI1_Handler                             0x00000287   Thumb Code     2  startup_swm320.o(.text)
    TIMR0_Handler                            0x00000289   Thumb Code     2  startup_swm320.o(.text)
    TIMR1_Handler                            0x0000028b   Thumb Code     2  startup_swm320.o(.text)
    TIMR2_Handler                            0x0000028d   Thumb Code     2  startup_swm320.o(.text)
    TIMR3_Handler                            0x0000028f   Thumb Code     2  startup_swm320.o(.text)
    TIMR4_Handler                            0x00000291   Thumb Code     2  startup_swm320.o(.text)
    TIMR5_Handler                            0x00000293   Thumb Code     2  startup_swm320.o(.text)
    __user_initial_stackheap                 0x00000295   Thumb Code     0  startup_swm320.o(.text)
    __2printf                                0x000002b5   Thumb Code    20  noretval__2printf.o(.text)
    __printf                                 0x000002cd   Thumb Code   104  __printf.o(.text)
    _printf_str                              0x00000335   Thumb Code    82  _printf_str.o(.text)
    __aeabi_memcpy                           0x00000387   Thumb Code     0  rt_memcpy_v6.o(.text)
    __rt_memcpy                              0x00000387   Thumb Code   138  rt_memcpy_v6.o(.text)
    _memcpy_lastbytes                        0x000003ed   Thumb Code     0  rt_memcpy_v6.o(.text)
    __aeabi_memcpy4                          0x00000411   Thumb Code     0  rt_memcpy_w.o(.text)
    __aeabi_memcpy8                          0x00000411   Thumb Code     0  rt_memcpy_w.o(.text)
    __rt_memcpy_w                            0x00000411   Thumb Code   100  rt_memcpy_w.o(.text)
    _memcpy_lastbytes_aligned                0x00000459   Thumb Code     0  rt_memcpy_w.o(.text)
    __aeabi_memclr4                          0x00000475   Thumb Code     0  rt_memclr_w.o(.text)
    __aeabi_memclr8                          0x00000475   Thumb Code     0  rt_memclr_w.o(.text)
    __rt_memclr_w                            0x00000475   Thumb Code    78  rt_memclr_w.o(.text)
    _memset_w                                0x00000479   Thumb Code     0  rt_memclr_w.o(.text)
    __use_two_region_memory                  0x000004c3   Thumb Code     2  heapauxi.o(.text)
    __rt_heap_escrow                         0x000004c5   Thumb Code     2  heapauxi.o(.text)
    __rt_heap_expand                         0x000004c7   Thumb Code     2  heapauxi.o(.text)
    _printf_cs_common                        0x000004c9   Thumb Code    20  _printf_char.o(.text)
    _printf_char                             0x000004dd   Thumb Code    16  _printf_char.o(.text)
    _printf_string                           0x000004ed   Thumb Code     8  _printf_char.o(.text)
    _printf_char_file                        0x000004f5   Thumb Code    32  _printf_char_file.o(.text)
    _printf_char_common                      0x00000523   Thumb Code    32  _printf_char_common.o(.text)
    ferror                                   0x00000549   Thumb Code     8  ferror.o(.text)
    _initio                                  0x00000551   Thumb Code   210  initio.o(.text)
    _terminateio                             0x00000623   Thumb Code    56  initio.o(.text)
    _sys_open                                0x00000689   Thumb Code    20  sys_io.o(.text)
    _sys_close                               0x0000069d   Thumb Code    12  sys_io.o(.text)
    _sys_write                               0x000006a9   Thumb Code    16  sys_io.o(.text)
    _sys_read                                0x000006b9   Thumb Code    14  sys_io.o(.text)
    _sys_istty                               0x000006c7   Thumb Code    12  sys_io.o(.text)
    _sys_seek                                0x000006d3   Thumb Code    14  sys_io.o(.text)
    _sys_ensure                              0x000006e1   Thumb Code     2  sys_io.o(.text)
    _sys_flen                                0x000006e3   Thumb Code    12  sys_io.o(.text)
    __user_setup_stackheap                   0x000006ef   Thumb Code    74  sys_stackheap_outer.o(.text)
    free                                     0x00000739   Thumb Code    78  h1_free.o(.text)
    setvbuf                                  0x00000787   Thumb Code    70  setvbuf.o(.text)
    freopen                                  0x000007cd   Thumb Code   158  fopen.o(.text)
    fopen                                    0x0000086b   Thumb Code    74  fopen.o(.text)
    _fclose_internal                         0x000008b9   Thumb Code    76  fclose.o(.text)
    fclose                                   0x000008b9   Thumb Code     0  fclose.o(.text)
    exit                                     0x00000905   Thumb Code    18  exit.o(.text)
    __rt_SIGRTRED                            0x00000917   Thumb Code    14  defsig_rtred_outer.o(.text)
    __user_libspace                          0x00000925   Thumb Code     8  libspace.o(.text)
    __user_perproc_libspace                  0x00000925   Thumb Code     0  libspace.o(.text)
    __user_perthread_libspace                0x00000925   Thumb Code     0  libspace.o(.text)
    __I$use$semihosting                      0x0000092d   Thumb Code     0  use_no_semi.o(.text)
    __use_no_semihosting_swi                 0x0000092d   Thumb Code     2  use_no_semi.o(.text)
    __semihosting_library_function           0x0000092f   Thumb Code     0  indicate_semi.o(.text)
    __rt_heap_descriptor                     0x00000931   Thumb Code     8  rt_heap_descriptor_intlibspace.o(.text)
    __use_no_heap                            0x00000939   Thumb Code     2  hguard.o(.text)
    __heap$guard                             0x0000093b   Thumb Code     2  hguard.o(.text)
    _terminate_user_alloc                    0x0000093d   Thumb Code     2  init_alloc.o(.text)
    _init_user_alloc                         0x0000093f   Thumb Code     2  init_alloc.o(.text)
    __Heap_Full                              0x00000941   Thumb Code    34  init_alloc.o(.text)
    __Heap_Broken                            0x00000963   Thumb Code     6  init_alloc.o(.text)
    _init_alloc                              0x00000969   Thumb Code    94  init_alloc.o(.text)
    malloc                                   0x000009c7   Thumb Code    94  h1_alloc.o(.text)
    _fseek                                   0x00000a25   Thumb Code   242  fseek.o(.text)
    fseek                                    0x00000a25   Thumb Code     0  fseek.o(.text)
    _seterr                                  0x00000b1d   Thumb Code    20  stdio.o(.text)
    _writebuf                                0x00000b31   Thumb Code    84  stdio.o(.text)
    _fflush                                  0x00000b85   Thumb Code    70  stdio.o(.text)
    _deferredlazyseek                        0x00000bcb   Thumb Code    60  stdio.o(.text)
    __sig_exit                               0x00000c0d   Thumb Code    10  defsig_exit.o(.text)
    __rt_SIGRTRED_inner                      0x00000c19   Thumb Code    14  defsig_rtred_inner.o(.text)
    strlen                                   0x00000c4d   Thumb Code    62  strlen.o(.text)
    _sys_exit                                0x00000c8d   Thumb Code     8  sys_exit.o(.text)
    __Heap_Initialize                        0x00000c99   Thumb Code    10  h1_init.o(.text)
    __Heap_DescSize                          0x00000ca3   Thumb Code     4  h1_init.o(.text)
    __Heap_ProvideMemory                     0x00000ca7   Thumb Code    52  h1_extend.o(.text)
    _ftell_internal                          0x00000cdb   Thumb Code    66  ftell.o(.text)
    ftell                                    0x00000cdb   Thumb Code     0  ftell.o(.text)
    __default_signal_display                 0x00000d1d   Thumb Code    50  defsig_general.o(.text)
    __rt_SIGRTMEM                            0x00000d4f   Thumb Code    14  defsig_rtmem_outer.o(.text)
    _ttywrch                                 0x00000d5d   Thumb Code    14  sys_wrch.o(.text)
    __aeabi_errno_addr                       0x00000d6d   Thumb Code     8  rt_errno_addr_intlibspace.o(.text)
    __errno$intlibspace                      0x00000d6d   Thumb Code     0  rt_errno_addr_intlibspace.o(.text)
    __rt_errno_addr$intlibspace              0x00000d6d   Thumb Code     0  rt_errno_addr_intlibspace.o(.text)
    __rt_SIGRTMEM_inner                      0x00000d75   Thumb Code    22  defsig_rtmem_inner.o(.text)
    GPIO_ClrBit                              0x00000dc5   Thumb Code    12  swm320_gpio.o(i.GPIO_ClrBit)
    GPIO_Init                                0x00000dd1   Thumb Code   710  swm320_gpio.o(i.GPIO_Init)
    GPIO_InvBit                              0x000010bd   Thumb Code    12  swm320_gpio.o(i.GPIO_InvBit)
    PLLInit                                  0x000010c9   Thumb Code    78  system_swm320.o(i.PLLInit)
    PORT_Init                                0x00001125   Thumb Code  1596  swm320_port.o(i.PORT_Init)
    SerialInit                               0x0000176d   Thumb Code    98  main.o(i.SerialInit)
    SystemCoreClockUpdate                    0x000017d5   Thumb Code   150  system_swm320.o(i.SystemCoreClockUpdate)
    SystemInit                               0x0000187d   Thumb Code    94  system_swm320.o(i.SystemInit)
    UART0_Handler                            0x000018dd   Thumb Code   130  main.o(i.UART0_Handler)
    UART_Close                               0x00001971   Thumb Code    10  swm320_uart.o(i.UART_Close)
    UART_GetChars                            0x0000197d   Thumb Code   122  main.o(i.UART_GetChars)
    UART_INTRXThresholdStat                  0x00001a05   Thumb Code    10  swm320_uart.o(i.UART_INTRXThresholdStat)
    UART_INTTimeoutStat                      0x00001a0f   Thumb Code    10  swm320_uart.o(i.UART_INTTimeoutStat)
    UART_Init                                0x00001a19   Thumb Code   392  swm320_uart.o(i.UART_Init)
    UART_IsRXFIFOEmpty                       0x00001ba9   Thumb Code    12  swm320_uart.o(i.UART_IsRXFIFOEmpty)
    UART_IsTXBusy                            0x00001bb5   Thumb Code    14  swm320_uart.o(i.UART_IsTXBusy)
    UART_Open                                0x00001bc3   Thumb Code    10  swm320_uart.o(i.UART_Open)
    UART_ReadByte                            0x00001bcd   Thumb Code    24  swm320_uart.o(i.UART_ReadByte)
    UART_WriteByte                           0x00001be5   Thumb Code     4  swm320_uart.o(i.UART_WriteByte)
    fputc                                    0x00001c41   Thumb Code    30  main.o(i.fputc)
    main                                     0x00001c65   Thumb Code    92  main.o(i.main)
    switchCLK_20MHz                          0x00001ccd   Thumb Code    48  system_swm320.o(i.switchCLK_20MHz)
    switchCLK_32KHz                          0x00001d01   Thumb Code    68  system_swm320.o(i.switchCLK_32KHz)
    switchCLK_40MHz                          0x00001d49   Thumb Code    48  system_swm320.o(i.switchCLK_40MHz)
    switchCLK_PLL                            0x00001d7d   Thumb Code    60  system_swm320.o(i.switchCLK_PLL)
    switchCLK_XTAL                           0x00001dbd   Thumb Code    48  system_swm320.o(i.switchCLK_XTAL)
    __stdin_name                             0x00001df0   Data           4  sys_io.o(.constdata)
    __stdout_name                            0x00001df4   Data           4  sys_io.o(.constdata)
    __stderr_name                            0x00001df8   Data           4  sys_io.o(.constdata)
    Region$$Table$$Base                      0x00001dfc   Number         0  anon$$obj.o(Region$$Table)
    Region$$Table$$Limit                     0x00001e1c   Number         0  anon$$obj.o(Region$$Table)
    UART_RXIndex                             0x20000000   Data           4  main.o(.data)
    SystemCoreClock                          0x20000004   Data           4  system_swm320.o(.data)
    CyclesPerUs                              0x20000008   Data           4  system_swm320.o(.data)
    __aeabi_stdin                            0x2000000c   Data           4  stdio_streams.o(.data)
    __aeabi_stdout                           0x20000010   Data           4  stdio_streams.o(.data)
    __aeabi_stderr                           0x20000014   Data           4  stdio_streams.o(.data)
    UART_RXBuffer                            0x20000018   Data         128  main.o(.bss)
    __stdin                                  0x20000098   Data          84  stdio_streams.o(.bss)
    __stdout                                 0x200000ec   Data          84  stdio_streams.o(.bss)
    __stderr                                 0x20000140   Data          84  stdio_streams.o(.bss)
    __libspace_start                         0x20000194   Data          96  libspace.o(.bss)
    __temporary_stack_top$libspace           0x200001f4   Data           0  libspace.o(.bss)



==============================================================================

Memory Map of the image

  Image Entry point : 0x00000149

  Load Region LR_IROM1 (Base: 0x00000000, Size: 0x00001e34, Max: 0x00080000, ABSOLUTE)

    Execution Region ER_IROM1 (Exec base: 0x00000000, Load base: 0x00000000, Size: 0x00001e1c, Max: 0x00080000, ABSOLUTE)

    Exec Addr    Load Addr    Size         Type   Attr      Idx    E Section Name        Object

    0x00000000   0x00000000   0x00000148   Data   RO          525    RESET               startup_swm320.o
    0x00000148   0x00000148   0x00000008   Code   RO         2167  * !!!main             c_w.l(__main.o)
    0x00000150   0x00000150   0x00000034   Code   RO         2486    !!!scatter          c_w.l(__scatter.o)
    0x00000184   0x00000184   0x0000001a   Code   RO         2488    !!handler_copy      c_w.l(__scatter_copy.o)
    0x0000019e   0x0000019e   0x00000002   PAD
    0x000001a0   0x000001a0   0x0000001c   Code   RO         2490    !!handler_zi        c_w.l(__scatter_zi.o)
    0x000001bc   0x000001bc   0x00000000   Code   RO         2158    .ARM.Collect$$_printf_percent$$00000000  c_w.l(_printf_percent.o)
    0x000001bc   0x000001bc   0x00000006   Code   RO         2157    .ARM.Collect$$_printf_percent$$00000013  c_w.l(_printf_c.o)
    0x000001c2   0x000001c2   0x00000004   Code   RO         2174    .ARM.Collect$$_printf_percent$$00000017  c_w.l(_printf_percent_end.o)
    0x000001c6   0x000001c6   0x00000002   Code   RO         2295    .ARM.Collect$$libinit$$00000000  c_w.l(libinit.o)
    0x000001c8   0x000001c8   0x00000000   Code   RO         2297    .ARM.Collect$$libinit$$00000002  c_w.l(libinit2.o)
    0x000001c8   0x000001c8   0x00000000   Code   RO         2299    .ARM.Collect$$libinit$$00000004  c_w.l(libinit2.o)
    0x000001c8   0x000001c8   0x00000008   Code   RO         2300    .ARM.Collect$$libinit$$00000005  c_w.l(libinit2.o)
    0x000001d0   0x000001d0   0x00000000   Code   RO         2302    .ARM.Collect$$libinit$$0000000A  c_w.l(libinit2.o)
    0x000001d0   0x000001d0   0x00000000   Code   RO         2304    .ARM.Collect$$libinit$$0000000C  c_w.l(libinit2.o)
    0x000001d0   0x000001d0   0x00000000   Code   RO         2306    .ARM.Collect$$libinit$$0000000E  c_w.l(libinit2.o)
    0x000001d0   0x000001d0   0x00000000   Code   RO         2309    .ARM.Collect$$libinit$$00000011  c_w.l(libinit2.o)
    0x000001d0   0x000001d0   0x00000000   Code   RO         2311    .ARM.Collect$$libinit$$00000013  c_w.l(libinit2.o)
    0x000001d0   0x000001d0   0x00000000   Code   RO         2313    .ARM.Collect$$libinit$$00000015  c_w.l(libinit2.o)
    0x000001d0   0x000001d0   0x00000000   Code   RO         2315    .ARM.Collect$$libinit$$00000017  c_w.l(libinit2.o)
    0x000001d0   0x000001d0   0x00000000   Code   RO         2317    .ARM.Collect$$libinit$$00000019  c_w.l(libinit2.o)
    0x000001d0   0x000001d0   0x00000000   Code   RO         2319    .ARM.Collect$$libinit$$0000001B  c_w.l(libinit2.o)
    0x000001d0   0x000001d0   0x00000000   Code   RO         2321    .ARM.Collect$$libinit$$0000001D  c_w.l(libinit2.o)
    0x000001d0   0x000001d0   0x00000000   Code   RO         2323    .ARM.Collect$$libinit$$0000001F  c_w.l(libinit2.o)
    0x000001d0   0x000001d0   0x00000000   Code   RO         2325    .ARM.Collect$$libinit$$00000021  c_w.l(libinit2.o)
    0x000001d0   0x000001d0   0x00000000   Code   RO         2327    .ARM.Collect$$libinit$$00000023  c_w.l(libinit2.o)
    0x000001d0   0x000001d0   0x00000004   Code   RO         2328    .ARM.Collect$$libinit$$00000024  c_w.l(libinit2.o)
    0x000001d4   0x000001d4   0x00000000   Code   RO         2329    .ARM.Collect$$libinit$$00000025  c_w.l(libinit2.o)
    0x000001d4   0x000001d4   0x00000000   Code   RO         2333    .ARM.Collect$$libinit$$0000002C  c_w.l(libinit2.o)
    0x000001d4   0x000001d4   0x00000000   Code   RO         2335    .ARM.Collect$$libinit$$0000002E  c_w.l(libinit2.o)
    0x000001d4   0x000001d4   0x00000000   Code   RO         2337    .ARM.Collect$$libinit$$00000030  c_w.l(libinit2.o)
    0x000001d4   0x000001d4   0x00000000   Code   RO         2339    .ARM.Collect$$libinit$$00000032  c_w.l(libinit2.o)
    0x000001d4   0x000001d4   0x00000002   Code   RO         2340    .ARM.Collect$$libinit$$00000033  c_w.l(libinit2.o)
    0x000001d6   0x000001d6   0x00000002   Code   RO         2465    .ARM.Collect$$libshutdown$$00000000  c_w.l(libshutdown.o)
    0x000001d8   0x000001d8   0x00000000   Code   RO         2342    .ARM.Collect$$libshutdown$$00000002  c_w.l(libshutdown2.o)
    0x000001d8   0x000001d8   0x00000004   Code   RO         2343    .ARM.Collect$$libshutdown$$00000003  c_w.l(libshutdown2.o)
    0x000001dc   0x000001dc   0x00000000   Code   RO         2344    .ARM.Collect$$libshutdown$$00000004  c_w.l(libshutdown2.o)
    0x000001dc   0x000001dc   0x00000000   Code   RO         2347    .ARM.Collect$$libshutdown$$00000007  c_w.l(libshutdown2.o)
    0x000001dc   0x000001dc   0x00000000   Code   RO         2350    .ARM.Collect$$libshutdown$$0000000A  c_w.l(libshutdown2.o)
    0x000001dc   0x000001dc   0x00000000   Code   RO         2352    .ARM.Collect$$libshutdown$$0000000C  c_w.l(libshutdown2.o)
    0x000001dc   0x000001dc   0x00000000   Code   RO         2355    .ARM.Collect$$libshutdown$$0000000F  c_w.l(libshutdown2.o)
    0x000001dc   0x000001dc   0x00000002   Code   RO         2356    .ARM.Collect$$libshutdown$$00000010  c_w.l(libshutdown2.o)
    0x000001de   0x000001de   0x00000000   Code   RO         2169    .ARM.Collect$$rtentry$$00000000  c_w.l(__rtentry.o)
    0x000001de   0x000001de   0x00000000   Code   RO         2182    .ARM.Collect$$rtentry$$00000002  c_w.l(__rtentry2.o)
    0x000001de   0x000001de   0x00000006   Code   RO         2194    .ARM.Collect$$rtentry$$00000004  c_w.l(__rtentry4.o)
    0x000001e4   0x000001e4   0x00000000   Code   RO         2184    .ARM.Collect$$rtentry$$00000009  c_w.l(__rtentry2.o)
    0x000001e4   0x000001e4   0x00000004   Code   RO         2185    .ARM.Collect$$rtentry$$0000000A  c_w.l(__rtentry2.o)
    0x000001e8   0x000001e8   0x00000000   Code   RO         2187    .ARM.Collect$$rtentry$$0000000C  c_w.l(__rtentry2.o)
    0x000001e8   0x000001e8   0x00000008   Code   RO         2188    .ARM.Collect$$rtentry$$0000000D  c_w.l(__rtentry2.o)
    0x000001f0   0x000001f0   0x00000002   Code   RO         2363    .ARM.Collect$$rtexit$$00000000  c_w.l(rtexit.o)
    0x000001f2   0x000001f2   0x00000000   Code   RO         2411    .ARM.Collect$$rtexit$$00000002  c_w.l(rtexit2.o)
    0x000001f2   0x000001f2   0x00000004   Code   RO         2412    .ARM.Collect$$rtexit$$00000003  c_w.l(rtexit2.o)
    0x000001f6   0x000001f6   0x00000006   Code   RO         2413    .ARM.Collect$$rtexit$$00000004  c_w.l(rtexit2.o)
    0x000001fc   0x000001fc   0x00000000   Code   RO         2417    .emb_text           c_w.l(maybetermalloc1.o)
    0x000001fc   0x000001fc   0x000000b8   Code   RO          526    .text               startup_swm320.o
    0x000002b4   0x000002b4   0x00000018   Code   RO         2131    .text               c_w.l(noretval__2printf.o)
    0x000002cc   0x000002cc   0x00000068   Code   RO         2133    .text               c_w.l(__printf.o)
    0x00000334   0x00000334   0x00000052   Code   RO         2135    .text               c_w.l(_printf_str.o)
    0x00000386   0x00000386   0x0000008a   Code   RO         2159    .text               c_w.l(rt_memcpy_v6.o)
    0x00000410   0x00000410   0x00000064   Code   RO         2161    .text               c_w.l(rt_memcpy_w.o)
    0x00000474   0x00000474   0x0000004e   Code   RO         2163    .text               c_w.l(rt_memclr_w.o)
    0x000004c2   0x000004c2   0x00000006   Code   RO         2165    .text               c_w.l(heapauxi.o)
    0x000004c8   0x000004c8   0x0000002c   Code   RO         2170    .text               c_w.l(_printf_char.o)
    0x000004f4   0x000004f4   0x00000024   Code   RO         2172    .text               c_w.l(_printf_char_file.o)
    0x00000518   0x00000518   0x00000030   Code   RO         2196    .text               c_w.l(_printf_char_common.o)
    0x00000548   0x00000548   0x00000008   Code   RO         2198    .text               c_w.l(ferror.o)
    0x00000550   0x00000550   0x00000138   Code   RO         2200    .text               c_w.l(initio.o)
    0x00000688   0x00000688   0x00000066   Code   RO         2206    .text               c_w.l(sys_io.o)
    0x000006ee   0x000006ee   0x0000004a   Code   RO         2213    .text               c_w.l(sys_stackheap_outer.o)
    0x00000738   0x00000738   0x0000004e   Code   RO         2217    .text               c_w.l(h1_free.o)
    0x00000786   0x00000786   0x00000046   Code   RO         2273    .text               c_w.l(setvbuf.o)
    0x000007cc   0x000007cc   0x000000ec   Code   RO         2276    .text               c_w.l(fopen.o)
    0x000008b8   0x000008b8   0x0000004c   Code   RO         2278    .text               c_w.l(fclose.o)
    0x00000904   0x00000904   0x00000012   Code   RO         2284    .text               c_w.l(exit.o)
    0x00000916   0x00000916   0x0000000e   Code   RO         2286    .text               c_w.l(defsig_rtred_outer.o)
    0x00000924   0x00000924   0x00000008   Code   RO         2357    .text               c_w.l(libspace.o)
    0x0000092c   0x0000092c   0x00000002   Code   RO         2360    .text               c_w.l(use_no_semi.o)
    0x0000092e   0x0000092e   0x00000000   Code   RO         2362    .text               c_w.l(indicate_semi.o)
    0x0000092e   0x0000092e   0x00000002   PAD
    0x00000930   0x00000930   0x00000008   Code   RO         2370    .text               c_w.l(rt_heap_descriptor_intlibspace.o)
    0x00000938   0x00000938   0x00000004   Code   RO         2372    .text               c_w.l(hguard.o)
    0x0000093c   0x0000093c   0x0000008a   Code   RO         2374    .text               c_w.l(init_alloc.o)
    0x000009c6   0x000009c6   0x0000005e   Code   RO         2380    .text               c_w.l(h1_alloc.o)
    0x00000a24   0x00000a24   0x000000f8   Code   RO         2394    .text               c_w.l(fseek.o)
    0x00000b1c   0x00000b1c   0x000000f0   Code   RO         2396    .text               c_w.l(stdio.o)
    0x00000c0c   0x00000c0c   0x0000000a   Code   RO         2398    .text               c_w.l(defsig_exit.o)
    0x00000c16   0x00000c16   0x00000002   PAD
    0x00000c18   0x00000c18   0x00000034   Code   RO         2400    .text               c_w.l(defsig_rtred_inner.o)
    0x00000c4c   0x00000c4c   0x0000003e   Code   RO         2402    .text               c_w.l(strlen.o)
    0x00000c8a   0x00000c8a   0x00000002   PAD
    0x00000c8c   0x00000c8c   0x0000000c   Code   RO         2408    .text               c_w.l(sys_exit.o)
    0x00000c98   0x00000c98   0x0000000e   Code   RO         2419    .text               c_w.l(h1_init.o)
    0x00000ca6   0x00000ca6   0x00000034   Code   RO         2421    .text               c_w.l(h1_extend.o)
    0x00000cda   0x00000cda   0x00000042   Code   RO         2427    .text               c_w.l(ftell.o)
    0x00000d1c   0x00000d1c   0x00000032   Code   RO         2431    .text               c_w.l(defsig_general.o)
    0x00000d4e   0x00000d4e   0x0000000e   Code   RO         2433    .text               c_w.l(defsig_rtmem_outer.o)
    0x00000d5c   0x00000d5c   0x0000000e   Code   RO         2446    .text               c_w.l(sys_wrch.o)
    0x00000d6a   0x00000d6a   0x00000002   PAD
    0x00000d6c   0x00000d6c   0x00000008   Code   RO         2453    .text               c_w.l(rt_errno_addr_intlibspace.o)
    0x00000d74   0x00000d74   0x00000050   Code   RO         2459    .text               c_w.l(defsig_rtmem_inner.o)
    0x00000dc4   0x00000dc4   0x0000000c   Code   RO          212    i.GPIO_ClrBit       swm320_gpio.o
    0x00000dd0   0x00000dd0   0x000002ec   Code   RO          216    i.GPIO_Init         swm320_gpio.o
    0x000010bc   0x000010bc   0x0000000c   Code   RO          217    i.GPIO_InvBit       swm320_gpio.o
    0x000010c8   0x000010c8   0x0000005c   Code   RO          533    i.PLLInit           system_swm320.o
    0x00001124   0x00001124   0x00000648   Code   RO         1318    i.PORT_Init         swm320_port.o
    0x0000176c   0x0000176c   0x00000068   Code   RO            4    i.SerialInit        main.o
    0x000017d4   0x000017d4   0x000000a8   Code   RO          534    i.SystemCoreClockUpdate  system_swm320.o
    0x0000187c   0x0000187c   0x0000005e   Code   RO          535    i.SystemInit        system_swm320.o
    0x000018da   0x000018da   0x00000002   PAD
    0x000018dc   0x000018dc   0x00000094   Code   RO            5    i.UART0_Handler     main.o
    0x00001970   0x00001970   0x0000000a   Code   RO         1854    i.UART_Close        swm320_uart.o
    0x0000197a   0x0000197a   0x00000002   PAD
    0x0000197c   0x0000197c   0x00000088   Code   RO            6    i.UART_GetChars     main.o
    0x00001a04   0x00001a04   0x0000000a   Code   RO         1858    i.UART_INTRXThresholdStat  swm320_uart.o
    0x00001a0e   0x00001a0e   0x0000000a   Code   RO         1867    i.UART_INTTimeoutStat  swm320_uart.o
    0x00001a18   0x00001a18   0x00000190   Code   RO         1868    i.UART_Init         swm320_uart.o
    0x00001ba8   0x00001ba8   0x0000000c   Code   RO         1869    i.UART_IsRXFIFOEmpty  swm320_uart.o
    0x00001bb4   0x00001bb4   0x0000000e   Code   RO         1870    i.UART_IsTXBusy     swm320_uart.o
    0x00001bc2   0x00001bc2   0x0000000a   Code   RO         1876    i.UART_Open         swm320_uart.o
    0x00001bcc   0x00001bcc   0x00000018   Code   RO         1879    i.UART_ReadByte     swm320_uart.o
    0x00001be4   0x00001be4   0x00000004   Code   RO         1881    i.UART_WriteByte    swm320_uart.o
    0x00001be8   0x00001be8   0x0000003c   Code   RO         1882    i.__NVIC_DisableIRQ  swm320_uart.o
    0x00001c24   0x00001c24   0x0000001a   Code   RO         1883    i.__NVIC_EnableIRQ  swm320_uart.o
    0x00001c3e   0x00001c3e   0x00000002   PAD
    0x00001c40   0x00001c40   0x00000024   Code   RO            7    i.fputc             main.o
    0x00001c64   0x00001c64   0x00000068   Code   RO            8    i.main              main.o
    0x00001ccc   0x00001ccc   0x00000034   Code   RO          536    i.switchCLK_20MHz   system_swm320.o
    0x00001d00   0x00001d00   0x00000048   Code   RO          537    i.switchCLK_32KHz   system_swm320.o
    0x00001d48   0x00001d48   0x00000034   Code   RO          538    i.switchCLK_40MHz   system_swm320.o
    0x00001d7c   0x00001d7c   0x00000040   Code   RO          539    i.switchCLK_PLL     system_swm320.o
    0x00001dbc   0x00001dbc   0x00000034   Code   RO          540    i.switchCLK_XTAL    system_swm320.o
    0x00001df0   0x00001df0   0x00000004   Data   RO         2207    .constdata          c_w.l(sys_io.o)
    0x00001df4   0x00001df4   0x00000004   Data   RO         2208    .constdata          c_w.l(sys_io.o)
    0x00001df8   0x00001df8   0x00000004   Data   RO         2209    .constdata          c_w.l(sys_io.o)
    0x00001dfc   0x00001dfc   0x00000020   Data   RO         2484    Region$$Table       anon$$obj.o


    Execution Region RW_IRAM1 (Exec base: 0x20000000, Load base: 0x00001e1c, Size: 0x000007f8, Max: 0x00020000, ABSOLUTE)

    Exec Addr    Load Addr    Size         Type   Attr      Idx    E Section Name        Object

    0x20000000   0x00001e1c   0x00000004   Data   RW           10    .data               main.o
    0x20000004   0x00001e20   0x00000008   Data   RW          541    .data               system_swm320.o
    0x2000000c   0x00001e28   0x00000004   Data   RW         2178    .data               c_w.l(stdio_streams.o)
    0x20000010   0x00001e2c   0x00000004   Data   RW         2179    .data               c_w.l(stdio_streams.o)
    0x20000014   0x00001e30   0x00000004   Data   RW         2180    .data               c_w.l(stdio_streams.o)
    0x20000018        -       0x00000080   Zero   RW            9    .bss                main.o
    0x20000098        -       0x00000054   Zero   RW         2175    .bss                c_w.l(stdio_streams.o)
    0x200000ec        -       0x00000054   Zero   RW         2176    .bss                c_w.l(stdio_streams.o)
    0x20000140        -       0x00000054   Zero   RW         2177    .bss                c_w.l(stdio_streams.o)
    0x20000194        -       0x00000060   Zero   RW         2358    .bss                c_w.l(libspace.o)
    0x200001f4   0x00001e34   0x00000004   PAD
    0x200001f8        -       0x00000200   Zero   RW          524    HEAP                startup_swm320.o
    0x200003f8        -       0x00000400   Zero   RW          523    STACK               startup_swm320.o


==============================================================================

Image component sizes


      Code (inc. data)   RO Data    RW Data    ZI Data      Debug   Object Name

       528         56          0          4        128     153788   main.o
       184         22        328          0       1536       3352   startup_swm320.o
       772         38          0          0          0       2824   swm320_gpio.o
      1608         30          0          0          0       1296   swm320_port.o
         0          0          0          0          0      29643   swm320_spi.o
       580         14          0          0          0       7367   swm320_uart.o
       646         58          0          8          0       4160   system_swm320.o

    ----------------------------------------------------------------------
      4324        218        360         12       1664     202430   Object Totals
         0          0         32          0          0          0   (incl. Generated)
         6          0          0          0          0          0   (incl. Padding)

    ----------------------------------------------------------------------

      Code (inc. data)   RO Data    RW Data    ZI Data      Debug   Library Member Name

         8          0          0          0          0         68   __main.o
       104          0          0          0          0         84   __printf.o
         0          0          0          0          0          0   __rtentry.o
        12          0          0          0          0          0   __rtentry2.o
         6          0          0          0          0          0   __rtentry4.o
        52          8          0          0          0          0   __scatter.o
        26          0          0          0          0          0   __scatter_copy.o
        28          0          0          0          0          0   __scatter_zi.o
         6          0          0          0          0          0   _printf_c.o
        44          0          0          0          0        108   _printf_char.o
        48          6          0          0          0         96   _printf_char_common.o
        36          4          0          0          0         80   _printf_char_file.o
         0          0          0          0          0          0   _printf_percent.o
         4          0          0          0          0          0   _printf_percent_end.o
        82          0          0          0          0         80   _printf_str.o
        10          0          0          0          0         68   defsig_exit.o
        50          0          0          0          0         88   defsig_general.o
        80         58          0          0          0         76   defsig_rtmem_inner.o
        14          0          0          0          0         80   defsig_rtmem_outer.o
        52         38          0          0          0         76   defsig_rtred_inner.o
        14          0          0          0          0         80   defsig_rtred_outer.o
        18          0          0          0          0         80   exit.o
        76          0          0          0          0         88   fclose.o
         8          0          0          0          0         68   ferror.o
       236          4          0          0          0        128   fopen.o
       248          6          0          0          0         84   fseek.o
        66          0          0          0          0         76   ftell.o
        94          0          0          0          0         80   h1_alloc.o
        52          0          0          0          0         68   h1_extend.o
        78          0          0          0          0         80   h1_free.o
        14          0          0          0          0         84   h1_init.o
         6          0          0          0          0        152   heapauxi.o
         4          0          0          0          0        136   hguard.o
         0          0          0          0          0          0   indicate_semi.o
       138          0          0          0          0        168   init_alloc.o
       312         46          0          0          0        112   initio.o
         2          0          0          0          0          0   libinit.o
        14          0          0          0          0          0   libinit2.o
         2          0          0          0          0          0   libshutdown.o
         6          0          0          0          0          0   libshutdown2.o
         8          4          0          0         96         68   libspace.o
         0          0          0          0          0          0   maybetermalloc1.o
        24          4          0          0          0         84   noretval__2printf.o
         8          4          0          0          0         68   rt_errno_addr_intlibspace.o
         8          4          0          0          0         68   rt_heap_descriptor_intlibspace.o
        78          0          0          0          0         80   rt_memclr_w.o
       138          0          0          0          0         68   rt_memcpy_v6.o
       100          0          0          0          0         80   rt_memcpy_w.o
         2          0          0          0          0          0   rtexit.o
        10          0          0          0          0          0   rtexit2.o
        70          0          0          0          0         80   setvbuf.o
       240          6          0          0          0        156   stdio.o
         0          0          0         12        252          0   stdio_streams.o
        62          0          0          0          0         76   strlen.o
        12          4          0          0          0         68   sys_exit.o
       102          0         12          0          0        240   sys_io.o
        74          0          0          0          0         80   sys_stackheap_outer.o
        14          0          0          0          0         76   sys_wrch.o
         2          0          0          0          0         68   use_no_semi.o

    ----------------------------------------------------------------------
      3012        196         12         12        352       3748   Library Totals
        10          0          0          0          4          0   (incl. Padding)

    ----------------------------------------------------------------------

      Code (inc. data)   RO Data    RW Data    ZI Data      Debug   Library Name

      3002        196         12         12        348       3748   c_w.l

    ----------------------------------------------------------------------
      3012        196         12         12        352       3748   Library Totals

    ----------------------------------------------------------------------

==============================================================================


      Code (inc. data)   RO Data    RW Data    ZI Data      Debug   

      7336        414        372         24       2016     202898   Grand Totals
      7336        414        372         24       2016     202898   ELF Image Totals
      7336        414        372         24          0          0   ROM Totals

==============================================================================

    Total RO  Size (Code + RO Data)                 7708 (   7.53kB)
    Total RW  Size (RW Data + ZI Data)              2040 (   1.99kB)
    Total ROM Size (Code + RO Data + RW Data)       7732 (   7.55kB)

==============================================================================

